Archive member included because of file (symbol)

/home/maciek/gcc-arm-none-eabi/gcc-arm-none-eabi-4_7-2013q1/bin/../lib/gcc/arm-none-eabi/4.7.3/../../../../arm-none-eabi/lib/armv7-m/libstdc++.a(atexit_arm.o)
                              out/command.o (__aeabi_atexit)
/home/maciek/gcc-arm-none-eabi/gcc-arm-none-eabi-4_7-2013q1/bin/../lib/gcc/arm-none-eabi/4.7.3/../../../../arm-none-eabi/lib/armv7-m/libstdc++.a(list.o)
                              out/command.o (std::__detail::_List_node_base::_M_hook(std::__detail::_List_node_base*))
/home/maciek/gcc-arm-none-eabi/gcc-arm-none-eabi-4_7-2013q1/bin/../lib/gcc/arm-none-eabi/4.7.3/../../../../arm-none-eabi/lib/armv7-m/libg.a(lib_a-__atexit.o)
                              /home/maciek/gcc-arm-none-eabi/gcc-arm-none-eabi-4_7-2013q1/bin/../lib/gcc/arm-none-eabi/4.7.3/../../../../arm-none-eabi/lib/armv7-m/crt0.o (__register_exitproc)
/home/maciek/gcc-arm-none-eabi/gcc-arm-none-eabi-4_7-2013q1/bin/../lib/gcc/arm-none-eabi/4.7.3/../../../../arm-none-eabi/lib/armv7-m/libg.a(lib_a-cxa_atexit.o)
                              /home/maciek/gcc-arm-none-eabi/gcc-arm-none-eabi-4_7-2013q1/bin/../lib/gcc/arm-none-eabi/4.7.3/../../../../arm-none-eabi/lib/armv7-m/libstdc++.a(atexit_arm.o) (__cxa_atexit)
/home/maciek/gcc-arm-none-eabi/gcc-arm-none-eabi-4_7-2013q1/bin/../lib/gcc/arm-none-eabi/4.7.3/../../../../arm-none-eabi/lib/armv7-m/libg.a(lib_a-exit.o)
                              /home/maciek/gcc-arm-none-eabi/gcc-arm-none-eabi-4_7-2013q1/bin/../lib/gcc/arm-none-eabi/4.7.3/../../../../arm-none-eabi/lib/armv7-m/crt0.o (exit)
/home/maciek/gcc-arm-none-eabi/gcc-arm-none-eabi-4_7-2013q1/bin/../lib/gcc/arm-none-eabi/4.7.3/../../../../arm-none-eabi/lib/armv7-m/libg.a(lib_a-fini.o)
                              /home/maciek/gcc-arm-none-eabi/gcc-arm-none-eabi-4_7-2013q1/bin/../lib/gcc/arm-none-eabi/4.7.3/../../../../arm-none-eabi/lib/armv7-m/crt0.o (__libc_fini_array)
/home/maciek/gcc-arm-none-eabi/gcc-arm-none-eabi-4_7-2013q1/bin/../lib/gcc/arm-none-eabi/4.7.3/../../../../arm-none-eabi/lib/armv7-m/libg.a(lib_a-impure.o)
                              /home/maciek/gcc-arm-none-eabi/gcc-arm-none-eabi-4_7-2013q1/bin/../lib/gcc/arm-none-eabi/4.7.3/../../../../arm-none-eabi/lib/armv7-m/libg.a(lib_a-__atexit.o) (_global_impure_ptr)
/home/maciek/gcc-arm-none-eabi/gcc-arm-none-eabi-4_7-2013q1/bin/../lib/gcc/arm-none-eabi/4.7.3/../../../../arm-none-eabi/lib/armv7-m/libg.a(lib_a-init.o)
                              /home/maciek/gcc-arm-none-eabi/gcc-arm-none-eabi-4_7-2013q1/bin/../lib/gcc/arm-none-eabi/4.7.3/../../../../arm-none-eabi/lib/armv7-m/crt0.o (__libc_init_array)
/home/maciek/gcc-arm-none-eabi/gcc-arm-none-eabi-4_7-2013q1/bin/../lib/gcc/arm-none-eabi/4.7.3/../../../../arm-none-eabi/lib/armv7-m/libg.a(lib_a-malloc.o)
                              out/heap_3.o (malloc)
/home/maciek/gcc-arm-none-eabi/gcc-arm-none-eabi-4_7-2013q1/bin/../lib/gcc/arm-none-eabi/4.7.3/../../../../arm-none-eabi/lib/armv7-m/libg.a(lib_a-mallocr.o)
                              /home/maciek/gcc-arm-none-eabi/gcc-arm-none-eabi-4_7-2013q1/bin/../lib/gcc/arm-none-eabi/4.7.3/../../../../arm-none-eabi/lib/armv7-m/libg.a(lib_a-malloc.o) (_malloc_r)
/home/maciek/gcc-arm-none-eabi/gcc-arm-none-eabi-4_7-2013q1/bin/../lib/gcc/arm-none-eabi/4.7.3/../../../../arm-none-eabi/lib/armv7-m/libg.a(lib_a-memcpy.o)
                              out/queue.o (memcpy)
/home/maciek/gcc-arm-none-eabi/gcc-arm-none-eabi-4_7-2013q1/bin/../lib/gcc/arm-none-eabi/4.7.3/../../../../arm-none-eabi/lib/armv7-m/libg.a(lib_a-memset.o)
                              /home/maciek/gcc-arm-none-eabi/gcc-arm-none-eabi-4_7-2013q1/bin/../lib/gcc/arm-none-eabi/4.7.3/../../../../arm-none-eabi/lib/armv7-m/crt0.o (memset)
/home/maciek/gcc-arm-none-eabi/gcc-arm-none-eabi-4_7-2013q1/bin/../lib/gcc/arm-none-eabi/4.7.3/../../../../arm-none-eabi/lib/armv7-m/libg.a(lib_a-mlock.o)
                              /home/maciek/gcc-arm-none-eabi/gcc-arm-none-eabi-4_7-2013q1/bin/../lib/gcc/arm-none-eabi/4.7.3/../../../../arm-none-eabi/lib/armv7-m/libg.a(lib_a-mallocr.o) (__malloc_lock)
/home/maciek/gcc-arm-none-eabi/gcc-arm-none-eabi-4_7-2013q1/bin/../lib/gcc/arm-none-eabi/4.7.3/../../../../arm-none-eabi/lib/armv7-m/libg.a(lib_a-reent.o)
                              out/syscalls.o (errno)
/home/maciek/gcc-arm-none-eabi/gcc-arm-none-eabi-4_7-2013q1/bin/../lib/gcc/arm-none-eabi/4.7.3/../../../../arm-none-eabi/lib/armv7-m/libg.a(lib_a-strcat.o)
                              out/tasks.o (strcat)
/home/maciek/gcc-arm-none-eabi/gcc-arm-none-eabi-4_7-2013q1/bin/../lib/gcc/arm-none-eabi/4.7.3/../../../../arm-none-eabi/lib/armv7-m/libg.a(lib_a-strcpy.o)
                              /home/maciek/gcc-arm-none-eabi/gcc-arm-none-eabi-4_7-2013q1/bin/../lib/gcc/arm-none-eabi/4.7.3/../../../../arm-none-eabi/lib/armv7-m/libg.a(lib_a-strcat.o) (strcpy)
[...]
Memory Configuration

Name             Origin             Length             Attributes
rom              0x08000000         0x00020000         xr
eeprom           0x08080000         0x00001000         r
ram              0x20000000         0x00004000         xrw
*default*        0x00000000         0xffffffff

Linker script and memory map

LOAD /home/maciek/gcc-arm-none-eabi/gcc-arm-none-eabi-4_7-2013q1/bin/../lib/gcc/arm-none-eabi/4.7.3/armv7-m/crti.o
LOAD /home/maciek/gcc-arm-none-eabi/gcc-arm-none-eabi-4_7-2013q1/bin/../lib/gcc/arm-none-eabi/4.7.3/armv7-m/crtbegin.o
LOAD /home/maciek/gcc-arm-none-eabi/gcc-arm-none-eabi-4_7-2013q1/bin/../lib/gcc/arm-none-eabi/4.7.3/../../../../arm-none-eabi/lib/armv7-m/crt0.o
LOAD out/startup_ARMv7-M_E_.o
LOAD out/printf-stdarg.o
LOAD out/syscalls.o
LOAD out/vectors_STM32L1xx_md.o
LOAD out/croutine.o
LOAD out/list.o
LOAD out/queue.o
LOAD out/tasks.o
LOAD out/timers.o
LOAD out/port.o
LOAD out/heap_3.o
LOAD out/ff.o
LOAD out/syscall.o
LOAD out/main.o
LOAD out/overrides.o
LOAD out/mmc.o
LOAD out/command.o
LOAD out/gpio.o
LOAD out/helper.o
LOAD out/i2c.o
LOAD out/rcc.o
LOAD out/serial.o
LOAD out/spi.o
LOAD out/usart.o
LOAD /home/maciek/gcc-arm-none-eabi/gcc-arm-none-eabi-4_7-2013q1/bin/../lib/gcc/arm-none-eabi/4.7.3/../../../../arm-none-eabi/lib/armv7-m/libstdc++.a
LOAD /home/maciek/gcc-arm-none-eabi/gcc-arm-none-eabi-4_7-2013q1/bin/../lib/gcc/arm-none-eabi/4.7.3/../../../../arm-none-eabi/lib/armv7-m/libm.a
START GROUP
LOAD /home/maciek/gcc-arm-none-eabi/gcc-arm-none-eabi-4_7-2013q1/bin/../lib/gcc/arm-none-eabi/4.7.3/armv7-m/libgcc.a
LOAD /home/maciek/gcc-arm-none-eabi/gcc-arm-none-eabi-4_7-2013q1/bin/../lib/gcc/arm-none-eabi/4.7.3/../../../../arm-none-eabi/lib/armv7-m/libg.a
LOAD /home/maciek/gcc-arm-none-eabi/gcc-arm-none-eabi-4_7-2013q1/bin/../lib/gcc/arm-none-eabi/4.7.3/../../../../arm-none-eabi/lib/armv7-m/libc.a
END GROUP
LOAD /home/maciek/gcc-arm-none-eabi/gcc-arm-none-eabi-4_7-2013q1/bin/../lib/gcc/arm-none-eabi/4.7.3/armv7-m/crtend.o
LOAD /home/maciek/gcc-arm-none-eabi/gcc-arm-none-eabi-4_7-2013q1/bin/../lib/gcc/arm-none-eabi/4.7.3/armv7-m/crtn.o
                0x00000400                __main_stack_size = 0x400
                0x00000400                __process_stack_size = 0x400
                [0x00000400]                PROVIDE (__main_stack_size, __main_stack_size)
                [0x00000400]                PROVIDE (__process_stack_size, __process_stack_size)
                0x08000000                __rom_start = ORIGIN (rom)
                0x00020000                __rom_size = 0x20000
                0x08020000                __rom_end = (__rom_start + __rom_size)
                [0x08000000]                PROVIDE (__rom_start, __rom_start)
                [0x00020000]                PROVIDE (__rom_size, __rom_size)
                [0x08020000]                PROVIDE (__rom_end, __rom_end)
                0x08080000                __eeprom_start = ORIGIN (eeprom)
                0x00001000                __eeprom_size = 0x1000
                0x08081000                __eeprom_end = (__eeprom_start + __eeprom_size)
                [0x08080000]                PROVIDE (__eeprom_start, __eeprom_start)
                [0x00001000]                PROVIDE (__eeprom_size, __eeprom_size)
                [0x08081000]                PROVIDE (__eeprom_end, __eeprom_end)
                0x20000000                __ram_start = ORIGIN (ram)
                0x00004000                __ram_size = 0x4000
                0x20004000                __ram_end = (__ram_start + __ram_size)
                [0x20000000]                PROVIDE (__ram_start, __ram_start)
                [0x00004000]                PROVIDE (__ram_size, __ram_size)
                [0x20004000]                PROVIDE (__ram_end, __ram_end)

.text           0x08000000     0x1684
                0x08000000                . = ALIGN (0x4)
                0x08000000                __text_start = .
                [0x08000000]                PROVIDE (__text_start, __text_start)
                0x08000000                . = ALIGN (0x4)
                0x08000000                __vectors_start = .
                [0x08000000]                PROVIDE (__vectors_start, __vectors_start)
                0x08000000                . = ALIGN (0x4)
 *(.vectors)
 .vectors       0x08000000       0xf4 out/vectors_STM32L1xx_md.o
                0x08000000                vectors
                0x080000f4                . = ALIGN (0x4)
                0x080000f4                __vectors_end = .
                [0x080000f4]                PROVIDE (__vectors_end, __vectors_end)
                0x080000f4                . = ALIGN (0x4)
 *(.text .text.* .gnu.linkonce.t.*)
 .text          0x080000f4       0x54 /home/maciek/gcc-arm-none-eabi/gcc-arm-none-eabi-4_7-2013q1/bin/../lib/gcc/arm-none-eabi/4.7.3/armv7-m/crtbegin.o
 .text          0x08000148       0x98 out/startup_ARMv7-M_E_.o
                0x08000148                Reset_Handler
                0x080001b4                __default_low_level_init
                0x080001b4                low_level_init_1
                0x080001b4                low_level_init_0
 .text._sbrk_r  0x080001e0       0x28 out/syscalls.o
                0x080001e0                _sbrk_r
 .text.__Default_Handler
                0x08000208        0xa out/vectors_STM32L1xx_md.o
                0x08000208                RTC_Alarm_IRQHandler
                0x08000208                EXTI2_IRQHandler
                0x08000208                DebugMon_Handler
                0x08000208                HardFault_Handler
                0x08000208                TIM10_IRQHandler
                0x08000208                USB_HP_IRQHandler
                0x08000208                PVD_IRQHandler
                0x08000208                __Reserved_0x1C_Handler
                0x08000208                NMI_Handler
                0x08000208                EXTI3_IRQHandler
                0x08000208                __Default_Handler
                0x08000208                __Reserved_0x20_Handler
                0x08000208                EXTI0_IRQHandler
                0x08000208                I2C2_EV_IRQHandler
                0x08000208                UsageFault_Handler
                0x08000208                SPI1_IRQHandler
                0x08000208                USB_FS_WKUP_IRQHandler
                0x08000208                ADC1_IRQHandler
                0x08000208                USART3_IRQHandler
                0x08000208                DMA1_Channel7_IRQHandler
                0x08000208                LCD_IRQHandler
                0x08000208                TIM4_IRQHandler
                0x08000208                __Reserved_0x34_Handler
                0x08000208                I2C1_EV_IRQHandler
                0x08000208                DMA1_Channel6_IRQHandler
                0x08000208                TIM3_IRQHandler
                0x08000208                RCC_IRQHandler
                0x08000208                DMA1_Channel1_IRQHandler
                0x08000208                EXTI15_10_IRQHandler
                0x08000208                TIM7_IRQHandler
                0x08000208                __Reserved_0x28_Handler
                0x08000208                EXTI9_5_IRQHandler
                0x08000208                TIM9_IRQHandler
                0x08000208                TAMPER_STAMP_IRQHandler
                0x08000208                RTC_WKUP_IRQHandler
                0x08000208                SPI2_IRQHandler
                0x08000208                MemManage_Handler
                0x08000208                __Reserved_0x24_Handler
                0x08000208                DMA1_Channel5_IRQHandler
                0x08000208                USB_LP_IRQHandler
                0x08000208                EXTI4_IRQHandler
                0x08000208                DMA1_Channel3_IRQHandler
                0x08000208                COMP_IRQHandler
                0x08000208                WWDG_IRQHandler
                0x08000208                TIM2_IRQHandler
                0x08000208                DAC_IRQHandler
                0x08000208                EXTI1_IRQHandler
                0x08000208                TIM11_IRQHandler
                0x08000208                USART2_IRQHandler
                0x08000208                I2C2_ER_IRQHandler
                0x08000208                DMA1_Channel2_IRQHandler
                0x08000208                FLASH_IRQHandler
                0x08000208                BusFault_Handler
                0x08000208                I2C1_ER_IRQHandler
 .text.vListInsertEnd
                0x08000212       0x1a out/list.o
                0x08000212                vListInsertEnd
 .text.vListRemove
                0x0800022c       0x20 out/list.o
                0x0800022c                vListRemove
 .text.prvCopyDataToQueue
                0x0800024c       0x58 out/queue.o
 .text.xQueueGenericSendFromISR
                0x080002a4       0x52 out/queue.o
                0x080002a4                xQueueGenericSendFromISR
 *fill*         0x080002f6        0x2 00
 .text.vTaskSuspendAll
                0x080002f8       0x10 out/tasks.o
                0x080002f8                vTaskSuspendAll
 .text.vTaskIncrementTick
                0x08000308       0xd4 out/tasks.o
                0x08000308                vTaskIncrementTick
 .text.xTaskResumeAll
                0x080003dc       0xc0 out/tasks.o
                0x080003dc                xTaskResumeAll
 .text.vTaskSwitchContext
                0x0800049c       0x84 out/tasks.o
                0x0800049c                vTaskSwitchContext
 .text.xTaskRemoveFromEventList
                0x08000520       0x64 out/tasks.o
                0x08000520                xTaskRemoveFromEventList
 .text.vTaskPriorityDisinherit
                0x08000584       0x48 out/tasks.o
                0x08000584                vTaskPriorityDisinherit
 .text.SVC_Handler
                0x080005cc       0x20 out/port.o
                0x080005cc                SVC_Handler
 .text.vPortYieldFromISR
                0x080005ec       0x10 out/port.o
                0x080005ec                vPortYieldFromISR
 .text.vPortEnterCritical
                0x080005fc       0x18 out/port.o
                0x080005fc                vPortEnterCritical
 .text.vPortExitCritical
                0x08000614       0x18 out/port.o
                0x08000614                vPortExitCritical
 .text.PendSV_Handler
                0x0800062c       0x3c out/port.o
                0x0800062c                PendSV_Handler
 .text.SysTick_Handler
                0x08000668       0x24 out/port.o
                0x08000668                SysTick_Handler
 .text.pvPortMalloc
                0x0800068c       0x18 out/heap_3.o
                0x0800068c                pvPortMalloc
 .text.vPortFree
                0x080006a4       0x1a out/heap_3.o
                0x080006a4                vPortFree
 *fill*         0x080006be        0x2 00
 .text.startup.main
                0x080006c0       0x5c out/main.o
                0x080006c0                main
 .text.startup._GLOBAL__sub_I_danaZMSP
                0x0800071c       0x14 out/main.o
 .text._Znwj    0x08000730        0x4 out/overrides.o
                0x08000730                operator new(unsigned int)
 .text._ZdlPv   0x08000734        0x8 out/overrides.o
                0x08000734                operator delete(void*)
 .text._ZL12_helpHandlerPPKcmPcj
                0x0800073c       0x48 out/command.o
 .text._ZNSt4listIPK17CommandDefinitionSaIS2_EED2Ev
                0x08000784       0x16 out/command.o
                0x08000784                std::list<CommandDefinition const*, std::allocator<CommandDefinition const*> >::~list()
                0x08000784                std::list<CommandDefinition const*, std::allocator<CommandDefinition const*> >::~list()
 .text._ZNSt4listIPK17CommandDefinitionSaIS2_EE9_M_insertIIRKS2_EEEvSt14_List_iteratorIS2_EDpOT_
                0x0800079a       0x22 out/command.o
                0x0800079a                _ZNSt4listIPK17CommandDefinitionSaIS2_EE9_M_insertIJRKS2_EEEvSt14_List_iteratorIS2_EDpOT_
                0x0800079a                void std::list<CommandDefinition const*, std::allocator<CommandDefinition const*> >::_M_insert<CommandDefinition const* const&>(std::_List_iterator<CommandDefinition const*>, CommandDefinition const* const&)
 .text.startup._GLOBAL__sub_I__commands
                0x080007bc       0x30 out/command.o
 .text._Z14gpioInitializev
                0x080007ec       0x10 out/gpio.o
                0x080007ec                gpioInitialize()
 .text._Z16gpioConfigurePinP12GPIO_TypeDef7GpioPin17GpioConfiguration
                0x080007fc       0x94 out/gpio.o
                0x080007fc                gpioConfigurePin(GPIO_TypeDef*, GpioPin, GpioConfiguration)
 .text.TIM6_IRQHandler
                0x08000890       0x2c out/helper.o
                0x08000890                TIM6_IRQHandler
 .text.rccGetCoreFrequency
                0x080008bc        0xc out/rcc.o
                0x080008bc                rccGetCoreFrequency
 .text._Z11rccStartPll11rccPllInputmm
                0x080008c8       0xc8 out/rcc.o
                0x080008c8                rccStartPll(rccPllInput, unsigned long, unsigned long)
 .text._Z16serialInitializev
                0x08000990       0x5c out/serial.o
                0x08000990                serialInitialize()
 .text.serialSendCharacter
                0x080009ec       0x18 out/serial.o
                0x080009ec                serialSendCharacter
 .text.DMA1_Channel4_IRQHandler
                0x08000a04       0x3c out/usart.o
                0x08000a04                DMA1_Channel4_IRQHandler
 .text.USART1_IRQHandler
                0x08000a40       0x8c out/usart.o
                0x08000a40                USART1_IRQHandler
 .text.__aeabi_atexit
                0x08000acc        0xc /home/maciek/gcc-arm-none-eabi/gcc-arm-none-eabi-4_7-2013q1/bin/../lib/gcc/arm-none-eabi/4.7.3/../../../../arm-none-eabi/lib/armv7-m/libstdc++.a(atexit_arm.o)
                0x08000acc                __aeabi_atexit
 .text._ZNSt8__detail15_List_node_base7_M_hookEPS0_
                0x08000ad8       0x10 /home/maciek/gcc-arm-none-eabi/gcc-arm-none-eabi-4_7-2013q1/bin/../lib/gcc/arm-none-eabi/4.7.3/../../../../arm-none-eabi/lib/armv7-m/libstdc++.a(list.o)
                0x08000ad8                std::__detail::_List_node_base::_M_hook(std::__detail::_List_node_base*)
 .text.__register_exitproc
                0x08000ae8       0xac /home/maciek/gcc-arm-none-eabi/gcc-arm-none-eabi-4_7-2013q1/bin/../lib/gcc/arm-none-eabi/4.7.3/../../../../arm-none-eabi/lib/armv7-m/libg.a(lib_a-__atexit.o)
                0x08000ae8                __register_exitproc
 .text.__cxa_atexit
                0x08000b94       0x14 /home/maciek/gcc-arm-none-eabi/gcc-arm-none-eabi-4_7-2013q1/bin/../lib/gcc/arm-none-eabi/4.7.3/../../../../arm-none-eabi/lib/armv7-m/libg.a(lib_a-cxa_atexit.o)
                0x08000b94                __cxa_atexit
 .text.__libc_fini_array
                0x08000ba8       0x50 /home/maciek/gcc-arm-none-eabi/gcc-arm-none-eabi-4_7-2013q1/bin/../lib/gcc/arm-none-eabi/4.7.3/../../../../arm-none-eabi/lib/armv7-m/libg.a(lib_a-fini.o)
                0x08000ba8                __libc_fini_array
 .text.__libc_init_array
                0x08000bf8       0x94 /home/maciek/gcc-arm-none-eabi/gcc-arm-none-eabi-4_7-2013q1/bin/../lib/gcc/arm-none-eabi/4.7.3/../../../../arm-none-eabi/lib/armv7-m/libg.a(lib_a-init.o)
                0x08000bf8                __libc_init_array
 .text.malloc   0x08000c8c       0x10 /home/maciek/gcc-arm-none-eabi/gcc-arm-none-eabi-4_7-2013q1/bin/../lib/gcc/arm-none-eabi/4.7.3/../../../../arm-none-eabi/lib/armv7-m/libg.a(lib_a-malloc.o)
                0x08000c8c                malloc
 .text.free     0x08000c9c       0x10 /home/maciek/gcc-arm-none-eabi/gcc-arm-none-eabi-4_7-2013q1/bin/../lib/gcc/arm-none-eabi/4.7.3/../../../../arm-none-eabi/lib/armv7-m/libg.a(lib_a-malloc.o)
                0x08000c9c                free
 .text._malloc_r
                0x08000cac      0x530 /home/maciek/gcc-arm-none-eabi/gcc-arm-none-eabi-4_7-2013q1/bin/../lib/gcc/arm-none-eabi/4.7.3/../../../../arm-none-eabi/lib/armv7-m/libg.a(lib_a-mallocr.o)
                0x08000cac                _malloc_r
 .text.memcpy   0x080011dc      0x15c /home/maciek/gcc-arm-none-eabi/gcc-arm-none-eabi-4_7-2013q1/bin/../lib/gcc/arm-none-eabi/4.7.3/../../../../arm-none-eabi/lib/armv7-m/libg.a(lib_a-memcpy.o)
                0x080011dc                memcpy
 .text.__malloc_lock
                0x08001338        0x4 /home/maciek/gcc-arm-none-eabi/gcc-arm-none-eabi-4_7-2013q1/bin/../lib/gcc/arm-none-eabi/4.7.3/../../../../arm-none-eabi/lib/armv7-m/libg.a(lib_a-mlock.o)
                0x08001338                __malloc_lock
 .text.__malloc_unlock
                0x0800133c        0x4 /home/maciek/gcc-arm-none-eabi/gcc-arm-none-eabi-4_7-2013q1/bin/../lib/gcc/arm-none-eabi/4.7.3/../../../../arm-none-eabi/lib/armv7-m/libg.a(lib_a-mlock.o)
                0x0800133c                __malloc_unlock
 .text.strlen   0x08001340       0x60 /home/maciek/gcc-arm-none-eabi/gcc-arm-none-eabi-4_7-2013q1/bin/../lib/gcc/arm-none-eabi/4.7.3/../../../../arm-none-eabi/lib/armv7-m/libg.a(lib_a-strlen.o)
                0x08001340                strlen
 .text.startup.register_fini
                0x080013a0       0x14 /home/maciek/gcc-arm-none-eabi/gcc-arm-none-eabi-4_7-2013q1/bin/../lib/gcc/arm-none-eabi/4.7.3/../../../../arm-none-eabi/lib/armv7-m/libg.a(lib_a-__call_atexit.o)
 .text.atexit   0x080013b4        0xc /home/maciek/gcc-arm-none-eabi/gcc-arm-none-eabi-4_7-2013q1/bin/../lib/gcc/arm-none-eabi/4.7.3/../../../../arm-none-eabi/lib/armv7-m/libg.a(lib_a-atexit.o)
                0x080013b4                atexit
 .text._malloc_trim_r
                0x080013c0       0x98 /home/maciek/gcc-arm-none-eabi/gcc-arm-none-eabi-4_7-2013q1/bin/../lib/gcc/arm-none-eabi/4.7.3/../../../../arm-none-eabi/lib/armv7-m/libg.a(lib_a-freer.o)
                0x080013c0                _malloc_trim_r
 .text._free_r  0x08001458      0x194 /home/maciek/gcc-arm-none-eabi/gcc-arm-none-eabi-4_7-2013q1/bin/../lib/gcc/arm-none-eabi/4.7.3/../../../../arm-none-eabi/lib/armv7-m/libg.a(lib_a-freer.o)
                0x08001458                _free_r
                0x080015ec                . = ALIGN (0x4)
 *(.glue_7t .glue_7)
 .glue_7        0x00000000        0x0 linker stubs
 .glue_7t       0x00000000        0x0 linker stubs
                0x080015ec                . = ALIGN (0x4)
 *(.rodata .rodata.* .gnu.linkonce.r.*)
 .rodata.._101  0x080015ec        0x4 out/command.o
 .rodata.str1.1
                0x080015f0       0x2f out/command.o
 *fill*         0x0800161f        0x1 00
 .rodata._ZL22_helpCommandDefinition
                0x08001620       0x10 out/command.o
 .rodata._ZZ11rccStartPll11rccPllInputmmE4muls
                0x08001630        0x9 out/rcc.o
 *fill*         0x08001639        0x3 00
 .rodata.str1.4
                0x0800163c        0x4 /home/maciek/gcc-arm-none-eabi/gcc-arm-none-eabi-4_7-2013q1/bin/../lib/gcc/arm-none-eabi/4.7.3/../../../../arm-none-eabi/lib/armv7-m/libg.a(lib_a-impure.o)
 .rodata._global_impure_ptr
                0x08001640        0x4 /home/maciek/gcc-arm-none-eabi/gcc-arm-none-eabi-4_7-2013q1/bin/../lib/gcc/arm-none-eabi/4.7.3/../../../../arm-none-eabi/lib/armv7-m/libg.a(lib_a-impure.o)
                0x08001640                _global_impure_ptr
                0x08001644                . = ALIGN (0x4)
 *(.ARM.extab* .gnu.linkonce.armextab.*)
                0x08001644                . = ALIGN (0x4)
 *(.gcc_except_table)
                0x08001644                . = ALIGN (0x4)
 *(.eh_frame_hdr)
                0x08001644                . = ALIGN (0x4)
 *(.eh_frame)
 .eh_frame      0x08001644        0x0 /home/maciek/gcc-arm-none-eabi/gcc-arm-none-eabi-4_7-2013q1/bin/../lib/gcc/arm-none-eabi/4.7.3/armv7-m/crtbegin.o
                0x08001644                . = ALIGN (0x4)
                0x08001644                __data_array_start = .
                [0x08001644]                PROVIDE (__data_array_start, __data_array_start)
                0x08001644        0x4 LONG 0x800168c LOADADDR (.data)
                0x08001648        0x4 LONG 0x20000000 ADDR (.data)
                0x0800164c        0x4 LONG 0x20000854 (ADDR (.data) + SIZEOF (.data))
                0x08001650                . = ALIGN (0x4)
                0x08001650                __data_array_end = .
                [0x08001650]                PROVIDE (__data_array_end, __data_array_end)
                0x08001650                . = ALIGN (0x4)
                0x08001650                __bss_array_start = .
                [0x08001650]                PROVIDE (__bss_array_start, __bss_array_start)
                0x08001650        0x4 LONG 0x20000854 ADDR (.bss)
                0x08001654        0x4 LONG 0x2000097c (ADDR (.bss) + SIZEOF (.bss))
                0x08001658                . = ALIGN (0x4)
                0x08001658                __bss_array_end = .
                [0x08001658]                PROVIDE (__bss_array_end, __bss_array_end)
                0x08001658                . = ALIGN (0x4)
 *(.init)
 .init          0x08001658        0x4 /home/maciek/gcc-arm-none-eabi/gcc-arm-none-eabi-4_7-2013q1/bin/../lib/gcc/arm-none-eabi/4.7.3/armv7-m/crti.o
                0x08001658                _init
 .init          0x0800165c        0x8 /home/maciek/gcc-arm-none-eabi/gcc-arm-none-eabi-4_7-2013q1/bin/../lib/gcc/arm-none-eabi/4.7.3/armv7-m/crtn.o
                0x08001664                . = ALIGN (0x4)
                0x08001664                __preinit_array_start = .
 *(.preinit_array)
                0x08001664                . = ALIGN (0x4)
                0x08001664                __preinit_array_end = .
                0x08001664                __init_array_start = .
 *(SORT(.init_array.*))
 .init_array.00000
                0x08001664        0x4 /home/maciek/gcc-arm-none-eabi/gcc-arm-none-eabi-4_7-2013q1/bin/../lib/gcc/arm-none-eabi/4.7.3/../../../../arm-none-eabi/lib/armv7-m/libg.a(lib_a-__call_atexit.o)
                0x08001668                . = ALIGN (0x4)
 *(.init_array)
 .init_array    0x08001668        0x4 /home/maciek/gcc-arm-none-eabi/gcc-arm-none-eabi-4_7-2013q1/bin/../lib/gcc/arm-none-eabi/4.7.3/armv7-m/crtbegin.o
 .init_array    0x0800166c        0x4 out/main.o
 .init_array    0x08001670        0x4 out/command.o
                0x08001674                . = ALIGN (0x4)
                0x08001674                __init_array_end = .
 *(.fini)
 .fini          0x08001674        0x4 /home/maciek/gcc-arm-none-eabi/gcc-arm-none-eabi-4_7-2013q1/bin/../lib/gcc/arm-none-eabi/4.7.3/armv7-m/crti.o
                0x08001674                _fini
 .fini          0x08001678        0x8 /home/maciek/gcc-arm-none-eabi/gcc-arm-none-eabi-4_7-2013q1/bin/../lib/gcc/arm-none-eabi/4.7.3/armv7-m/crtn.o
                0x08001680                . = ALIGN (0x4)
                0x08001680                __fini_array_start = .
 *(.fini_array)
 .fini_array    0x08001680        0x4 /home/maciek/gcc-arm-none-eabi/gcc-arm-none-eabi-4_7-2013q1/bin/../lib/gcc/arm-none-eabi/4.7.3/armv7-m/crtbegin.o
                0x08001684                . = ALIGN (0x4)
 *(SORT(.fini_array.*))
                0x08001684                . = ALIGN (0x4)
                0x08001684                __fini_array_end = .
                0x08001684                . = ALIGN (0x4)
                0x08001684                __text_end = .
                [0x08001684]                PROVIDE (__text_end, __text_end)

.vfp11_veneer   0x08001684        0x0
 .vfp11_veneer  0x00000000        0x0 linker stubs

.v4_bx          0x08001684        0x0
 .v4_bx         0x00000000        0x0 linker stubs

.iplt           0x08001684        0x0
 .iplt          0x00000000        0x0 /home/maciek/gcc-arm-none-eabi/gcc-arm-none-eabi-4_7-2013q1/bin/../lib/gcc/arm-none-eabi/4.7.3/armv7-m/crtbegin.o
                0x08001684                . = ALIGN (0x4)
                0x08001684                __exidx_start = .
                [0x08001684]                PROVIDE (__exidx_start, __exidx_start)

.ARM.exidx      0x08001684        0x8
 *(.ARM.exidx* .gnu.linkonce.armexidx.*)
 .ARM.exidx.text.__aeabi_atexit
                0x08001684        0x8 /home/maciek/gcc-arm-none-eabi/gcc-arm-none-eabi-4_7-2013q1/bin/../lib/gcc/arm-none-eabi/4.7.3/../../../../arm-none-eabi/lib/armv7-m/libstdc++.a(atexit_arm.o)
 .ARM.exidx.text._ZNSt8__detail15_List_node_base7_M_hookEPS0_
                0x0800168c        0x0 /home/maciek/gcc-arm-none-eabi/gcc-arm-none-eabi-4_7-2013q1/bin/../lib/gcc/arm-none-eabi/4.7.3/../../../../arm-none-eabi/lib/armv7-m/libstdc++.a(list.o)
                                  0x8 (size before relaxing)

.rel.dyn        0x0800168c        0x0
 .rel.iplt      0x00000000        0x0 /home/maciek/gcc-arm-none-eabi/gcc-arm-none-eabi-4_7-2013q1/bin/../lib/gcc/arm-none-eabi/4.7.3/armv7-m/crtbegin.o
                0x0800168c                . = ALIGN (0x4)
                0x0800168c                __exidx_end = .
                [0x0800168c]                PROVIDE (__exidx_end, __exidx_end)

.data           0x20000000      0x854 load address 0x0800168c
                0x20000000                . = ALIGN (0x4)
                0x0800168c                __data_init_start = LOADADDR (.data)
                [0x0800168c]                PROVIDE (__data_init_start, __data_init_start)
                0x20000000                __data_start = .
                [0x20000000]                PROVIDE (__data_start, __data_start)
                0x20000000                . = ALIGN (0x4)
 *(.data .data.* .gnu.linkonce.d.*)
 .data          0x20000000        0x4 /home/maciek/gcc-arm-none-eabi/gcc-arm-none-eabi-4_7-2013q1/bin/../lib/gcc/arm-none-eabi/4.7.3/armv7-m/crtbegin.o
                0x20000000                __dso_handle
 .data.current_heap_end.4447
                0x20000004        0x4 out/syscalls.o
 .data.xNextTaskUnblockTime
                0x20000008        0x4 out/tasks.o
 .data.uxCriticalNesting
                0x2000000c        0x4 out/port.o
 .data._ZL14_coreFrequency
                0x20000010        0x4 out/rcc.o
 *fill*         0x20000014        0x4 00
 .data.impure_data
                0x20000018      0x428 /home/maciek/gcc-arm-none-eabi/gcc-arm-none-eabi-4_7-2013q1/bin/../lib/gcc/arm-none-eabi/4.7.3/../../../../arm-none-eabi/lib/armv7-m/libg.a(lib_a-impure.o)
 .data._impure_ptr
                0x20000440        0x4 /home/maciek/gcc-arm-none-eabi/gcc-arm-none-eabi-4_7-2013q1/bin/../lib/gcc/arm-none-eabi/4.7.3/../../../../arm-none-eabi/lib/armv7-m/libg.a(lib_a-impure.o)
                0x20000440                _impure_ptr
 .data.__malloc_av_
                0x20000444      0x408 /home/maciek/gcc-arm-none-eabi/gcc-arm-none-eabi-4_7-2013q1/bin/../lib/gcc/arm-none-eabi/4.7.3/../../../../arm-none-eabi/lib/armv7-m/libg.a(lib_a-mallocr.o)
                0x20000444                __malloc_av_
 .data.__malloc_trim_threshold
                0x2000084c        0x4 /home/maciek/gcc-arm-none-eabi/gcc-arm-none-eabi-4_7-2013q1/bin/../lib/gcc/arm-none-eabi/4.7.3/../../../../arm-none-eabi/lib/armv7-m/libg.a(lib_a-mallocr.o)
                0x2000084c                __malloc_trim_threshold
 .data.__malloc_sbrk_base
                0x20000850        0x4 /home/maciek/gcc-arm-none-eabi/gcc-arm-none-eabi-4_7-2013q1/bin/../lib/gcc/arm-none-eabi/4.7.3/../../../../arm-none-eabi/lib/armv7-m/libg.a(lib_a-mallocr.o)
                0x20000850                __malloc_sbrk_base
                0x20000854                . = ALIGN (0x4)
                0x20000854                __data_end = .
                [0x20000854]                PROVIDE (__data_end, __data_end)

.jcr            0x20000854        0x0 load address 0x08001ee0
 .jcr           0x20000854        0x0 /home/maciek/gcc-arm-none-eabi/gcc-arm-none-eabi-4_7-2013q1/bin/../lib/gcc/arm-none-eabi/4.7.3/armv7-m/crtbegin.o

.igot.plt       0x20000854        0x0 load address 0x08001ee0
 .igot.plt      0x00000000        0x0 /home/maciek/gcc-arm-none-eabi/gcc-arm-none-eabi-4_7-2013q1/bin/../lib/gcc/arm-none-eabi/4.7.3/armv7-m/crtbegin.o

.bss            0x20000854      0x128
                0x20000854                . = ALIGN (0x4)
                0x20000854                __bss_start = .
                [0x20000854]                PROVIDE (__bss_start, __bss_start)
                0x20000854                . = ALIGN (0x4)
 *(.bss .bss.* .gnu.linkonce.b.*)
 .bss           0x20000854       0x1c /home/maciek/gcc-arm-none-eabi/gcc-arm-none-eabi-4_7-2013q1/bin/../lib/gcc/arm-none-eabi/4.7.3/armv7-m/crtbegin.o
 .bss.uxTopReadyPriority
                0x20000870        0x4 out/tasks.o
 .bss.xTickCount
                0x20000874        0x4 out/tasks.o
 .bss.pxReadyTasksLists
                0x20000878       0x64 out/tasks.o
 .bss.pxOverflowDelayedTaskList
                0x200008dc        0x4 out/tasks.o
 .bss.pxDelayedTaskList
                0x200008e0        0x4 out/tasks.o
 .bss.uxCurrentNumberOfTasks
                0x200008e4        0x4 out/tasks.o
 .bss.xPendingReadyList
                0x200008e8       0x14 out/tasks.o
 .bss.ulTaskSwitchedInTime
                0x200008fc        0x4 out/tasks.o
 .bss.xMissedYield
                0x20000900        0x4 out/tasks.o
 .bss.pxCurrentTCB
                0x20000904        0x4 out/tasks.o
                0x20000904                pxCurrentTCB
 .bss.uxSchedulerSuspended
                0x20000908        0x4 out/tasks.o
 .bss.uxMissedTicks
                0x2000090c        0x4 out/tasks.o
 .bss.xNumOfOverflows
                0x20000910        0x4 out/tasks.o
 .bss.pointer   0x20000914        0x4 out/main.o
                0x20000914                pointer
 .bss._commands
                0x20000918        0x8 out/command.o
                0x20000918                _commands
 .bss.tim6OverflowCount
                0x20000920        0x2 out/helper.o
                0x20000920                tim6OverflowCount
 *fill*         0x20000922        0x2 00
 .bss._ZL8_rxQueue
                0x20000924        0x4 out/usart.o
 .bss._ZZ17USART1_IRQHandlerE7message
                0x20000928       0x18 out/usart.o
 .bss._ZL15_dmaTxSemaphore
                0x20000940        0x4 out/usart.o
 .bss.__malloc_max_total_mem
                0x20000944        0x4 /home/maciek/gcc-arm-none-eabi/gcc-arm-none-eabi-4_7-2013q1/bin/../lib/gcc/arm-none-eabi/4.7.3/../../../../arm-none-eabi/lib/armv7-m/libg.a(lib_a-mallocr.o)
                0x20000944                __malloc_max_total_mem
 .bss.__malloc_max_sbrked_mem
                0x20000948        0x4 /home/maciek/gcc-arm-none-eabi/gcc-arm-none-eabi-4_7-2013q1/bin/../lib/gcc/arm-none-eabi/4.7.3/../../../../arm-none-eabi/lib/armv7-m/libg.a(lib_a-mallocr.o)
                0x20000948                __malloc_max_sbrked_mem
 .bss.__malloc_top_pad
                0x2000094c        0x4 /home/maciek/gcc-arm-none-eabi/gcc-arm-none-eabi-4_7-2013q1/bin/../lib/gcc/arm-none-eabi/4.7.3/../../../../arm-none-eabi/lib/armv7-m/libg.a(lib_a-mallocr.o)
                0x2000094c                __malloc_top_pad
 .bss.__malloc_current_mallinfo
                0x20000950       0x28 /home/maciek/gcc-arm-none-eabi/gcc-arm-none-eabi-4_7-2013q1/bin/../lib/gcc/arm-none-eabi/4.7.3/../../../../arm-none-eabi/lib/armv7-m/libg.a(lib_a-mallocr.o)
                0x20000950                __malloc_current_mallinfo
                0x20000978                . = ALIGN (0x4)
 *(COMMON)
 COMMON         0x20000978        0x4 /home/maciek/gcc-arm-none-eabi/gcc-arm-none-eabi-4_7-2013q1/bin/../lib/gcc/arm-none-eabi/4.7.3/../../../../arm-none-eabi/lib/armv7-m/libg.a(lib_a-reent.o)
                0x20000978                errno
                0x2000097c                . = ALIGN (0x4)
                0x2000097c                __bss_end = .
                [0x2000097c]                PROVIDE (__bss_end, __bss_end)

.stack          0x2000097c      0x804
                0x20000980                . = ALIGN (0x8)
 *fill*         0x2000097c        0x4 00
                0x20000980                __stack_start = .
                [0x20000980]                PROVIDE (__stack_start, __stack_start)
                0x20000980                . = ALIGN (0x8)
                0x20000980                __main_stack_start = .
                [0x20000980]                PROVIDE (__main_stack_start, __main_stack_start)
                0x20000d80                . = (. + __main_stack_size)
 *fill*         0x20000980      0x400 00
                0x20000d80                . = ALIGN (0x8)
                0x20000d80                __main_stack_end = .
                [0x20000d80]                PROVIDE (__main_stack_end, __main_stack_end)
                0x20000d80                . = ALIGN (0x8)
                0x20000d80                __process_stack_start = .
                [0x20000d80]                PROVIDE (__process_stack_start, __process_stack_start)
                0x20001180                . = (. + __process_stack_size)
 *fill*         0x20000d80      0x400 00
                0x20001180                . = ALIGN (0x8)
                0x20001180                __process_stack_end = .
                [0x20001180]                PROVIDE (__process_stack_end, __process_stack_end)
                0x20001180                . = ALIGN (0x8)
                0x20001180                __stack_end = .
                [0x20001180]                PROVIDE (__stack_end, __stack_end)
                0x20001180                . = ALIGN (0x4)
                0x20001180                __heap_start = .
                [0x20001180]                PROVIDE (__heap_start, __heap_start)
                0x20001180                . = ALIGN (0x4)
                0x20004000                __heap_end = __ram_end
                [0x20004000]                PROVIDE (__heap_end, __heap_end)

.stab
 *(.stab)

.stabstr
 *(.stabstr)

.debug
 *(.debug)

.line
 *(.line)

.debug_srcinfo
 *(.debug_srcinfo)

.debug_sfnames
 *(.debug_sfnames)

.debug_aranges  0x00000000      0x828
 *(.debug_aranges)
 .debug_aranges
                0x00000000       0x20 out/startup_ARMv7-M_E_.o
 .debug_aranges
                0x00000020       0x50 out/printf-stdarg.o
 .debug_aranges
                0x00000070       0xa8 out/syscalls.o
 .debug_aranges
                0x00000118       0x20 out/vectors_STM32L1xx_md.o
 .debug_aranges
                0x00000138       0x38 out/croutine.o
 .debug_aranges
                0x00000170       0x40 out/list.o
 .debug_aranges
                0x000001b0       0xb0 out/queue.o
 .debug_aranges
                0x00000260      0x130 out/tasks.o
 .debug_aranges
                0x00000390       0x18 out/timers.o
 .debug_aranges
                0x000003a8       0x68 out/port.o
 .debug_aranges
                0x00000410       0x28 out/heap_3.o
 .debug_aranges
                0x00000438      0x140 out/ff.o
 .debug_aranges
                0x00000578       0x38 out/syscall.o
 .debug_aranges
                0x000005b0       0x28 out/main.o
 .debug_aranges
                0x000005d8       0x30 out/overrides.o
 .debug_aranges
                0x00000608       0x78 out/mmc.o
 .debug_aranges
                0x00000680       0x50 out/command.o
 .debug_aranges
                0x000006d0       0x28 out/gpio.o
 .debug_aranges
                0x000006f8       0x28 out/helper.o
 .debug_aranges
                0x00000720       0x30 out/i2c.o
 .debug_aranges
                0x00000750       0x28 out/rcc.o
 .debug_aranges
                0x00000778       0x28 out/serial.o
 .debug_aranges
                0x000007a0       0x30 out/spi.o
 .debug_aranges
                0x000007d0       0x58 out/usart.o

.debug_pubnames
 *(.debug_pubnames)

.debug_info     0x00000000    0x15c69
 *(.debug_info .gnu.linkonce.wi.*)
 .debug_info    0x00000000       0x60 out/startup_ARMv7-M_E_.o
 .debug_info    0x00000060      0x52c out/printf-stdarg.o
 .debug_info    0x0000058c     0x10bb out/syscalls.o
 .debug_info    0x00001647       0x9d out/vectors_STM32L1xx_md.o
 .debug_info    0x000016e4      0x791 out/croutine.o
 .debug_info    0x00001e75      0x2d9 out/list.o
 .debug_info    0x0000214e     0x1052 out/queue.o
 .debug_info    0x000031a0     0x1ecd out/tasks.o
 .debug_info    0x0000506d       0x94 out/timers.o
 .debug_info    0x00005101      0x276 out/port.o
 .debug_info    0x00005377      0x1a2 out/heap_3.o
 .debug_info    0x00005519     0x2d70 out/ff.o
 .debug_info    0x00008289      0x28b out/syscall.o
 .debug_info    0x00008514      0x8b0 out/main.o
 .debug_info    0x00008dc4      0x1c4 out/overrides.o
 .debug_info    0x00008f88     0x1dc9 out/mmc.o
 .debug_info    0x0000ad51     0x2f7e out/command.o
 .debug_info    0x0000dccf     0x10ac out/gpio.o
 .debug_info    0x0000ed7b      0x952 out/helper.o
 .debug_info    0x0000f6cd     0x1472 out/i2c.o
 .debug_info    0x00010b3f      0x413 out/rcc.o
 .debug_info    0x00010f52     0x1461 out/serial.o
 .debug_info    0x000123b3     0x14aa out/spi.o
 .debug_info    0x0001385d     0x240c out/usart.o

.debug_abbrev   0x00000000     0x32ef
 *(.debug_abbrev)
 .debug_abbrev  0x00000000       0x14 out/startup_ARMv7-M_E_.o
 .debug_abbrev  0x00000014      0x1dd out/printf-stdarg.o
 .debug_abbrev  0x000001f1      0x27a out/syscalls.o
 .debug_abbrev  0x0000046b       0x8c out/vectors_STM32L1xx_md.o
 .debug_abbrev  0x000004f7      0x27a out/croutine.o
 .debug_abbrev  0x00000771       0xf2 out/list.o
 .debug_abbrev  0x00000863      0x2e2 out/queue.o
 .debug_abbrev  0x00000b45      0x3d8 out/tasks.o
 .debug_abbrev  0x00000f1d       0x4e out/timers.o
 .debug_abbrev  0x00000f6b      0x197 out/port.o
 .debug_abbrev  0x00001102      0x141 out/heap_3.o
 .debug_abbrev  0x00001243      0x373 out/ff.o
 .debug_abbrev  0x000015b6      0x13f out/syscall.o
 .debug_abbrev  0x000016f5      0x26a out/main.o
 .debug_abbrev  0x0000195f      0x13f out/overrides.o
 .debug_abbrev  0x00001a9e      0x371 out/mmc.o
 .debug_abbrev  0x00001e0f      0x7f0 out/command.o
 .debug_abbrev  0x000025ff      0x148 out/gpio.o
 .debug_abbrev  0x00002747      0x16a out/helper.o
 .debug_abbrev  0x000028b1      0x1a6 out/i2c.o
 .debug_abbrev  0x00002a57      0x19f out/rcc.o
 .debug_abbrev  0x00002bf6      0x16e out/serial.o
 .debug_abbrev  0x00002d64      0x1c8 out/spi.o
 .debug_abbrev  0x00002f2c      0x3c3 out/usart.o

.debug_line     0x00000000     0x85f8
 *(.debug_line)
 .debug_line    0x00000000       0x84 out/startup_ARMv7-M_E_.o
 .debug_line    0x00000084      0x21b out/printf-stdarg.o
 .debug_line    0x0000029f      0x440 out/syscalls.o
 .debug_line    0x000006df       0x46 out/vectors_STM32L1xx_md.o
 .debug_line    0x00000725      0x514 out/croutine.o
 .debug_line    0x00000c39      0x4e6 out/list.o
 .debug_line    0x0000111f      0x717 out/queue.o
 .debug_line    0x00001836      0x9fe out/tasks.o
 .debug_line    0x00002234      0x45c out/timers.o
 .debug_line    0x00002690      0x50f out/port.o
 .debug_line    0x00002b9f      0x4a6 out/heap_3.o
 .debug_line    0x00003045      0xed0 out/ff.o
 .debug_line    0x00003f15      0x4bf out/syscall.o
 .debug_line    0x000043d4      0x724 out/main.o
 .debug_line    0x00004af8      0x460 out/overrides.o
 .debug_line    0x00004f58      0x75d out/mmc.o
 .debug_line    0x000056b5      0xb3e out/command.o
 .debug_line    0x000061f3      0x340 out/gpio.o
 .debug_line    0x00006533      0x403 out/helper.o
 .debug_line    0x00006936      0x563 out/i2c.o
 .debug_line    0x00006e99      0x37e out/rcc.o
 .debug_line    0x00007217      0x6b0 out/serial.o
 .debug_line    0x000078c7      0x533 out/spi.o
 .debug_line    0x00007dfa      0x7fe out/usart.o

.debug_frame    0x00000000     0x1b38
 *(.debug_frame)
 .debug_frame   0x00000000      0x12c out/printf-stdarg.o
 .debug_frame   0x0000012c      0x130 out/syscalls.o
 .debug_frame   0x0000025c       0x24 out/vectors_STM32L1xx_md.o
 .debug_frame   0x00000280       0xa4 out/croutine.o
 .debug_frame   0x00000324       0x6c out/list.o
 .debug_frame   0x00000390      0x230 out/queue.o
 .debug_frame   0x000005c0      0x3f8 out/tasks.o
 .debug_frame   0x000009b8       0xc8 out/port.o
 .debug_frame   0x00000a80       0x48 out/heap_3.o
 .debug_frame   0x00000ac8      0x528 out/ff.o
 .debug_frame   0x00000ff0       0x68 out/syscall.o
 .debug_frame   0x00001058       0x48 out/main.o
 .debug_frame   0x000010a0       0x4c out/overrides.o
 .debug_frame   0x000010ec      0x1a0 out/mmc.o
 .debug_frame   0x0000128c      0x10c out/command.o
 .debug_frame   0x00001398       0x44 out/gpio.o
 .debug_frame   0x000013dc       0x50 out/helper.o
 .debug_frame   0x0000142c       0x68 out/i2c.o
 .debug_frame   0x00001494       0x48 out/rcc.o
 .debug_frame   0x000014dc       0x40 out/serial.o
 .debug_frame   0x0000151c       0x6c out/spi.o
 .debug_frame   0x00001588      0x12c out/usart.o
 .debug_frame   0x000016b4       0x20 /home/maciek/gcc-arm-none-eabi/gcc-arm-none-eabi-4_7-2013q1/bin/../lib/gcc/arm-none-eabi/4.7.3/../../../../arm-none-eabi/lib/armv7-m/libstdc++.a(atexit_arm.o)
 .debug_frame   0x000016d4       0x6c /home/maciek/gcc-arm-none-eabi/gcc-arm-none-eabi-4_7-2013q1/bin/../lib/gcc/arm-none-eabi/4.7.3/../../../../arm-none-eabi/lib/armv7-m/libstdc++.a(list.o)
 .debug_frame   0x00001740       0x34 /home/maciek/gcc-arm-none-eabi/gcc-arm-none-eabi-4_7-2013q1/bin/../lib/gcc/arm-none-eabi/4.7.3/../../../../arm-none-eabi/lib/armv7-m/libg.a(lib_a-__atexit.o)
 .debug_frame   0x00001774       0x28 /home/maciek/gcc-arm-none-eabi/gcc-arm-none-eabi-4_7-2013q1/bin/../lib/gcc/arm-none-eabi/4.7.3/../../../../arm-none-eabi/lib/armv7-m/libg.a(lib_a-cxa_atexit.o)
 .debug_frame   0x0000179c       0x28 /home/maciek/gcc-arm-none-eabi/gcc-arm-none-eabi-4_7-2013q1/bin/../lib/gcc/arm-none-eabi/4.7.3/../../../../arm-none-eabi/lib/armv7-m/libg.a(lib_a-exit.o)
 .debug_frame   0x000017c4       0x2c /home/maciek/gcc-arm-none-eabi/gcc-arm-none-eabi-4_7-2013q1/bin/../lib/gcc/arm-none-eabi/4.7.3/../../../../arm-none-eabi/lib/armv7-m/libg.a(lib_a-fini.o)
 .debug_frame   0x000017f0       0x30 /home/maciek/gcc-arm-none-eabi/gcc-arm-none-eabi-4_7-2013q1/bin/../lib/gcc/arm-none-eabi/4.7.3/../../../../arm-none-eabi/lib/armv7-m/libg.a(lib_a-init.o)
 .debug_frame   0x00001820       0x30 /home/maciek/gcc-arm-none-eabi/gcc-arm-none-eabi-4_7-2013q1/bin/../lib/gcc/arm-none-eabi/4.7.3/../../../../arm-none-eabi/lib/armv7-m/libg.a(lib_a-malloc.o)
 .debug_frame   0x00001850       0x38 /home/maciek/gcc-arm-none-eabi/gcc-arm-none-eabi-4_7-2013q1/bin/../lib/gcc/arm-none-eabi/4.7.3/../../../../arm-none-eabi/lib/armv7-m/libg.a(lib_a-mallocr.o)
 .debug_frame   0x00001888       0x30 /home/maciek/gcc-arm-none-eabi/gcc-arm-none-eabi-4_7-2013q1/bin/../lib/gcc/arm-none-eabi/4.7.3/../../../../arm-none-eabi/lib/armv7-m/libg.a(lib_a-memcpy.o)
 .debug_frame   0x000018b8       0x2c /home/maciek/gcc-arm-none-eabi/gcc-arm-none-eabi-4_7-2013q1/bin/../lib/gcc/arm-none-eabi/4.7.3/../../../../arm-none-eabi/lib/armv7-m/libg.a(lib_a-memset.o)
 .debug_frame   0x000018e4       0x30 /home/maciek/gcc-arm-none-eabi/gcc-arm-none-eabi-4_7-2013q1/bin/../lib/gcc/arm-none-eabi/4.7.3/../../../../arm-none-eabi/lib/armv7-m/libg.a(lib_a-mlock.o)
 .debug_frame   0x00001914       0x6c /home/maciek/gcc-arm-none-eabi/gcc-arm-none-eabi-4_7-2013q1/bin/../lib/gcc/arm-none-eabi/4.7.3/../../../../arm-none-eabi/lib/armv7-m/libg.a(lib_a-reent.o)
 .debug_frame   0x00001980       0x2c /home/maciek/gcc-arm-none-eabi/gcc-arm-none-eabi-4_7-2013q1/bin/../lib/gcc/arm-none-eabi/4.7.3/../../../../arm-none-eabi/lib/armv7-m/libg.a(lib_a-strcat.o)
 .debug_frame   0x000019ac       0x20 /home/maciek/gcc-arm-none-eabi/gcc-arm-none-eabi-4_7-2013q1/bin/../lib/gcc/arm-none-eabi/4.7.3/../../../../arm-none-eabi/lib/armv7-m/libg.a(lib_a-strcpy.o)
 .debug_frame   0x000019cc       0x20 /home/maciek/gcc-arm-none-eabi/gcc-arm-none-eabi-4_7-2013q1/bin/../lib/gcc/arm-none-eabi/4.7.3/../../../../arm-none-eabi/lib/armv7-m/libg.a(lib_a-strlen.o)
 .debug_frame   0x000019ec       0x2c /home/maciek/gcc-arm-none-eabi/gcc-arm-none-eabi-4_7-2013q1/bin/../lib/gcc/arm-none-eabi/4.7.3/../../../../arm-none-eabi/lib/armv7-m/libg.a(lib_a-strncmp.o)
 .debug_frame   0x00001a18       0x2c /home/maciek/gcc-arm-none-eabi/gcc-arm-none-eabi-4_7-2013q1/bin/../lib/gcc/arm-none-eabi/4.7.3/../../../../arm-none-eabi/lib/armv7-m/libg.a(lib_a-strncpy.o)
 .debug_frame   0x00001a44       0x3c /home/maciek/gcc-arm-none-eabi/gcc-arm-none-eabi-4_7-2013q1/bin/../lib/gcc/arm-none-eabi/4.7.3/../../../../arm-none-eabi/lib/armv7-m/libg.a(lib_a-strtok_r.o)
 .debug_frame   0x00001a80       0x48 /home/maciek/gcc-arm-none-eabi/gcc-arm-none-eabi-4_7-2013q1/bin/../lib/gcc/arm-none-eabi/4.7.3/../../../../arm-none-eabi/lib/armv7-m/libg.a(lib_a-__call_atexit.o)
 .debug_frame   0x00001ac8       0x20 /home/maciek/gcc-arm-none-eabi/gcc-arm-none-eabi-4_7-2013q1/bin/../lib/gcc/arm-none-eabi/4.7.3/../../../../arm-none-eabi/lib/armv7-m/libg.a(lib_a-atexit.o)
 .debug_frame   0x00001ae8       0x50 /home/maciek/gcc-arm-none-eabi/gcc-arm-none-eabi-4_7-2013q1/bin/../lib/gcc/arm-none-eabi/4.7.3/../../../../arm-none-eabi/lib/armv7-m/libg.a(lib_a-freer.o)

.debug_str      0x00000000    0x5613a
 *(.debug_str)
 .debug_str     0x00000000     0x241b out/printf-stdarg.o
                               0x2497 (size before relaxing)
 .debug_str     0x0000241b     0x3070 out/syscalls.o
                               0x548c (size before relaxing)
 .debug_str     0x0000548b       0x42 out/vectors_STM32L1xx_md.o
                               0x22a2 (size before relaxing)
 .debug_str     0x000054cd    0x33908 out/croutine.o
                              0x37d25 (size before relaxing)
 .debug_str     0x00038dd5      0x123 out/list.o
                              0x37149 (size before relaxing)
 .debug_str     0x00038ef8      0x8f0 out/queue.o
                              0x37d33 (size before relaxing)
 .debug_str     0x000397e8     0x12b9 out/tasks.o
                              0x389aa (size before relaxing)
 .debug_str     0x0003aaa1      0x78d out/timers.o
                              0x3808b (size before relaxing)
 .debug_str     0x0003b22e      0x2dd out/port.o
                              0x37629 (size before relaxing)
 .debug_str     0x0003b50b       0x38 out/heap_3.o
                              0x373fb (size before relaxing)
 .debug_str     0x0003b543     0x16e8 out/ff.o
                              0x38bbc (size before relaxing)
 .debug_str     0x0003cc2b       0x10 out/syscall.o
                              0x3800c (size before relaxing)
 .debug_str     0x0003cc3b     0x25f5 out/main.o
                              0x3aeb6 (size before relaxing)
 .debug_str     0x0003f230       0x4b out/overrides.o
                              0x36b96 (size before relaxing)
 .debug_str     0x0003f27b     0x2e6f out/mmc.o
                              0x3c5d8 (size before relaxing)
 .debug_str     0x000420ea     0x3388 out/command.o
                              0x3d533 (size before relaxing)
 .debug_str     0x00045472      0x172 out/gpio.o
                              0x2ec3d (size before relaxing)
 .debug_str     0x000455e4      0x3a4 out/helper.o
                              0x3636a (size before relaxing)
 .debug_str     0x00045988     0x2d1f out/i2c.o
                              0x3a84a (size before relaxing)
 .debug_str     0x000486a7       0xef out/rcc.o
                              0x33b28 (size before relaxing)
 .debug_str     0x00048796     0x9e49 out/serial.o
                              0x46acb (size before relaxing)
 .debug_str     0x000525df     0x394a out/spi.o
                              0x3b53f (size before relaxing)
 .debug_str     0x00055f29      0x211 out/usart.o
                              0x47b0b (size before relaxing)

.debug_loc      0x00000000     0x7300
 *(.debug_loc)
 .debug_loc     0x00000000      0x798 out/printf-stdarg.o
 .debug_loc     0x00000798      0x303 out/syscalls.o
 .debug_loc     0x00000a9b      0x249 out/croutine.o
 .debug_loc     0x00000ce4       0xf7 out/list.o
 .debug_loc     0x00000ddb      0x959 out/queue.o
 .debug_loc     0x00001734      0xd53 out/tasks.o
 .debug_loc     0x00002487       0x92 out/port.o
 .debug_loc     0x00002519       0xb3 out/heap_3.o
 .debug_loc     0x000025cc     0x326a out/ff.o
 .debug_loc     0x00005836      0x13b out/syscall.o
 .debug_loc     0x00005971       0x40 out/main.o
 .debug_loc     0x000059b1       0x6d out/overrides.o
 .debug_loc     0x00005a1e      0xa1e out/mmc.o
 .debug_loc     0x0000643c      0x557 out/command.o
 .debug_loc     0x00006993      0x18d out/gpio.o
 .debug_loc     0x00006b20       0x40 out/helper.o
 .debug_loc     0x00006b60      0x13c out/i2c.o
 .debug_loc     0x00006c9c      0x169 out/rcc.o
 .debug_loc     0x00006e05       0x20 out/serial.o
 .debug_loc     0x00006e25      0x14a out/spi.o
 .debug_loc     0x00006f6f      0x391 out/usart.o

.debug_macinfo
 *(.debug_macinfo)

.debug_weaknames
 *(.debug_weaknames)

.debug_funcnames
 *(.debug_funcnames)

.debug_typenames
 *(.debug_typenames)

.debug_varnames
 *(.debug_varnames)

.note.gnu.arm.ident
 *(.note.gnu.arm.ident)

.ARM.attributes
                0x00000000       0x29
 *(.ARM.attributes)
 .ARM.attributes
                0x00000000       0x1d /home/maciek/gcc-arm-none-eabi/gcc-arm-none-eabi-4_7-2013q1/bin/../lib/gcc/arm-none-eabi/4.7.3/armv7-m/crti.o
 .ARM.attributes
                0x0000001d       0x2d /home/maciek/gcc-arm-none-eabi/gcc-arm-none-eabi-4_7-2013q1/bin/../lib/gcc/arm-none-eabi/4.7.3/armv7-m/crtbegin.o
 .ARM.attributes
                0x0000004a       0x1b /home/maciek/gcc-arm-none-eabi/gcc-arm-none-eabi-4_7-2013q1/bin/../lib/gcc/arm-none-eabi/4.7.3/../../../../arm-none-eabi/lib/armv7-m/crt0.o
 .ARM.attributes
                0x00000065       0x21 out/startup_ARMv7-M_E_.o
 .ARM.attributes
                0x00000086       0x33 out/printf-stdarg.o
 .ARM.attributes
                0x000000b9       0x33 out/syscalls.o
 .ARM.attributes
                0x000000ec       0x33 out/vectors_STM32L1xx_md.o
 .ARM.attributes
                0x0000011f       0x33 out/croutine.o
 .ARM.attributes
                0x00000152       0x33 out/list.o
 .ARM.attributes
                0x00000185       0x33 out/queue.o
 .ARM.attributes
                0x000001b8       0x33 out/tasks.o
 .ARM.attributes
                0x000001eb       0x33 out/timers.o
 .ARM.attributes
                0x0000021e       0x33 out/port.o
 .ARM.attributes
                0x00000251       0x33 out/heap_3.o
 .ARM.attributes
                0x00000284       0x33 out/ff.o
 .ARM.attributes
                0x000002b7       0x33 out/syscall.o
 .ARM.attributes
                0x000002ea       0x33 out/main.o
 .ARM.attributes
                0x0000031d       0x33 out/overrides.o
 .ARM.attributes
                0x00000350       0x33 out/mmc.o
 .ARM.attributes
                0x00000383       0x33 out/command.o
 .ARM.attributes
                0x000003b6       0x33 out/gpio.o
 .ARM.attributes
                0x000003e9       0x33 out/helper.o
 .ARM.attributes
                0x0000041c       0x33 out/i2c.o
 .ARM.attributes
                0x0000044f       0x33 out/rcc.o
 .ARM.attributes
                0x00000482       0x33 out/serial.o
 .ARM.attributes
                0x000004b5       0x33 out/spi.o
 .ARM.attributes
                0x000004e8       0x33 out/usart.o
 .ARM.attributes
                0x0000051b       0x2d /home/maciek/gcc-arm-none-eabi/gcc-arm-none-eabi-4_7-2013q1/bin/../lib/gcc/arm-none-eabi/4.7.3/../../../../arm-none-eabi/lib/armv7-m/libstdc++.a(atexit_arm.o)
 .ARM.attributes
                0x00000548       0x2d /home/maciek/gcc-arm-none-eabi/gcc-arm-none-eabi-4_7-2013q1/bin/../lib/gcc/arm-none-eabi/4.7.3/../../../../arm-none-eabi/lib/armv7-m/libstdc++.a(list.o)
 .ARM.attributes
                0x00000575       0x2d /home/maciek/gcc-arm-none-eabi/gcc-arm-none-eabi-4_7-2013q1/bin/../lib/gcc/arm-none-eabi/4.7.3/../../../../arm-none-eabi/lib/armv7-m/libg.a(lib_a-__atexit.o)
 .ARM.attributes
                0x000005a2       0x2d /home/maciek/gcc-arm-none-eabi/gcc-arm-none-eabi-4_7-2013q1/bin/../lib/gcc/arm-none-eabi/4.7.3/../../../../arm-none-eabi/lib/armv7-m/libg.a(lib_a-cxa_atexit.o)
 .ARM.attributes
                0x000005cf       0x2d /home/maciek/gcc-arm-none-eabi/gcc-arm-none-eabi-4_7-2013q1/bin/../lib/gcc/arm-none-eabi/4.7.3/../../../../arm-none-eabi/lib/armv7-m/libg.a(lib_a-exit.o)
 .ARM.attributes
                0x000005fc       0x2d /home/maciek/gcc-arm-none-eabi/gcc-arm-none-eabi-4_7-2013q1/bin/../lib/gcc/arm-none-eabi/4.7.3/../../../../arm-none-eabi/lib/armv7-m/libg.a(lib_a-fini.o)
 .ARM.attributes
                0x00000629       0x2d /home/maciek/gcc-arm-none-eabi/gcc-arm-none-eabi-4_7-2013q1/bin/../lib/gcc/arm-none-eabi/4.7.3/../../../../arm-none-eabi/lib/armv7-m/libg.a(lib_a-impure.o)
 .ARM.attributes
                0x00000656       0x2d /home/maciek/gcc-arm-none-eabi/gcc-arm-none-eabi-4_7-2013q1/bin/../lib/gcc/arm-none-eabi/4.7.3/../../../../arm-none-eabi/lib/armv7-m/libg.a(lib_a-init.o)
 .ARM.attributes
                0x00000683       0x2d /home/maciek/gcc-arm-none-eabi/gcc-arm-none-eabi-4_7-2013q1/bin/../lib/gcc/arm-none-eabi/4.7.3/../../../../arm-none-eabi/lib/armv7-m/libg.a(lib_a-malloc.o)
 .ARM.attributes
                0x000006b0       0x2d /home/maciek/gcc-arm-none-eabi/gcc-arm-none-eabi-4_7-2013q1/bin/../lib/gcc/arm-none-eabi/4.7.3/../../../../arm-none-eabi/lib/armv7-m/libg.a(lib_a-mallocr.o)
 .ARM.attributes
                0x000006dd       0x2d /home/maciek/gcc-arm-none-eabi/gcc-arm-none-eabi-4_7-2013q1/bin/../lib/gcc/arm-none-eabi/4.7.3/../../../../arm-none-eabi/lib/armv7-m/libg.a(lib_a-memcpy.o)
 .ARM.attributes
                0x0000070a       0x2d /home/maciek/gcc-arm-none-eabi/gcc-arm-none-eabi-4_7-2013q1/bin/../lib/gcc/arm-none-eabi/4.7.3/../../../../arm-none-eabi/lib/armv7-m/libg.a(lib_a-memset.o)
 .ARM.attributes
                0x00000737       0x2d /home/maciek/gcc-arm-none-eabi/gcc-arm-none-eabi-4_7-2013q1/bin/../lib/gcc/arm-none-eabi/4.7.3/../../../../arm-none-eabi/lib/armv7-m/libg.a(lib_a-mlock.o)
 .ARM.attributes
                0x00000764       0x2d /home/maciek/gcc-arm-none-eabi/gcc-arm-none-eabi-4_7-2013q1/bin/../lib/gcc/arm-none-eabi/4.7.3/../../../../arm-none-eabi/lib/armv7-m/libg.a(lib_a-reent.o)
 .ARM.attributes
                0x00000791       0x2d /home/maciek/gcc-arm-none-eabi/gcc-arm-none-eabi-4_7-2013q1/bin/../lib/gcc/arm-none-eabi/4.7.3/../../../../arm-none-eabi/lib/armv7-m/libg.a(lib_a-strcat.o)
 .ARM.attributes
                0x000007be       0x2d /home/maciek/gcc-arm-none-eabi/gcc-arm-none-eabi-4_7-2013q1/bin/../lib/gcc/arm-none-eabi/4.7.3/../../../../arm-none-eabi/lib/armv7-m/libg.a(lib_a-strcpy.o)
 .ARM.attributes
                0x000007eb       0x2d /home/maciek/gcc-arm-none-eabi/gcc-arm-none-eabi-4_7-2013q1/bin/../lib/gcc/arm-none-eabi/4.7.3/../../../../arm-none-eabi/lib/armv7-m/libg.a(lib_a-strlen.o)
 .ARM.attributes
                0x00000818       0x2d /home/maciek/gcc-arm-none-eabi/gcc-arm-none-eabi-4_7-2013q1/bin/../lib/gcc/arm-none-eabi/4.7.3/../../../../arm-none-eabi/lib/armv7-m/libg.a(lib_a-strncmp.o)
 .ARM.attributes
                0x00000845       0x2d /home/maciek/gcc-arm-none-eabi/gcc-arm-none-eabi-4_7-2013q1/bin/../lib/gcc/arm-none-eabi/4.7.3/../../../../arm-none-eabi/lib/armv7-m/libg.a(lib_a-strncpy.o)
 .ARM.attributes
                0x00000872       0x2d /home/maciek/gcc-arm-none-eabi/gcc-arm-none-eabi-4_7-2013q1/bin/../lib/gcc/arm-none-eabi/4.7.3/../../../../arm-none-eabi/lib/armv7-m/libg.a(lib_a-strtok_r.o)
 .ARM.attributes
                0x0000089f       0x2d /home/maciek/gcc-arm-none-eabi/gcc-arm-none-eabi-4_7-2013q1/bin/../lib/gcc/arm-none-eabi/4.7.3/../../../../arm-none-eabi/lib/armv7-m/libg.a(lib_a-__call_atexit.o)
 .ARM.attributes
                0x000008cc       0x2d /home/maciek/gcc-arm-none-eabi/gcc-arm-none-eabi-4_7-2013q1/bin/../lib/gcc/arm-none-eabi/4.7.3/../../../../arm-none-eabi/lib/armv7-m/libg.a(lib_a-atexit.o)
 .ARM.attributes
                0x000008f9       0x2d /home/maciek/gcc-arm-none-eabi/gcc-arm-none-eabi-4_7-2013q1/bin/../lib/gcc/arm-none-eabi/4.7.3/../../../../arm-none-eabi/lib/armv7-m/libg.a(lib_a-freer.o)
 .ARM.attributes
                0x00000926       0x2d /home/maciek/gcc-arm-none-eabi/gcc-arm-none-eabi-4_7-2013q1/bin/../lib/gcc/arm-none-eabi/4.7.3/armv7-m/crtend.o
 .ARM.attributes
                0x00000953       0x1d /home/maciek/gcc-arm-none-eabi/gcc-arm-none-eabi-4_7-2013q1/bin/../lib/gcc/arm-none-eabi/4.7.3/armv7-m/crtn.o

/DISCARD/
 *(.note.GNU-stack)
                0x00001684                PROVIDE (__text_size, (__text_end - __text_start))
                0x000000f4                PROVIDE (__vectors_size, (__vectors_end - __vectors_start))
                0x00000008                PROVIDE (__exidx_size, (__exidx_end - __exidx_start))
                0x00000854                PROVIDE (__data_size, (__data_end - __data_start))
                0x00000128                PROVIDE (__bss_size, (__bss_end - __bss_start))
                0x00000800                PROVIDE (__stack_size, (__stack_end - __stack_start))
                0x00002e80                PROVIDE (__heap_size, (__heap_end - __heap_start))
OUTPUT(out/mg-stm32l_acquisition_supervisor.elf elf32-littlearm)

.debug_ranges   0x00000000      0xe80
 .debug_ranges  0x00000000       0x40 out/printf-stdarg.o
 .debug_ranges  0x00000040       0x98 out/syscalls.o
 .debug_ranges  0x000000d8       0x10 out/vectors_STM32L1xx_md.o
 .debug_ranges  0x000000e8       0x28 out/croutine.o
 .debug_ranges  0x00000110       0x30 out/list.o
 .debug_ranges  0x00000140       0xa0 out/queue.o
 .debug_ranges  0x000001e0      0x240 out/tasks.o
 .debug_ranges  0x00000420       0x70 out/port.o
 .debug_ranges  0x00000490       0x18 out/heap_3.o
 .debug_ranges  0x000004a8      0x2d0 out/ff.o
 .debug_ranges  0x00000778       0x28 out/syscall.o
 .debug_ranges  0x000007a0       0x18 out/main.o
 .debug_ranges  0x000007b8       0x20 out/overrides.o
 .debug_ranges  0x000007d8      0x168 out/mmc.o
 .debug_ranges  0x00000940      0x258 out/command.o
 .debug_ranges  0x00000b98       0x30 out/gpio.o
 .debug_ranges  0x00000bc8       0x88 out/helper.o
 .debug_ranges  0x00000c50       0x38 out/i2c.o
 .debug_ranges  0x00000c88       0xc0 out/rcc.o
 .debug_ranges  0x00000d48       0x18 out/serial.o
 .debug_ranges  0x00000d60       0x20 out/spi.o
 .debug_ranges  0x00000d80      0x100 out/usart.o

.debug_macro    0x00000000    0x13556
 .debug_macro   0x00000000       0x32 out/printf-stdarg.o
 .debug_macro   0x00000032      0x802 out/printf-stdarg.o
 .debug_macro   0x00000834       0x58 out/printf-stdarg.o
 .debug_macro   0x0000088c      0x17c out/syscalls.o
 .debug_macro   0x00000a08       0x10 out/syscalls.o
 .debug_macro   0x00000a18       0x3a out/syscalls.o
 .debug_macro   0x00000a52       0x10 out/syscalls.o
 .debug_macro   0x00000a62       0x2e out/syscalls.o
 .debug_macro   0x00000a90       0xa2 out/syscalls.o
 .debug_macro   0x00000b32       0x3a out/syscalls.o
 .debug_macro   0x00000b6c       0x52 out/syscalls.o
 .debug_macro   0x00000bbe       0x19 out/syscalls.o
 .debug_macro   0x00000bd7      0x16d out/syscalls.o
 .debug_macro   0x00000d44      0x239 out/syscalls.o
 .debug_macro   0x00000f7d       0x10 out/syscalls.o
 .debug_macro   0x00000f8d      0x16c out/syscalls.o
 .debug_macro   0x000010f9       0x22 out/syscalls.o
 .debug_macro   0x0000111b       0x91 out/syscalls.o
 .debug_macro   0x000011ac       0x10 out/syscalls.o
 .debug_macro   0x000011bc       0x16 out/syscalls.o
 .debug_macro   0x000011d2       0x35 out/syscalls.o
 .debug_macro   0x00001207       0x34 out/syscalls.o
 .debug_macro   0x0000123b      0x120 out/syscalls.o
 .debug_macro   0x0000135b       0x11 out/vectors_STM32L1xx_md.o
 .debug_macro   0x0000136c      0x1e8 out/croutine.o
 .debug_macro   0x00001554       0x46 out/croutine.o
 .debug_macro   0x0000159a       0x6f out/croutine.o
 .debug_macro   0x00001609       0x34 out/croutine.o
 .debug_macro   0x0000163d      0x20e out/croutine.o
 .debug_macro   0x0000184b       0x18 out/croutine.o
 .debug_macro   0x00001863      0x735 out/croutine.o
 .debug_macro   0x00001f98     0x6bd5 out/croutine.o
 .debug_macro   0x00008b6d       0x58 out/croutine.o
 .debug_macro   0x00008bc5     0x10ee out/croutine.o
 .debug_macro   0x00009cb3       0x10 out/croutine.o
 .debug_macro   0x00009cc3       0x10 out/croutine.o
 .debug_macro   0x00009cd3       0x43 out/croutine.o
 .debug_macro   0x00009d16       0x16 out/croutine.o
 .debug_macro   0x00009d2c      0x16d out/croutine.o
 .debug_macro   0x00009e99       0x1c out/croutine.o
 .debug_macro   0x00009eb5      0x115 out/croutine.o
 .debug_macro   0x00009fca       0xa4 out/croutine.o
 .debug_macro   0x0000a06e       0x12 out/croutine.o
 .debug_macro   0x0000a080       0x1f out/croutine.o
 .debug_macro   0x0000a09f      0x1cb out/croutine.o
 .debug_macro   0x0000a26a       0x57 out/croutine.o
 .debug_macro   0x0000a2c1       0x57 out/croutine.o
 .debug_macro   0x0000a318       0x49 out/croutine.o
 .debug_macro   0x0000a361      0x1ec out/list.o
 .debug_macro   0x0000a54d       0x10 out/list.o
 .debug_macro   0x0000a55d      0x100 out/list.o
 .debug_macro   0x0000a65d       0x16 out/list.o
 .debug_macro   0x0000a673       0x29 out/list.o
 .debug_macro   0x0000a69c       0x85 out/list.o
 .debug_macro   0x0000a721      0x214 out/list.o
 .debug_macro   0x0000a935       0x16 out/list.o
 .debug_macro   0x0000a94b      0x28f out/queue.o
 .debug_macro   0x0000abda       0x10 out/queue.o
 .debug_macro   0x0000abea       0x12 out/queue.o
 .debug_macro   0x0000abfc       0x1c out/queue.o
 .debug_macro   0x0000ac18      0x27c out/tasks.o
 .debug_macro   0x0000ae94       0x89 out/tasks.o
 .debug_macro   0x0000af1d       0xf5 out/tasks.o
 .debug_macro   0x0000b012       0x23 out/tasks.o
 .debug_macro   0x0000b035       0x22 out/tasks.o
 .debug_macro   0x0000b057       0x5b out/tasks.o
 .debug_macro   0x0000b0b2       0x16 out/tasks.o
 .debug_macro   0x0000b0c8      0x1fb out/timers.o
 .debug_macro   0x0000b2c3       0x96 out/timers.o
 .debug_macro   0x0000b359      0x215 out/port.o
 .debug_macro   0x0000b56e      0x207 out/heap_3.o
 .debug_macro   0x0000b775      0x434 out/ff.o
 .debug_macro   0x0000bba9       0x75 out/ff.o
 .debug_macro   0x0000bc1e       0x77 out/ff.o
 .debug_macro   0x0000bc95       0x20 out/ff.o
 .debug_macro   0x0000bcb5       0xe7 out/ff.o
 .debug_macro   0x0000bd9c       0xac out/ff.o
 .debug_macro   0x0000be48      0x1f5 out/syscall.o
 .debug_macro   0x0000c03d       0x91 out/syscall.o
 .debug_macro   0x0000c0ce      0x312 out/main.o
 .debug_macro   0x0000c3e0      0x826 out/main.o
 .debug_macro   0x0000cc06       0xa3 out/main.o
 .debug_macro   0x0000cca9       0x8c out/main.o
 .debug_macro   0x0000cd35      0x735 out/main.o
 .debug_macro   0x0000d46a       0x35 out/main.o
 .debug_macro   0x0000d49f      0x1ba out/main.o
 .debug_macro   0x0000d659       0xe3 out/main.o
 .debug_macro   0x0000d73c      0x314 out/main.o
 .debug_macro   0x0000da50       0x34 out/main.o
 .debug_macro   0x0000da84       0xd6 out/main.o
 .debug_macro   0x0000db5a       0x64 out/main.o
 .debug_macro   0x0000dbbe      0x1bf out/overrides.o
 .debug_macro   0x0000dd7d      0x173 out/overrides.o
 .debug_macro   0x0000def0       0x43 out/overrides.o
 .debug_macro   0x0000df33      0x306 out/mmc.o
 .debug_macro   0x0000e239       0x28 out/mmc.o
 .debug_macro   0x0000e261       0x16 out/mmc.o
 .debug_macro   0x0000e277       0x9a out/mmc.o
 .debug_macro   0x0000e311       0x16 out/mmc.o
 .debug_macro   0x0000e327      0x3a9 out/command.o
 .debug_macro   0x0000e6d0       0x1c out/command.o
 .debug_macro   0x0000e6ec       0x6e out/command.o
 .debug_macro   0x0000e75a       0x28 out/command.o
 .debug_macro   0x0000e782       0x11 out/command.o
 .debug_macro   0x0000e793       0x12 out/command.o
 .debug_macro   0x0000e7a5       0x18 out/command.o
 .debug_macro   0x0000e7bd       0x82 out/command.o
 .debug_macro   0x0000e83f       0x12 out/command.o
 .debug_macro   0x0000e851       0x46 out/command.o
 .debug_macro   0x0000e897       0x22 out/command.o
 .debug_macro   0x0000e8b9       0x1c out/command.o
 .debug_macro   0x0000e8d5       0x8e out/command.o
 .debug_macro   0x0000e963       0xcf out/gpio.o
 .debug_macro   0x0000ea32       0x10 out/gpio.o
 .debug_macro   0x0000ea42      0x180 out/helper.o
 .debug_macro   0x0000ebc2       0xfc out/helper.o
 .debug_macro   0x0000ecbe      0x140 out/i2c.o
 .debug_macro   0x0000edfe      0x6e1 out/i2c.o
 .debug_macro   0x0000f4df       0xd4 out/rcc.o
 .debug_macro   0x0000f5b3      0x2b7 out/serial.o
 .debug_macro   0x0000f86a       0x22 out/serial.o
 .debug_macro   0x0000f88c      0x98b out/serial.o
 .debug_macro   0x00010217      0xc29 out/serial.o
 .debug_macro   0x00010e40      0x144 out/spi.o
 .debug_macro   0x00010f84       0x1c out/spi.o
 .debug_macro   0x00010fa0      0x868 out/spi.o
 .debug_macro   0x00011808      0x2d5 out/usart.o
 .debug_macro   0x00011add      0x985 out/usart.o
 .debug_macro   0x00012462     0x10f4 out/usart.o

.comment        0x00000000       0x70
 .comment       0x00000000       0x70 out/printf-stdarg.o
                                 0x71 (size before relaxing)
 .comment       0x00000000       0x71 out/syscalls.o
 .comment       0x00000000       0x71 out/vectors_STM32L1xx_md.o
 .comment       0x00000000       0x71 out/croutine.o
 .comment       0x00000000       0x71 out/list.o
 .comment       0x00000000       0x71 out/queue.o
 .comment       0x00000000       0x71 out/tasks.o
 .comment       0x00000000       0x71 out/timers.o
 .comment       0x00000000       0x71 out/port.o
 .comment       0x00000000       0x71 out/heap_3.o
 .comment       0x00000000       0x71 out/ff.o
 .comment       0x00000000       0x71 out/syscall.o
 .comment       0x00000000       0x71 out/main.o
 .comment       0x00000000       0x71 out/overrides.o
 .comment       0x00000000       0x71 out/mmc.o
 .comment       0x00000000       0x71 out/command.o
 .comment       0x00000000       0x71 out/gpio.o
 .comment       0x00000000       0x71 out/helper.o
 .comment       0x00000000       0x71 out/i2c.o
 .comment       0x00000000       0x71 out/rcc.o
 .comment       0x00000000       0x71 out/serial.o
 .comment       0x00000000       0x71 out/spi.o
 .comment       0x00000000       0x71 out/usart.o

Cross Reference Table

Symbol                                            File
ADC1_IRQHandler                                   out/vectors_STM32L1xx_md.o
BusFault_Handler                                  out/vectors_STM32L1xx_md.o
COMP_IRQHandler                                   out/vectors_STM32L1xx_md.o
DAC_IRQHandler                                    out/vectors_STM32L1xx_md.o
DMA1_Channel1_IRQHandler                          out/vectors_STM32L1xx_md.o
DMA1_Channel2_IRQHandler                          out/vectors_STM32L1xx_md.o
DMA1_Channel3_IRQHandler                          out/vectors_STM32L1xx_md.o
DMA1_Channel4_IRQHandler                          out/usart.o
                                                  out/vectors_STM32L1xx_md.o
DMA1_Channel5_IRQHandler                          out/vectors_STM32L1xx_md.o
DMA1_Channel6_IRQHandler                          out/vectors_STM32L1xx_md.o
DMA1_Channel7_IRQHandler                          out/vectors_STM32L1xx_md.o
DebugMon_Handler                                  out/vectors_STM32L1xx_md.o
EXTI0_IRQHandler                                  out/vectors_STM32L1xx_md.o
EXTI15_10_IRQHandler                              out/vectors_STM32L1xx_md.o
EXTI1_IRQHandler                                  out/vectors_STM32L1xx_md.o
EXTI2_IRQHandler                                  out/vectors_STM32L1xx_md.o
EXTI3_IRQHandler                                  out/vectors_STM32L1xx_md.o
EXTI4_IRQHandler                                  out/vectors_STM32L1xx_md.o
EXTI9_5_IRQHandler                                out/vectors_STM32L1xx_md.o
FLASH_IRQHandler                                  out/vectors_STM32L1xx_md.o
HardFault_Handler                                 out/vectors_STM32L1xx_md.o
I2C1_ER_IRQHandler                                out/vectors_STM32L1xx_md.o
I2C1_EV_IRQHandler                                out/vectors_STM32L1xx_md.o
I2C2_ER_IRQHandler                                out/vectors_STM32L1xx_md.o
I2C2_EV_IRQHandler                                out/vectors_STM32L1xx_md.o
LCD_IRQHandler                                    out/vectors_STM32L1xx_md.o
MemManage_Handler                                 out/vectors_STM32L1xx_md.o
NMI_Handler                                       out/vectors_STM32L1xx_md.o
PVD_IRQHandler                                    out/vectors_STM32L1xx_md.o
PendSV_Handler                                    out/port.o
                                                  out/vectors_STM32L1xx_md.o
RCC_IRQHandler                                    out/vectors_STM32L1xx_md.o
RTC_Alarm_IRQHandler                              out/vectors_STM32L1xx_md.o
RTC_WKUP_IRQHandler                               out/vectors_STM32L1xx_md.o
Reset_Handler                                     out/startup_ARMv7-M_E_.o
                                                  out/vectors_STM32L1xx_md.o
SPI1_IRQHandler                                   out/vectors_STM32L1xx_md.o
SPI2_IRQHandler                                   out/vectors_STM32L1xx_md.o
SVC_Handler                                       out/port.o
                                                  out/vectors_STM32L1xx_md.o
SysTick_Handler                                   out/port.o
                                                  out/vectors_STM32L1xx_md.o
TAMPER_STAMP_IRQHandler                           out/vectors_STM32L1xx_md.o
TIM10_IRQHandler                                  out/vectors_STM32L1xx_md.o
TIM11_IRQHandler                                  out/vectors_STM32L1xx_md.o
TIM2_IRQHandler                                   out/vectors_STM32L1xx_md.o
TIM3_IRQHandler                                   out/vectors_STM32L1xx_md.o
TIM4_IRQHandler                                   out/vectors_STM32L1xx_md.o
TIM6_IRQHandler                                   out/helper.o
                                                  out/vectors_STM32L1xx_md.o
TIM7_IRQHandler                                   out/vectors_STM32L1xx_md.o
TIM9_IRQHandler                                   out/vectors_STM32L1xx_md.o
USART1_IRQHandler                                 out/usart.o
                                                  out/vectors_STM32L1xx_md.o
USART2_IRQHandler                                 out/vectors_STM32L1xx_md.o
USART3_IRQHandler                                 out/vectors_STM32L1xx_md.o
USB_FS_WKUP_IRQHandler                            out/vectors_STM32L1xx_md.o
USB_HP_IRQHandler                                 out/vectors_STM32L1xx_md.o
USB_LP_IRQHandler                                 out/vectors_STM32L1xx_md.o
UsageFault_Handler                                out/vectors_STM32L1xx_md.o
WWDG_IRQHandler                                   out/vectors_STM32L1xx_md.o
_Jv_RegisterClasses                               /home/maciek/gcc-arm-none-eabi/gcc-arm-none-eabi-4_7-2013q1/bin/../lib/gcc/arm-none-eabi/4.7.3/armv7-m/crtbegin.o
_ZNSt4listIPK17CommandDefinitionSaIS2_EE9_M_insertIJRKS2_EEEvSt14_List_iteratorIS2_EDpOT_ out/command.o
__Default_Handler                                 out/vectors_STM32L1xx_md.o
__Reserved_0x1C_Handler                           out/vectors_STM32L1xx_md.o
__Reserved_0x20_Handler                           out/vectors_STM32L1xx_md.o
__Reserved_0x24_Handler                           out/vectors_STM32L1xx_md.o
__Reserved_0x28_Handler                           out/vectors_STM32L1xx_md.o
__Reserved_0x34_Handler                           out/vectors_STM32L1xx_md.o
__aeabi_atexit                                    /home/maciek/gcc-arm-none-eabi/gcc-arm-none-eabi-4_7-2013q1/bin/../lib/gcc/arm-none-eabi/4.7.3/../../../../arm-none-eabi/lib/armv7-m/libstdc++.a(atexit_arm.o)
                                                  out/command.o
__bss_array_end                                   out/startup_ARMv7-M_E_.o
__bss_array_start                                 out/startup_ARMv7-M_E_.o
__bss_end__                                       /home/maciek/gcc-arm-none-eabi/gcc-arm-none-eabi-4_7-2013q1/bin/../lib/gcc/arm-none-eabi/4.7.3/../../../../arm-none-eabi/lib/armv7-m/crt0.o
__bss_start__                                     /home/maciek/gcc-arm-none-eabi/gcc-arm-none-eabi-4_7-2013q1/bin/../lib/gcc/arm-none-eabi/4.7.3/../../../../arm-none-eabi/lib/armv7-m/crt0.o
__call_exitprocs                                  /home/maciek/gcc-arm-none-eabi/gcc-arm-none-eabi-4_7-2013q1/bin/../lib/gcc/arm-none-eabi/4.7.3/../../../../arm-none-eabi/lib/armv7-m/libg.a(lib_a-__call_atexit.o)
                                                  /home/maciek/gcc-arm-none-eabi/gcc-arm-none-eabi-4_7-2013q1/bin/../lib/gcc/arm-none-eabi/4.7.3/../../../../arm-none-eabi/lib/armv7-m/libg.a(lib_a-exit.o)
__cxa_atexit                                      /home/maciek/gcc-arm-none-eabi/gcc-arm-none-eabi-4_7-2013q1/bin/../lib/gcc/arm-none-eabi/4.7.3/../../../../arm-none-eabi/lib/armv7-m/libg.a(lib_a-cxa_atexit.o)
                                                  /home/maciek/gcc-arm-none-eabi/gcc-arm-none-eabi-4_7-2013q1/bin/../lib/gcc/arm-none-eabi/4.7.3/../../../../arm-none-eabi/lib/armv7-m/libstdc++.a(atexit_arm.o)
__cxa_pure_virtual                                out/overrides.o
__data_array_end                                  out/startup_ARMv7-M_E_.o
__data_array_start                                out/startup_ARMv7-M_E_.o
__default_low_level_init                          out/startup_ARMv7-M_E_.o
__deregister_frame_info                           /home/maciek/gcc-arm-none-eabi/gcc-arm-none-eabi-4_7-2013q1/bin/../lib/gcc/arm-none-eabi/4.7.3/armv7-m/crtbegin.o
__dso_handle                                      /home/maciek/gcc-arm-none-eabi/gcc-arm-none-eabi-4_7-2013q1/bin/../lib/gcc/arm-none-eabi/4.7.3/armv7-m/crtbegin.o
                                                  out/command.o
__fini_array_end                                  /home/maciek/gcc-arm-none-eabi/gcc-arm-none-eabi-4_7-2013q1/bin/../lib/gcc/arm-none-eabi/4.7.3/../../../../arm-none-eabi/lib/armv7-m/libg.a(lib_a-fini.o)
__fini_array_start                                /home/maciek/gcc-arm-none-eabi/gcc-arm-none-eabi-4_7-2013q1/bin/../lib/gcc/arm-none-eabi/4.7.3/../../../../arm-none-eabi/lib/armv7-m/libg.a(lib_a-fini.o)
__heap_end                                        out/syscalls.o
__heap_start                                      out/syscalls.o
__init_array_end                                  /home/maciek/gcc-arm-none-eabi/gcc-arm-none-eabi-4_7-2013q1/bin/../lib/gcc/arm-none-eabi/4.7.3/../../../../arm-none-eabi/lib/armv7-m/libg.a(lib_a-init.o)
__init_array_start                                /home/maciek/gcc-arm-none-eabi/gcc-arm-none-eabi-4_7-2013q1/bin/../lib/gcc/arm-none-eabi/4.7.3/../../../../arm-none-eabi/lib/armv7-m/libg.a(lib_a-init.o)
__libc_fini                                       /home/maciek/gcc-arm-none-eabi/gcc-arm-none-eabi-4_7-2013q1/bin/../lib/gcc/arm-none-eabi/4.7.3/../../../../arm-none-eabi/lib/armv7-m/libg.a(lib_a-__call_atexit.o)
__libc_fini_array                                 /home/maciek/gcc-arm-none-eabi/gcc-arm-none-eabi-4_7-2013q1/bin/../lib/gcc/arm-none-eabi/4.7.3/../../../../arm-none-eabi/lib/armv7-m/libg.a(lib_a-fini.o)
                                                  /home/maciek/gcc-arm-none-eabi/gcc-arm-none-eabi-4_7-2013q1/bin/../lib/gcc/arm-none-eabi/4.7.3/../../../../arm-none-eabi/lib/armv7-m/libg.a(lib_a-__call_atexit.o)
                                                  out/startup_ARMv7-M_E_.o
                                                  /home/maciek/gcc-arm-none-eabi/gcc-arm-none-eabi-4_7-2013q1/bin/../lib/gcc/arm-none-eabi/4.7.3/../../../../arm-none-eabi/lib/armv7-m/crt0.o
__libc_init_array                                 /home/maciek/gcc-arm-none-eabi/gcc-arm-none-eabi-4_7-2013q1/bin/../lib/gcc/arm-none-eabi/4.7.3/../../../../arm-none-eabi/lib/armv7-m/libg.a(lib_a-init.o)
                                                  out/startup_ARMv7-M_E_.o
                                                  /home/maciek/gcc-arm-none-eabi/gcc-arm-none-eabi-4_7-2013q1/bin/../lib/gcc/arm-none-eabi/4.7.3/../../../../arm-none-eabi/lib/armv7-m/crt0.o
__main_stack_end                                  out/vectors_STM32L1xx_md.o
__malloc_av_                                      /home/maciek/gcc-arm-none-eabi/gcc-arm-none-eabi-4_7-2013q1/bin/../lib/gcc/arm-none-eabi/4.7.3/../../../../arm-none-eabi/lib/armv7-m/libg.a(lib_a-mallocr.o)
                                                  /home/maciek/gcc-arm-none-eabi/gcc-arm-none-eabi-4_7-2013q1/bin/../lib/gcc/arm-none-eabi/4.7.3/../../../../arm-none-eabi/lib/armv7-m/libg.a(lib_a-freer.o)
__malloc_current_mallinfo                         /home/maciek/gcc-arm-none-eabi/gcc-arm-none-eabi-4_7-2013q1/bin/../lib/gcc/arm-none-eabi/4.7.3/../../../../arm-none-eabi/lib/armv7-m/libg.a(lib_a-mallocr.o)
                                                  /home/maciek/gcc-arm-none-eabi/gcc-arm-none-eabi-4_7-2013q1/bin/../lib/gcc/arm-none-eabi/4.7.3/../../../../arm-none-eabi/lib/armv7-m/libg.a(lib_a-freer.o)
__malloc_lock                                     /home/maciek/gcc-arm-none-eabi/gcc-arm-none-eabi-4_7-2013q1/bin/../lib/gcc/arm-none-eabi/4.7.3/../../../../arm-none-eabi/lib/armv7-m/libg.a(lib_a-mlock.o)
                                                  /home/maciek/gcc-arm-none-eabi/gcc-arm-none-eabi-4_7-2013q1/bin/../lib/gcc/arm-none-eabi/4.7.3/../../../../arm-none-eabi/lib/armv7-m/libg.a(lib_a-freer.o)
                                                  /home/maciek/gcc-arm-none-eabi/gcc-arm-none-eabi-4_7-2013q1/bin/../lib/gcc/arm-none-eabi/4.7.3/../../../../arm-none-eabi/lib/armv7-m/libg.a(lib_a-mallocr.o)
__malloc_max_sbrked_mem                           /home/maciek/gcc-arm-none-eabi/gcc-arm-none-eabi-4_7-2013q1/bin/../lib/gcc/arm-none-eabi/4.7.3/../../../../arm-none-eabi/lib/armv7-m/libg.a(lib_a-mallocr.o)
__malloc_max_total_mem                            /home/maciek/gcc-arm-none-eabi/gcc-arm-none-eabi-4_7-2013q1/bin/../lib/gcc/arm-none-eabi/4.7.3/../../../../arm-none-eabi/lib/armv7-m/libg.a(lib_a-mallocr.o)
__malloc_sbrk_base                                /home/maciek/gcc-arm-none-eabi/gcc-arm-none-eabi-4_7-2013q1/bin/../lib/gcc/arm-none-eabi/4.7.3/../../../../arm-none-eabi/lib/armv7-m/libg.a(lib_a-mallocr.o)
                                                  /home/maciek/gcc-arm-none-eabi/gcc-arm-none-eabi-4_7-2013q1/bin/../lib/gcc/arm-none-eabi/4.7.3/../../../../arm-none-eabi/lib/armv7-m/libg.a(lib_a-freer.o)
__malloc_top_pad                                  /home/maciek/gcc-arm-none-eabi/gcc-arm-none-eabi-4_7-2013q1/bin/../lib/gcc/arm-none-eabi/4.7.3/../../../../arm-none-eabi/lib/armv7-m/libg.a(lib_a-mallocr.o)
                                                  /home/maciek/gcc-arm-none-eabi/gcc-arm-none-eabi-4_7-2013q1/bin/../lib/gcc/arm-none-eabi/4.7.3/../../../../arm-none-eabi/lib/armv7-m/libg.a(lib_a-freer.o)
__malloc_trim_threshold                           /home/maciek/gcc-arm-none-eabi/gcc-arm-none-eabi-4_7-2013q1/bin/../lib/gcc/arm-none-eabi/4.7.3/../../../../arm-none-eabi/lib/armv7-m/libg.a(lib_a-mallocr.o)
                                                  /home/maciek/gcc-arm-none-eabi/gcc-arm-none-eabi-4_7-2013q1/bin/../lib/gcc/arm-none-eabi/4.7.3/../../../../arm-none-eabi/lib/armv7-m/libg.a(lib_a-freer.o)
__malloc_unlock                                   /home/maciek/gcc-arm-none-eabi/gcc-arm-none-eabi-4_7-2013q1/bin/../lib/gcc/arm-none-eabi/4.7.3/../../../../arm-none-eabi/lib/armv7-m/libg.a(lib_a-mlock.o)
                                                  /home/maciek/gcc-arm-none-eabi/gcc-arm-none-eabi-4_7-2013q1/bin/../lib/gcc/arm-none-eabi/4.7.3/../../../../arm-none-eabi/lib/armv7-m/libg.a(lib_a-freer.o)
                                                  /home/maciek/gcc-arm-none-eabi/gcc-arm-none-eabi-4_7-2013q1/bin/../lib/gcc/arm-none-eabi/4.7.3/../../../../arm-none-eabi/lib/armv7-m/libg.a(lib_a-mallocr.o)
__preinit_array_end                               /home/maciek/gcc-arm-none-eabi/gcc-arm-none-eabi-4_7-2013q1/bin/../lib/gcc/arm-none-eabi/4.7.3/../../../../arm-none-eabi/lib/armv7-m/libg.a(lib_a-init.o)
__preinit_array_start                             /home/maciek/gcc-arm-none-eabi/gcc-arm-none-eabi-4_7-2013q1/bin/../lib/gcc/arm-none-eabi/4.7.3/../../../../arm-none-eabi/lib/armv7-m/libg.a(lib_a-init.o)
__process_stack_end                               out/startup_ARMv7-M_E_.o
__ram_start                                       out/usart.o
__register_exitproc                               /home/maciek/gcc-arm-none-eabi/gcc-arm-none-eabi-4_7-2013q1/bin/../lib/gcc/arm-none-eabi/4.7.3/../../../../arm-none-eabi/lib/armv7-m/libg.a(lib_a-__atexit.o)
                                                  /home/maciek/gcc-arm-none-eabi/gcc-arm-none-eabi-4_7-2013q1/bin/../lib/gcc/arm-none-eabi/4.7.3/../../../../arm-none-eabi/lib/armv7-m/libg.a(lib_a-atexit.o)
                                                  /home/maciek/gcc-arm-none-eabi/gcc-arm-none-eabi-4_7-2013q1/bin/../lib/gcc/arm-none-eabi/4.7.3/../../../../arm-none-eabi/lib/armv7-m/libg.a(lib_a-cxa_atexit.o)
                                                  /home/maciek/gcc-arm-none-eabi/gcc-arm-none-eabi-4_7-2013q1/bin/../lib/gcc/arm-none-eabi/4.7.3/../../../../arm-none-eabi/lib/armv7-m/crt0.o
__register_frame_info                             /home/maciek/gcc-arm-none-eabi/gcc-arm-none-eabi-4_7-2013q1/bin/../lib/gcc/arm-none-eabi/4.7.3/armv7-m/crtbegin.o
__stack                                           /home/maciek/gcc-arm-none-eabi/gcc-arm-none-eabi-4_7-2013q1/bin/../lib/gcc/arm-none-eabi/4.7.3/../../../../arm-none-eabi/lib/armv7-m/crt0.o
__strtok_r                                        /home/maciek/gcc-arm-none-eabi/gcc-arm-none-eabi-4_7-2013q1/bin/../lib/gcc/arm-none-eabi/4.7.3/../../../../arm-none-eabi/lib/armv7-m/libg.a(lib_a-strtok_r.o)
_close_r                                          out/syscalls.o
_commands                                         out/command.o
_execve_r                                         out/syscalls.o
_exit                                             out/syscalls.o
                                                  /home/maciek/gcc-arm-none-eabi/gcc-arm-none-eabi-4_7-2013q1/bin/../lib/gcc/arm-none-eabi/4.7.3/../../../../arm-none-eabi/lib/armv7-m/libg.a(lib_a-exit.o)
_fini                                             /home/maciek/gcc-arm-none-eabi/gcc-arm-none-eabi-4_7-2013q1/bin/../lib/gcc/arm-none-eabi/4.7.3/armv7-m/crti.o
                                                  /home/maciek/gcc-arm-none-eabi/gcc-arm-none-eabi-4_7-2013q1/bin/../lib/gcc/arm-none-eabi/4.7.3/../../../../arm-none-eabi/lib/armv7-m/libg.a(lib_a-fini.o)
_fork_r                                           out/syscalls.o
_free_r                                           /home/maciek/gcc-arm-none-eabi/gcc-arm-none-eabi-4_7-2013q1/bin/../lib/gcc/arm-none-eabi/4.7.3/../../../../arm-none-eabi/lib/armv7-m/libg.a(lib_a-freer.o)
                                                  /home/maciek/gcc-arm-none-eabi/gcc-arm-none-eabi-4_7-2013q1/bin/../lib/gcc/arm-none-eabi/4.7.3/../../../../arm-none-eabi/lib/armv7-m/libg.a(lib_a-reent.o)
                                                  /home/maciek/gcc-arm-none-eabi/gcc-arm-none-eabi-4_7-2013q1/bin/../lib/gcc/arm-none-eabi/4.7.3/../../../../arm-none-eabi/lib/armv7-m/libg.a(lib_a-mallocr.o)
                                                  /home/maciek/gcc-arm-none-eabi/gcc-arm-none-eabi-4_7-2013q1/bin/../lib/gcc/arm-none-eabi/4.7.3/../../../../arm-none-eabi/lib/armv7-m/libg.a(lib_a-malloc.o)
_fstat_r                                          out/syscalls.o
_getpid_r                                         out/syscalls.o
_global_impure_ptr                                /home/maciek/gcc-arm-none-eabi/gcc-arm-none-eabi-4_7-2013q1/bin/../lib/gcc/arm-none-eabi/4.7.3/../../../../arm-none-eabi/lib/armv7-m/libg.a(lib_a-impure.o)
                                                  /home/maciek/gcc-arm-none-eabi/gcc-arm-none-eabi-4_7-2013q1/bin/../lib/gcc/arm-none-eabi/4.7.3/../../../../arm-none-eabi/lib/armv7-m/libg.a(lib_a-__call_atexit.o)
                                                  /home/maciek/gcc-arm-none-eabi/gcc-arm-none-eabi-4_7-2013q1/bin/../lib/gcc/arm-none-eabi/4.7.3/../../../../arm-none-eabi/lib/armv7-m/libg.a(lib_a-exit.o)
                                                  /home/maciek/gcc-arm-none-eabi/gcc-arm-none-eabi-4_7-2013q1/bin/../lib/gcc/arm-none-eabi/4.7.3/../../../../arm-none-eabi/lib/armv7-m/libg.a(lib_a-__atexit.o)
_impure_ptr                                       /home/maciek/gcc-arm-none-eabi/gcc-arm-none-eabi-4_7-2013q1/bin/../lib/gcc/arm-none-eabi/4.7.3/../../../../arm-none-eabi/lib/armv7-m/libg.a(lib_a-impure.o)
                                                  /home/maciek/gcc-arm-none-eabi/gcc-arm-none-eabi-4_7-2013q1/bin/../lib/gcc/arm-none-eabi/4.7.3/../../../../arm-none-eabi/lib/armv7-m/libg.a(lib_a-reent.o)
                                                  /home/maciek/gcc-arm-none-eabi/gcc-arm-none-eabi-4_7-2013q1/bin/../lib/gcc/arm-none-eabi/4.7.3/../../../../arm-none-eabi/lib/armv7-m/libg.a(lib_a-malloc.o)
_init                                             /home/maciek/gcc-arm-none-eabi/gcc-arm-none-eabi-4_7-2013q1/bin/../lib/gcc/arm-none-eabi/4.7.3/armv7-m/crti.o
                                                  /home/maciek/gcc-arm-none-eabi/gcc-arm-none-eabi-4_7-2013q1/bin/../lib/gcc/arm-none-eabi/4.7.3/../../../../arm-none-eabi/lib/armv7-m/libg.a(lib_a-init.o)
_isatty_r                                         out/syscalls.o
_kill_r                                           out/syscalls.o
_link_r                                           out/syscalls.o
_lseek_r                                          out/syscalls.o
_mainCRTStartup                                   /home/maciek/gcc-arm-none-eabi/gcc-arm-none-eabi-4_7-2013q1/bin/../lib/gcc/arm-none-eabi/4.7.3/../../../../arm-none-eabi/lib/armv7-m/crt0.o
_malloc_r                                         /home/maciek/gcc-arm-none-eabi/gcc-arm-none-eabi-4_7-2013q1/bin/../lib/gcc/arm-none-eabi/4.7.3/../../../../arm-none-eabi/lib/armv7-m/libg.a(lib_a-mallocr.o)
                                                  /home/maciek/gcc-arm-none-eabi/gcc-arm-none-eabi-4_7-2013q1/bin/../lib/gcc/arm-none-eabi/4.7.3/../../../../arm-none-eabi/lib/armv7-m/libg.a(lib_a-malloc.o)
_malloc_trim_r                                    /home/maciek/gcc-arm-none-eabi/gcc-arm-none-eabi-4_7-2013q1/bin/../lib/gcc/arm-none-eabi/4.7.3/../../../../arm-none-eabi/lib/armv7-m/libg.a(lib_a-freer.o)
_open_r                                           out/syscalls.o
_read_r                                           out/syscalls.o
_reclaim_reent                                    /home/maciek/gcc-arm-none-eabi/gcc-arm-none-eabi-4_7-2013q1/bin/../lib/gcc/arm-none-eabi/4.7.3/../../../../arm-none-eabi/lib/armv7-m/libg.a(lib_a-reent.o)
_sbrk_r                                           out/syscalls.o
                                                  /home/maciek/gcc-arm-none-eabi/gcc-arm-none-eabi-4_7-2013q1/bin/../lib/gcc/arm-none-eabi/4.7.3/../../../../arm-none-eabi/lib/armv7-m/libg.a(lib_a-freer.o)
                                                  /home/maciek/gcc-arm-none-eabi/gcc-arm-none-eabi-4_7-2013q1/bin/../lib/gcc/arm-none-eabi/4.7.3/../../../../arm-none-eabi/lib/armv7-m/libg.a(lib_a-mallocr.o)
_start                                            /home/maciek/gcc-arm-none-eabi/gcc-arm-none-eabi-4_7-2013q1/bin/../lib/gcc/arm-none-eabi/4.7.3/../../../../arm-none-eabi/lib/armv7-m/crt0.o
_stat_r                                           out/syscalls.o
_times_r                                          out/syscalls.o
_unlink_r                                         out/syscalls.o
_wait_r                                           out/syscalls.o
_wrapup_reent                                     /home/maciek/gcc-arm-none-eabi/gcc-arm-none-eabi-4_7-2013q1/bin/../lib/gcc/arm-none-eabi/4.7.3/../../../../arm-none-eabi/lib/armv7-m/libg.a(lib_a-reent.o)
_write_r                                          out/syscalls.o
atexit                                            /home/maciek/gcc-arm-none-eabi/gcc-arm-none-eabi-4_7-2013q1/bin/../lib/gcc/arm-none-eabi/4.7.3/../../../../arm-none-eabi/lib/armv7-m/libg.a(lib_a-atexit.o)
                                                  /home/maciek/gcc-arm-none-eabi/gcc-arm-none-eabi-4_7-2013q1/bin/../lib/gcc/arm-none-eabi/4.7.3/../../../../arm-none-eabi/lib/armv7-m/libg.a(lib_a-__call_atexit.o)
cleanup_glue                                      /home/maciek/gcc-arm-none-eabi/gcc-arm-none-eabi-4_7-2013q1/bin/../lib/gcc/arm-none-eabi/4.7.3/../../../../arm-none-eabi/lib/armv7-m/libg.a(lib_a-reent.o)
clust2sect                                        out/ff.o
commandArgumentsToPairs(char const**, unsigned long, CommandArgumentPair*, unsigned int) out/command.o
commandProcessInput(char*, char*, unsigned int)   out/command.o
                                                  out/usart.o
commandRegister(CommandDefinition const*)         out/command.o
configureTimerForRuntimestats                     out/helper.o
                                                  out/tasks.o
danaZMSP                                          out/main.o
disk_initialize                                   out/mmc.o
                                                  out/ff.o
disk_ioctl                                        out/mmc.o
                                                  out/ff.o
disk_read                                         out/mmc.o
                                                  out/ff.o
disk_status                                       out/mmc.o
                                                  out/ff.o
disk_write                                        out/mmc.o
                                                  out/ff.o
environ                                           out/syscalls.o
environ_initial                                   out/syscalls.o
errno                                             /home/maciek/gcc-arm-none-eabi/gcc-arm-none-eabi-4_7-2013q1/bin/../lib/gcc/arm-none-eabi/4.7.3/../../../../arm-none-eabi/lib/armv7-m/libg.a(lib_a-reent.o)
                                                  out/syscalls.o
exit                                              /home/maciek/gcc-arm-none-eabi/gcc-arm-none-eabi-4_7-2013q1/bin/../lib/gcc/arm-none-eabi/4.7.3/../../../../arm-none-eabi/lib/armv7-m/libg.a(lib_a-exit.o)
                                                  /home/maciek/gcc-arm-none-eabi/gcc-arm-none-eabi-4_7-2013q1/bin/../lib/gcc/arm-none-eabi/4.7.3/../../../../arm-none-eabi/lib/armv7-m/crt0.o
f_chmod                                           out/ff.o
f_close                                           out/ff.o
f_getfree                                         out/ff.o
f_lseek                                           out/ff.o
f_mkdir                                           out/ff.o
f_mount                                           out/ff.o
f_open                                            out/ff.o
f_opendir                                         out/ff.o
f_read                                            out/ff.o
f_readdir                                         out/ff.o
f_rename                                          out/ff.o
f_stat                                            out/ff.o
f_sync                                            out/ff.o
f_truncate                                        out/ff.o
f_unlink                                          out/ff.o
f_utime                                           out/ff.o
f_write                                           out/ff.o
ff_cre_syncobj                                    out/syscall.o
                                                  out/ff.o
ff_del_syncobj                                    out/syscall.o
                                                  out/ff.o
ff_rel_grant                                      out/syscall.o
                                                  out/ff.o
ff_req_grant                                      out/syscall.o
                                                  out/ff.o
free                                              /home/maciek/gcc-arm-none-eabi/gcc-arm-none-eabi-4_7-2013q1/bin/../lib/gcc/arm-none-eabi/4.7.3/../../../../arm-none-eabi/lib/armv7-m/libg.a(lib_a-malloc.o)
                                                  /home/maciek/gcc-arm-none-eabi/gcc-arm-none-eabi-4_7-2013q1/bin/../lib/gcc/arm-none-eabi/4.7.3/../../../../arm-none-eabi/lib/armv7-m/libg.a(lib_a-__call_atexit.o)
                                                  out/heap_3.o
get_fat                                           out/ff.o
get_fattime                                       out/mmc.o
                                                  out/ff.o
gpioConfigurePin(GPIO_TypeDef*, GpioPin, GpioConfiguration) out/gpio.o
                                                  out/usart.o
                                                  out/spi.o
                                                  out/serial.o
                                                  out/i2c.o
                                                  out/mmc.o
gpioInitialize()                                  out/gpio.o
                                                  out/main.o
hardware_init_hook                                /home/maciek/gcc-arm-none-eabi/gcc-arm-none-eabi-4_7-2013q1/bin/../lib/gcc/arm-none-eabi/4.7.3/../../../../arm-none-eabi/lib/armv7-m/crt0.o
i2cInitialize()                                   out/i2c.o
i2cRead(unsigned char, unsigned char*, unsigned int) out/i2c.o
i2cWrite(unsigned char, unsigned char const*, unsigned int) out/i2c.o
low_level_init_0                                  out/startup_ARMv7-M_E_.o
low_level_init_1                                  out/startup_ARMv7-M_E_.o
main                                              out/main.o
                                                  out/startup_ARMv7-M_E_.o
                                                  /home/maciek/gcc-arm-none-eabi/gcc-arm-none-eabi-4_7-2013q1/bin/../lib/gcc/arm-none-eabi/4.7.3/../../../../arm-none-eabi/lib/armv7-m/crt0.o