Archive member included because of file (symbol)

d:/programy/gnu tools arm embedded/4.8 2014q2/bin/../lib/gcc/arm-none-eabi/4.8.4/../../../../arm-none-eabi/lib/armv7-m\libstdc++.a(atexit_arm.o)
                              out/command.o (__aeabi_atexit)
d:/programy/gnu tools arm embedded/4.8 2014q2/bin/../lib/gcc/arm-none-eabi/4.8.4/../../../../arm-none-eabi/lib/armv7-m\libstdc++.a(list.o)
                              out/command.o (std::__detail::_List_node_base::_M_hook(std::__detail::_List_node_base*))
d:/programy/gnu tools arm embedded/4.8 2014q2/bin/../lib/gcc/arm-none-eabi/4.8.4/../../../../arm-none-eabi/lib/armv7-m\libstdc++.a(functexcept.o)
                              out/command.o (std::__throw_bad_alloc())
d:/programy/gnu tools arm embedded/4.8 2014q2/bin/../lib/gcc/arm-none-eabi/4.8.4/../../../../arm-none-eabi/lib/armv7-m\libstdc++.a(future.o)
                              d:/programy/gnu tools arm embedded/4.8 2014q2/bin/../lib/gcc/arm-none-eabi/4.8.4/../../../../arm-none-eabi/lib/armv7-m\libstdc++.a(functexcept.o) (std::future_error::~future_error())
d:/programy/gnu tools arm embedded/4.8 2014q2/bin/../lib/gcc/arm-none-eabi/4.8.4/../../../../arm-none-eabi/lib/armv7-m\libstdc++.a(system_error.o)
                              d:/programy/gnu tools arm embedded/4.8 2014q2/bin/../lib/gcc/arm-none-eabi/4.8.4/../../../../arm-none-eabi/lib/armv7-m\libstdc++.a(future.o) (std::error_category::~error_category())
d:/programy/gnu tools arm embedded/4.8 2014q2/bin/../lib/gcc/arm-none-eabi/4.8.4/../../../../arm-none-eabi/lib/armv7-m\libstdc++.a(regex.o)
                              d:/programy/gnu tools arm embedded/4.8 2014q2/bin/../lib/gcc/arm-none-eabi/4.8.4/../../../../arm-none-eabi/lib/armv7-m\libstdc++.a(functexcept.o) (std::regex_error::~regex_error())
d:/programy/gnu tools arm embedded/4.8 2014q2/bin/../lib/gcc/arm-none-eabi/4.8.4/../../../../arm-none-eabi/lib/armv7-m\libstdc++.a(bad_typeid.o)
                              d:/programy/gnu tools arm embedded/4.8 2014q2/bin/../lib/gcc/arm-none-eabi/4.8.4/../../../../arm-none-eabi/lib/armv7-m\libstdc++.a(functexcept.o) (std::bad_typeid::~bad_typeid())
d:/programy/gnu tools arm embedded/4.8 2014q2/bin/../lib/gcc/arm-none-eabi/4.8.4/../../../../arm-none-eabi/lib/armv7-m\libstdc++.a(guard.o)
                              d:/programy/gnu tools arm embedded/4.8 2014q2/bin/../lib/gcc/arm-none-eabi/4.8.4/../../../../arm-none-eabi/lib/armv7-m\libstdc++.a(future.o) (__cxa_guard_acquire)
d:/programy/gnu tools arm embedded/4.8 2014q2/bin/../lib/gcc/arm-none-eabi/4.8.4/../../../../arm-none-eabi/lib/armv7-m\libstdc++.a(eh_alloc.o)
                              d:/programy/gnu tools arm embedded/4.8 2014q2/bin/../lib/gcc/arm-none-eabi/4.8.4/../../../../arm-none-eabi/lib/armv7-m\libstdc++.a(functexcept.o) (__cxa_allocate_exception)
d:/programy/gnu tools arm embedded/4.8 2014q2/bin/../lib/gcc/arm-none-eabi/4.8.4/../../../../arm-none-eabi/lib/armv7-m\libstdc++.a(bad_cast.o)
                              d:/programy/gnu tools arm embedded/4.8 2014q2/bin/../lib/gcc/arm-none-eabi/4.8.4/../../../../arm-none-eabi/lib/armv7-m\libstdc++.a(functexcept.o) (std::bad_cast::~bad_cast())
d:/programy/gnu tools arm embedded/4.8 2014q2/bin/../lib/gcc/arm-none-eabi/4.8.4/../../../../arm-none-eabi/lib/armv7-m\libstdc++.a(eh_personality.o)
                              d:/programy/gnu tools arm embedded/4.8 2014q2/bin/../lib/gcc/arm-none-eabi/4.8.4/../../../../arm-none-eabi/lib/armv7-m\libstdc++.a(functexcept.o) (__gxx_personality_v0)
d:/programy/gnu tools arm embedded/4.8 2014q2/bin/../lib/gcc/arm-none-eabi/4.8.4/../../../../arm-none-eabi/lib/armv7-m\libstdc++.a(eh_throw.o)
                              d:/programy/gnu tools arm embedded/4.8 2014q2/bin/../lib/gcc/arm-none-eabi/4.8.4/../../../../arm-none-eabi/lib/armv7-m\libstdc++.a(functexcept.o) (__cxa_throw)
d:/programy/gnu tools arm embedded/4.8 2014q2/bin/../lib/gcc/arm-none-eabi/4.8.4/../../../../arm-none-eabi/lib/armv7-m\libstdc++.a(eh_arm.o)
                              d:/programy/gnu tools arm embedded/4.8 2014q2/bin/../lib/gcc/arm-none-eabi/4.8.4/../../../../arm-none-eabi/lib/armv7-m\libstdc++.a(functexcept.o) (__cxa_end_cleanup)
d:/programy/gnu tools arm embedded/4.8 2014q2/bin/../lib/gcc/arm-none-eabi/4.8.4/../../../../arm-none-eabi/lib/armv7-m\libstdc++.a(guard_error.o)
                              d:/programy/gnu tools arm embedded/4.8 2014q2/bin/../lib/gcc/arm-none-eabi/4.8.4/../../../../arm-none-eabi/lib/armv7-m\libstdc++.a(guard.o) (__gnu_cxx::recursive_init_error::~recursive_init_error())
d:/programy/gnu tools arm embedded/4.8 2014q2/bin/../lib/gcc/arm-none-eabi/4.8.4/../../../../arm-none-eabi/lib/armv7-m\libstdc++.a(bad_alloc.o)
                              d:/programy/gnu tools arm embedded/4.8 2014q2/bin/../lib/gcc/arm-none-eabi/4.8.4/../../../../arm-none-eabi/lib/armv7-m\libstdc++.a(functexcept.o) (std::bad_alloc::~bad_alloc())
[...]
Memory Configuration

Name             Origin             Length             Attributes
rom              0x08000000         0x00020000         xr
eeprom           0x08080000         0x00001000         r
ram              0x20000000         0x00004000         xrw
*default*        0x00000000         0xffffffff

Linker script and memory map

LOAD d:/programy/gnu tools arm embedded/4.8 2014q2/bin/../lib/gcc/arm-none-eabi/4.8.4/armv7-m/crti.o
LOAD d:/programy/gnu tools arm embedded/4.8 2014q2/bin/../lib/gcc/arm-none-eabi/4.8.4/armv7-m/crtbegin.o
LOAD d:/programy/gnu tools arm embedded/4.8 2014q2/bin/../lib/gcc/arm-none-eabi/4.8.4/../../../../arm-none-eabi/lib/armv7-m/crt0.o
LOAD out/startup_ARMv7-M_E_.o
LOAD out/croutine.o
LOAD out/list.o
LOAD out/queue.o
LOAD out/tasks.o
LOAD out/timers.o
LOAD out/port.o
LOAD out/heap_3.o
LOAD out/ff.o
LOAD out/syscall.o
LOAD out/printf-stdarg.o
LOAD out/syscalls.o
LOAD out/vectors_STM32L1xx_md.o
LOAD out/mmc.o
LOAD out/command.o
LOAD out/gpio.o
LOAD out/helper.o
LOAD out/i2c.o
LOAD out/lcd.o
LOAD out/rcc.o
LOAD out/serial.o
LOAD out/spi.o
LOAD out/usart.o
LOAD out/main.o
LOAD out/overrides.o
LOAD out/driver.o
LOAD out/FC30.o
LOAD out/lcdprinter.o
LOAD d:/programy/gnu tools arm embedded/4.8 2014q2/bin/../lib/gcc/arm-none-eabi/4.8.4/../../../../arm-none-eabi/lib/armv7-m\libstdc++.a
LOAD d:/programy/gnu tools arm embedded/4.8 2014q2/bin/../lib/gcc/arm-none-eabi/4.8.4/../../../../arm-none-eabi/lib/armv7-m\libm.a
START GROUP
LOAD d:/programy/gnu tools arm embedded/4.8 2014q2/bin/../lib/gcc/arm-none-eabi/4.8.4/armv7-m\libgcc.a
LOAD d:/programy/gnu tools arm embedded/4.8 2014q2/bin/../lib/gcc/arm-none-eabi/4.8.4/../../../../arm-none-eabi/lib/armv7-m\libg.a
LOAD d:/programy/gnu tools arm embedded/4.8 2014q2/bin/../lib/gcc/arm-none-eabi/4.8.4/../../../../arm-none-eabi/lib/armv7-m\libc.a
END GROUP
LOAD d:/programy/gnu tools arm embedded/4.8 2014q2/bin/../lib/gcc/arm-none-eabi/4.8.4/armv7-m/crtend.o
LOAD d:/programy/gnu tools arm embedded/4.8 2014q2/bin/../lib/gcc/arm-none-eabi/4.8.4/armv7-m/crtn.o
                0x00000400                __main_stack_size = 0x400
                0x00000400                __process_stack_size = 0x400
                [0x00000400]                PROVIDE (__main_stack_size, __main_stack_size)
                [0x00000400]                PROVIDE (__process_stack_size, __process_stack_size)
                0x08000000                __rom_start = ORIGIN (rom)
                0x00020000                __rom_size = 0x20000
                0x08020000                __rom_end = (__rom_start + __rom_size)
                [0x08000000]                PROVIDE (__rom_start, __rom_start)
                [0x00020000]                PROVIDE (__rom_size, __rom_size)
                [0x08020000]                PROVIDE (__rom_end, __rom_end)
                0x08080000                __eeprom_start = ORIGIN (eeprom)
                0x00001000                __eeprom_size = 0x1000
                0x08081000                __eeprom_end = (__eeprom_start + __eeprom_size)
                [0x08080000]                PROVIDE (__eeprom_start, __eeprom_start)
                [0x00001000]                PROVIDE (__eeprom_size, __eeprom_size)
                [0x08081000]                PROVIDE (__eeprom_end, __eeprom_end)
                0x20000000                __ram_start = ORIGIN (ram)
                0x00004000                __ram_size = 0x4000
                0x20004000                __ram_end = (__ram_start + __ram_size)
                [0x20000000]                PROVIDE (__ram_start, __ram_start)
                [0x00004000]                PROVIDE (__ram_size, __ram_size)
                [0x20004000]                PROVIDE (__ram_end, __ram_end)

.text           0x08000000     0xdd74
                0x08000000                . = ALIGN (0x4)
                0x08000000                __text_start = .
                [0x08000000]                PROVIDE (__text_start, __text_start)
                0x08000000                . = ALIGN (0x4)
                0x08000000                __vectors_start = .
                [0x08000000]                PROVIDE (__vectors_start, __vectors_start)
                0x08000000                . = ALIGN (0x4)
 *(.vectors)
 .vectors       0x08000000       0xf4 out/vectors_STM32L1xx_md.o
                0x08000000                vectors
                0x080000f4                . = ALIGN (0x4)
                0x080000f4                __vectors_end = .
                [0x080000f4]                PROVIDE (__vectors_end, __vectors_end)
                0x080000f4                . = ALIGN (0x4)
 *(.text .text.* .gnu.linkonce.t.*)
 .text          0x080000f4       0x54 d:/programy/gnu tools arm embedded/4.8 2014q2/bin/../lib/gcc/arm-none-eabi/4.8.4/armv7-m/crtbegin.o
 .text          0x08000148       0x98 out/startup_ARMv7-M_E_.o
                0x08000148                Reset_Handler
                0x080001b4                low_level_init_1
                0x080001b4                low_level_init_0
                0x080001b4                __default_low_level_init
 .text.vListInsertEnd
                0x080001e0       0x50 out/list.o
                0x080001e0                vListInsertEnd
 .text.vListRemove
                0x08000230       0x50 out/list.o
                0x08000230                vListRemove
 .text.xQueueGenericSendFromISR
                0x08000280       0x88 out/queue.o
                0x08000280                xQueueGenericSendFromISR
 .text.prvCopyDataToQueue
                0x08000308       0xb8 out/queue.o
 .text.vTaskSuspendAll
                0x080003c0       0x1c out/tasks.o
                0x080003c0                vTaskSuspendAll
 .text.xTaskResumeAll
                0x080003dc       0xf4 out/tasks.o
                0x080003dc                xTaskResumeAll
 .text.vTaskIncrementTick
                0x080004d0      0x12c out/tasks.o
                0x080004d0                vTaskIncrementTick
 .text.vTaskSwitchContext
                0x080005fc       0xc8 out/tasks.o
                0x080005fc                vTaskSwitchContext
 .text.xTaskRemoveFromEventList
                0x080006c4       0xa0 out/tasks.o
                0x080006c4                xTaskRemoveFromEventList
 .text.vTaskPriorityDisinherit
                0x08000764       0x7c out/tasks.o
                0x08000764                vTaskPriorityDisinherit
 .text.SVC_Handler
                0x080007e0       0x20 out/port.o
                0x080007e0                SVC_Handler
 .text.vPortYieldFromISR
                0x08000800       0x18 out/port.o
                0x08000800                vPortYieldFromISR
 .text.vPortEnterCritical
                0x08000818       0x24 out/port.o
                0x08000818                vPortEnterCritical
 .text.vPortExitCritical
                0x0800083c       0x2c out/port.o
                0x0800083c                vPortExitCritical
 .text.PendSV_Handler
                0x08000868       0x3c out/port.o
                0x08000868                PendSV_Handler
 .text.SysTick_Handler
                0x080008a4       0x30 out/port.o
                0x080008a4                SysTick_Handler
 .text.pvPortMalloc
                0x080008d4       0x24 out/heap_3.o
                0x080008d4                pvPortMalloc
 .text.vPortFree
                0x080008f8       0x24 out/heap_3.o
                0x080008f8                vPortFree
 .text.printchar
                0x0800091c       0x34 out/printf-stdarg.o
 .text.prints   0x08000950       0xb4 out/printf-stdarg.o
 .text.printi   0x08000a04       0xdc out/printf-stdarg.o
 .text.print    0x08000ae0      0x1e4 out/printf-stdarg.o
 .text.printf   0x08000cc4       0x28 out/printf-stdarg.o
                0x08000cc4                printf
 .text.sprintf  0x08000cec       0x2c out/printf-stdarg.o
                0x08000cec                sprintf
 .text._close_r
                0x08000d18       0x1c out/syscalls.o
                0x08000d18                _close_r
 .text._exit    0x08000d34        0xc out/syscalls.o
                0x08000d34                _exit
 .text._fstat_r
                0x08000d40       0x24 out/syscalls.o
                0x08000d40                _fstat_r
 .text._getpid_r
                0x08000d64       0x18 out/syscalls.o
                0x08000d64                _getpid_r
 .text._isatty_r
                0x08000d7c       0x18 out/syscalls.o
                0x08000d7c                _isatty_r
 .text._kill_r  0x08000d94       0x28 out/syscalls.o
                0x08000d94                _kill_r
 .text._lseek_r
                0x08000dbc       0x1c out/syscalls.o
                0x08000dbc                _lseek_r
 .text._read_r  0x08000dd8       0x1c out/syscalls.o
                0x08000dd8                _read_r
 .text._sbrk_r  0x08000df4       0x50 out/syscalls.o
                0x08000df4                _sbrk_r
 .text._write_r
                0x08000e44       0x1c out/syscalls.o
                0x08000e44                _write_r
 .text.__Default_Handler
                0x08000e60       0x10 out/vectors_STM32L1xx_md.o
                0x08000e60                RTC_Alarm_IRQHandler
                0x08000e60                EXTI2_IRQHandler
                0x08000e60                DebugMon_Handler
                0x08000e60                HardFault_Handler
                0x08000e60                TIM10_IRQHandler
                0x08000e60                USB_HP_IRQHandler
                0x08000e60                PVD_IRQHandler
                0x08000e60                __Reserved_0x1C_Handler
                0x08000e60                NMI_Handler
                0x08000e60                EXTI3_IRQHandler
                0x08000e60                __Default_Handler
                0x08000e60                __Reserved_0x20_Handler
                0x08000e60                I2C2_EV_IRQHandler
                0x08000e60                UsageFault_Handler
                0x08000e60                SPI1_IRQHandler
                0x08000e60                USB_FS_WKUP_IRQHandler
                0x08000e60                ADC1_IRQHandler
                0x08000e60                USART3_IRQHandler
                0x08000e60                DMA1_Channel7_IRQHandler
                0x08000e60                LCD_IRQHandler
                0x08000e60                TIM4_IRQHandler
                0x08000e60                __Reserved_0x34_Handler
                0x08000e60                I2C1_EV_IRQHandler
                0x08000e60                DMA1_Channel6_IRQHandler
                0x08000e60                TIM3_IRQHandler
                0x08000e60                RCC_IRQHandler
                0x08000e60                DMA1_Channel1_IRQHandler
                0x08000e60                EXTI15_10_IRQHandler
                0x08000e60                TIM7_IRQHandler
                0x08000e60                __Reserved_0x28_Handler
                0x08000e60                EXTI9_5_IRQHandler
                0x08000e60                TIM9_IRQHandler
                0x08000e60                TAMPER_STAMP_IRQHandler
                0x08000e60                RTC_WKUP_IRQHandler
                0x08000e60                SPI2_IRQHandler
                0x08000e60                MemManage_Handler
                0x08000e60                __Reserved_0x24_Handler
                0x08000e60                DMA1_Channel5_IRQHandler
                0x08000e60                USB_LP_IRQHandler
                0x08000e60                EXTI4_IRQHandler
                0x08000e60                DMA1_Channel3_IRQHandler
                0x08000e60                COMP_IRQHandler
                0x08000e60                WWDG_IRQHandler
                0x08000e60                TIM2_IRQHandler
                0x08000e60                DAC_IRQHandler
                0x08000e60                EXTI1_IRQHandler
                0x08000e60                TIM11_IRQHandler
                0x08000e60                USART2_IRQHandler
                0x08000e60                I2C2_ER_IRQHandler
                0x08000e60                DMA1_Channel2_IRQHandler
                0x08000e60                FLASH_IRQHandler
                0x08000e60                BusFault_Handler
                0x08000e60                I2C1_ER_IRQHandler
 .text._ZnwjPv  0x08000e70       0x18 out/command.o
                0x08000e70                operator new(unsigned int, void*)
 .text._ZNSt4listIPK17CommandDefinitionSaIS2_EED2Ev
                0x08000e88       0x1c out/command.o
                0x08000e88                std::list<CommandDefinition const*, std::allocator<CommandDefinition const*> >::~list()
                0x08000e88                std::list<CommandDefinition const*, std::allocator<CommandDefinition const*> >::~list()
 .text._ZL12_helpHandlerPPKcmPcj
                0x08000ea4       0xa0 out/command.o
 .text._ZNSaIPK17CommandDefinitionEC2Ev
                0x08000f44       0x18 out/command.o
                0x08000f44                std::allocator<CommandDefinition const*>::allocator()
                0x08000f44                std::allocator<CommandDefinition const*>::allocator()
 .text._ZNSaIPK17CommandDefinitionED2Ev
                0x08000f5c       0x18 out/command.o
                0x08000f5c                std::allocator<CommandDefinition const*>::~allocator()
                0x08000f5c                std::allocator<CommandDefinition const*>::~allocator()
 .text._ZNKSt16initializer_listIPK17CommandDefinitionE5beginEv
                0x08000f74       0x18 out/command.o
                0x08000f74                std::initializer_list<CommandDefinition const*>::begin() const
 .text._ZNKSt16initializer_listIPK17CommandDefinitionE4sizeEv
                0x08000f8c       0x18 out/command.o
                0x08000f8c                std::initializer_list<CommandDefinition const*>::size() const
 .text._ZNKSt16initializer_listIPK17CommandDefinitionE3endEv
                0x08000fa4       0x24 out/command.o
                0x08000fa4                std::initializer_list<CommandDefinition const*>::end() const
 .text._ZNSt4listIPK17CommandDefinitionSaIS2_EEC2ESt16initializer_listIS2_ERKS3_
                0x08000fc8       0x60 out/command.o
                0x08000fc8                std::list<CommandDefinition const*, std::allocator<CommandDefinition const*> >::list(std::initializer_list<CommandDefinition const*>, std::allocator<CommandDefinition const*> const&)
                0x08000fc8                std::list<CommandDefinition const*, std::allocator<CommandDefinition const*> >::list(std::initializer_list<CommandDefinition const*>, std::allocator<CommandDefinition const*> const&)
 .text._ZNSt10_List_baseIPK17CommandDefinitionSaIS2_EE10_List_implD2Ev
                0x08001028       0x18 out/command.o
                0x08001028                std::_List_base<CommandDefinition const*, std::allocator<CommandDefinition const*> >::_List_impl::~_List_impl()
                0x08001028                std::_List_base<CommandDefinition const*, std::allocator<CommandDefinition const*> >::_List_impl::~_List_impl()
 .text._ZNSt10_List_baseIPK17CommandDefinitionSaIS2_EED2Ev
                0x08001040       0x20 out/command.o
                0x08001040                std::_List_base<CommandDefinition const*, std::allocator<CommandDefinition const*> >::~_List_base()
                0x08001040                std::_List_base<CommandDefinition const*, std::allocator<CommandDefinition const*> >::~_List_base()
 .text._ZNSt4listIPK17CommandDefinitionSaIS2_EE5beginEv
                0x08001060       0x24 out/command.o
                0x08001060                std::list<CommandDefinition const*, std::allocator<CommandDefinition const*> >::begin()
 .text._ZNSt4listIPK17CommandDefinitionSaIS2_EE3endEv
                0x08001084       0x20 out/command.o
                0x08001084                std::list<CommandDefinition const*, std::allocator<CommandDefinition const*> >::end()
 .text._ZNKSt14_List_iteratorIPK17CommandDefinitionEneERKS3_
                0x080010a4       0x28 out/command.o
                0x080010a4                std::_List_iterator<CommandDefinition const*>::operator!=(std::_List_iterator<CommandDefinition const*> const&) const
 .text._ZNSt14_List_iteratorIPK17CommandDefinitionEppEv
                0x080010cc       0x20 out/command.o
                0x080010cc                std::_List_iterator<CommandDefinition const*>::operator++()
 .text._ZNKSt14_List_iteratorIPK17CommandDefinitionEdeEv
                0x080010ec       0x1c out/command.o
                0x080010ec                std::_List_iterator<CommandDefinition const*>::operator*() const
 .text._ZN9__gnu_cxx13new_allocatorIPK17CommandDefinitionEC2Ev
                0x08001108       0x18 out/command.o
                0x08001108                __gnu_cxx::new_allocator<CommandDefinition const*>::new_allocator()
                0x08001108                __gnu_cxx::new_allocator<CommandDefinition const*>::new_allocator()
 .text._ZN9__gnu_cxx13new_allocatorIPK17CommandDefinitionED2Ev
                0x08001120       0x18 out/command.o
                0x08001120                __gnu_cxx::new_allocator<CommandDefinition const*>::~new_allocator()
                0x08001120                __gnu_cxx::new_allocator<CommandDefinition const*>::~new_allocator()
 .text._ZNSaISt10_List_nodeIPK17CommandDefinitionEEC2IS2_EERKSaIT_E
                0x08001138       0x1c out/command.o
                0x08001138                std::allocator<std::_List_node<CommandDefinition const*> >::allocator<CommandDefinition const*>(std::allocator<CommandDefinition const*> const&)
                0x08001138                std::allocator<std::_List_node<CommandDefinition const*> >::allocator<CommandDefinition const*>(std::allocator<CommandDefinition const*> const&)
 .text._ZNSaISt10_List_nodeIPK17CommandDefinitionEED2Ev
                0x08001154       0x18 out/command.o
                0x08001154                std::allocator<std::_List_node<CommandDefinition const*> >::~allocator()
                0x08001154                std::allocator<std::_List_node<CommandDefinition const*> >::~allocator()
 .text._ZNSt10_List_baseIPK17CommandDefinitionSaIS2_EEC2ERKSaISt10_List_nodeIS2_EE
                0x0800116c       0x24 out/command.o
                0x0800116c                std::_List_base<CommandDefinition const*, std::allocator<CommandDefinition const*> >::_List_base(std::allocator<std::_List_node<CommandDefinition const*> > const&)
                0x0800116c                std::_List_base<CommandDefinition const*, std::allocator<CommandDefinition const*> >::_List_base(std::allocator<std::_List_node<CommandDefinition const*> > const&)
 .text._ZNSt4listIPK17CommandDefinitionSaIS2_EE22_M_initialize_dispatchIPKS2_EEvT_S8_St12__false_type
                0x08001190       0x2c out/command.o
                0x08001190                void std::list<CommandDefinition const*, std::allocator<CommandDefinition const*> >::_M_initialize_dispatch<CommandDefinition const* const*>(CommandDefinition const* const*, CommandDefinition const* const*, std::__false_type)
 .text._ZNSt10_List_baseIPK17CommandDefinitionSaIS2_EE8_M_clearEv
                0x080011bc       0x40 out/command.o
                0x080011bc                std::_List_base<CommandDefinition const*, std::allocator<CommandDefinition const*> >::_M_clear()
 .text._ZNSt14_List_iteratorIPK17CommandDefinitionEC2EPNSt8__detail15_List_node_baseE
                0x080011fc       0x20 out/command.o
                0x080011fc                std::_List_iterator<CommandDefinition const*>::_List_iterator(std::__detail::_List_node_base*)
                0x080011fc                std::_List_iterator<CommandDefinition const*>::_List_iterator(std::__detail::_List_node_base*)
 .text._ZSt7forwardIRKPK17CommandDefinitionEOT_RNSt16remove_referenceIS5_E4typeE
                0x0800121c       0x18 out/command.o
                0x0800121c                CommandDefinition const* const& std::forward<CommandDefinition const* const&>(std::remove_reference<CommandDefinition const* const&>::type&)
 .text._ZNSt4listIPK17CommandDefinitionSaIS2_EE9_M_insertIIRKS2_EEEvSt14_List_iteratorIS2_EDpOT_
                0x08001234       0x30 out/command.o
                0x08001234                void std::list<CommandDefinition const*, std::allocator<CommandDefinition const*> >::_M_insert<CommandDefinition const* const&>(std::_List_iterator<CommandDefinition const*>, CommandDefinition const* const&)
                0x08001234                void std::list<CommandDefinition const*, std::allocator<CommandDefinition const*> >::_M_insert<CommandDefinition const* const&>(std::_List_iterator<CommandDefinition const*>, CommandDefinition const* const&)
 .text._ZN9__gnu_cxx13new_allocatorISt10_List_nodeIPK17CommandDefinitionEEC2Ev
                0x08001264       0x18 out/command.o
                0x08001264                __gnu_cxx::new_allocator<std::_List_node<CommandDefinition const*> >::new_allocator()
                0x08001264                __gnu_cxx::new_allocator<std::_List_node<CommandDefinition const*> >::new_allocator()
 .text._ZN9__gnu_cxx13new_allocatorISt10_List_nodeIPK17CommandDefinitionEED2Ev
                0x0800127c       0x18 out/command.o
                0x0800127c                __gnu_cxx::new_allocator<std::_List_node<CommandDefinition const*> >::~new_allocator()
                0x0800127c                __gnu_cxx::new_allocator<std::_List_node<CommandDefinition const*> >::~new_allocator()
 .text._ZNSt10_List_baseIPK17CommandDefinitionSaIS2_EE10_List_implC2ERKSaISt10_List_nodeIS2_EE
                0x08001294       0x28 out/command.o
                0x08001294                std::_List_base<CommandDefinition const*, std::allocator<CommandDefinition const*> >::_List_impl::_List_impl(std::allocator<std::_List_node<CommandDefinition const*> > const&)
                0x08001294                std::_List_base<CommandDefinition const*, std::allocator<CommandDefinition const*> >::_List_impl::_List_impl(std::allocator<std::_List_node<CommandDefinition const*> > const&)
 .text._ZNSt10_List_baseIPK17CommandDefinitionSaIS2_EE7_M_initEv
                0x080012bc       0x20 out/command.o
                0x080012bc                std::_List_base<CommandDefinition const*, std::allocator<CommandDefinition const*> >::_M_init()
 .text._ZNSt4listIPK17CommandDefinitionSaIS2_EE12emplace_backIIRKS2_EEEvDpOT_
                0x080012dc       0x2c out/command.o
                0x080012dc                void std::list<CommandDefinition const*, std::allocator<CommandDefinition const*> >::emplace_back<CommandDefinition const* const&>(CommandDefinition const* const&)
                0x080012dc                void std::list<CommandDefinition const*, std::allocator<CommandDefinition const*> >::emplace_back<CommandDefinition const* const&>(CommandDefinition const* const&)
 .text._ZNSt10_List_baseIPK17CommandDefinitionSaIS2_EE21_M_get_Node_allocatorEv
                0x08001308       0x18 out/command.o
                0x08001308                std::_List_base<CommandDefinition const*, std::allocator<CommandDefinition const*> >::_M_get_Node_allocator()
 .text._ZN9__gnu_cxx13new_allocatorISt10_List_nodeIPK17CommandDefinitionEE7destroyIS5_EEvPT_
                0x08001320       0x14 out/command.o
                0x08001320                void __gnu_cxx::new_allocator<std::_List_node<CommandDefinition const*> >::destroy<std::_List_node<CommandDefinition const*> >(std::_List_node<CommandDefinition const*>*)
 .text._ZNSt10_List_baseIPK17CommandDefinitionSaIS2_EE11_M_put_nodeEPSt10_List_nodeIS2_E
                0x08001334       0x1c out/command.o
                0x08001334                std::_List_base<CommandDefinition const*, std::allocator<CommandDefinition const*> >::_M_put_node(std::_List_node<CommandDefinition const*>*)
 .text._ZNSt4listIPK17CommandDefinitionSaIS2_EE14_M_create_nodeIIRKS2_EEEPSt10_List_nodeIS2_EDpOT_
                0x08001350       0x3c out/command.o
                0x08001350                std::_List_node<CommandDefinition const*>* std::list<CommandDefinition const*, std::allocator<CommandDefinition const*> >::_M_create_node<CommandDefinition const* const&>(CommandDefinition const* const&)
                0x08001350                std::_List_node<CommandDefinition const*>* std::list<CommandDefinition const*, std::allocator<CommandDefinition const*> >::_M_create_node<CommandDefinition const* const&>(CommandDefinition const* const&)
 .text._ZNSaISt10_List_nodeIPK17CommandDefinitionEEC2ERKS4_
                0x0800138c       0x1c out/command.o
                0x0800138c                std::allocator<std::_List_node<CommandDefinition const*> >::allocator(std::allocator<std::_List_node<CommandDefinition const*> > const&)
                0x0800138c                std::allocator<std::_List_node<CommandDefinition const*> >::allocator(std::allocator<std::_List_node<CommandDefinition const*> > const&)
 .text._ZN9__gnu_cxx13new_allocatorISt10_List_nodeIPK17CommandDefinitionEE10deallocateEPS5_j
                0x080013a8       0x18 out/command.o
                0x080013a8                __gnu_cxx::new_allocator<std::_List_node<CommandDefinition const*> >::deallocate(std::_List_node<CommandDefinition const*>*, unsigned int)
 .text._ZNSt10_List_baseIPK17CommandDefinitionSaIS2_EE11_M_get_nodeEv
                0x080013c0       0x20 out/command.o
                0x080013c0                std::_List_base<CommandDefinition const*, std::allocator<CommandDefinition const*> >::_M_get_node()
 .text._ZN9__gnu_cxx13new_allocatorISt10_List_nodeIPK17CommandDefinitionEE9constructIS5_IRKS4_EEEvPT_DpOT0_
                0x080013e0       0x34 out/command.o
                0x080013e0                void __gnu_cxx::new_allocator<std::_List_node<CommandDefinition const*> >::construct<std::_List_node<CommandDefinition const*>, CommandDefinition const* const&>(std::_List_node<CommandDefinition const*>*, CommandDefinition const* const&)
                0x080013e0                _ZN9__gnu_cxx13new_allocatorISt10_List_nodeIPK17CommandDefinitionEE9constructIS5_IRKS4_EEEvPT_DpOT0_
 .text._ZN9__gnu_cxx13new_allocatorISt10_List_nodeIPK17CommandDefinitionEEC2ERKS6_
                0x08001414       0x18 out/command.o
                0x08001414                __gnu_cxx::new_allocator<std::_List_node<CommandDefinition const*> >::new_allocator(__gnu_cxx::new_allocator<std::_List_node<CommandDefinition const*> > const&)
                0x08001414                __gnu_cxx::new_allocator<std::_List_node<CommandDefinition const*> >::new_allocator(__gnu_cxx::new_allocator<std::_List_node<CommandDefinition const*> > const&)
 .text._ZN9__gnu_cxx13new_allocatorISt10_List_nodeIPK17CommandDefinitionEE8allocateEjPKv
                0x0800142c       0x44 out/command.o
                0x0800142c                __gnu_cxx::new_allocator<std::_List_node<CommandDefinition const*> >::allocate(unsigned int, void const*)
 .text._ZNSt10_List_nodeIPK17CommandDefinitionEC2IIRKS2_EEEDpOT_
                0x08001470       0x30 out/command.o
                0x08001470                std::_List_node<CommandDefinition const*>::_List_node<CommandDefinition const* const&>(CommandDefinition const* const&)
                0x08001470                std::_List_node<CommandDefinition const*>::_List_node<CommandDefinition const* const&>(CommandDefinition const* const&)
                0x08001470                std::_List_node<CommandDefinition const*>::_List_node<CommandDefinition const* const&>(CommandDefinition const* const&)
                0x08001470                std::_List_node<CommandDefinition const*>::_List_node<CommandDefinition const* const&>(CommandDefinition const* const&)
 .text._ZNK9__gnu_cxx13new_allocatorISt10_List_nodeIPK17CommandDefinitionEE8max_sizeEv
                0x080014a0       0x1c out/command.o
                0x080014a0                __gnu_cxx::new_allocator<std::_List_node<CommandDefinition const*> >::max_size() const
 .text._Z41__static_initialization_and_destruction_0ii
                0x080014bc       0x6c out/command.o
 .text._GLOBAL__sub_I__commands
                0x08001528       0x10 out/command.o
 .text._Z16gpioConfigurePinP12GPIO_TypeDef7GpioPin17GpioConfiguration
                0x08001538      0x13c out/gpio.o
                0x08001538                gpioConfigurePin(GPIO_TypeDef*, GpioPin, GpioConfiguration)
 .text.TIM6_IRQHandler
                0x08001674       0x30 out/helper.o
                0x08001674                TIM6_IRQHandler
 .text._Z8LCD_Initv
                0x080016a4      0x1dc out/lcd.o
                0x080016a4                LCD_Init()
 .text._ZL17LCD_Conv_Char_SegcbbPh
                0x08001880       0xd8 out/lcd.o
 .text._Z13LCD_WriteCharcbbh
                0x08001958      0x4bc out/lcd.o
                0x08001958                LCD_WriteChar(char, bool, bool, unsigned char)
 .text._Z11rccStartPll11rccPllInputmm
                0x08001e14      0x118 out/rcc.o
                0x08001e14                rccStartPll(rccPllInput, unsigned long, unsigned long)
 .text._ZL13_flashLatencym
                0x08001f2c       0x4c out/rcc.o
 .text.usartSendCharacter
                0x08001f78       0x38 out/usart.o
                0x08001f78                usartSendCharacter
 .text.DMA1_Channel4_IRQHandler
                0x08001fb0       0x44 out/usart.o
                0x08001fb0                DMA1_Channel4_IRQHandler
 .text.USART1_IRQHandler
                0x08001ff4       0xc8 out/usart.o
                0x08001ff4                USART1_IRQHandler
 .text.main     0x080020bc       0x30 out/main.o
                0x080020bc                main
 .text._ZL8_sysInitv
                0x080020ec       0x80 out/main.o
 .text._ZL14_peripLauncherv
                0x0800216c       0x50 out/main.o
 .text.EXTI0_IRQHandler
                0x080021bc       0x20 out/main.o
                0x080021bc                EXTI0_IRQHandler
 .text._Znwj    0x080021dc       0x18 out/overrides.o
                0x080021dc                operator new(unsigned int)
 .text._ZdlPv   0x080021f4       0x1c out/overrides.o
                0x080021f4                operator delete(void*)
 .text.__cxa_pure_virtual
                0x08002210       0x20 out/overrides.o
                0x08002210                __cxa_pure_virtual
 .text._Z21LCD_WriteChar_examplev
                0x08002230       0x20 out/lcdprinter.o
                0x08002230                LCD_WriteChar_example()
 .text.__aeabi_atexit
                0x08002250        0xc d:/programy/gnu tools arm embedded/4.8 2014q2/bin/../lib/gcc/arm-none-eabi/4.8.4/../../../../arm-none-eabi/lib/armv7-m\libstdc++.a(atexit_arm.o)
                0x08002250                __aeabi_atexit
 .text._ZNSt8__detail15_List_node_base7_M_hookEPS0_
                0x0800225c       0x10 d:/programy/gnu tools arm embedded/4.8 2014q2/bin/../lib/gcc/arm-none-eabi/4.8.4/../../../../arm-none-eabi/lib/armv7-m\libstdc++.a(list.o)
                0x0800225c                std::__detail::_List_node_base::_M_hook(std::__detail::_List_node_base*)
 .text._ZSt17__throw_bad_allocv
                0x0800226c       0x20 d:/programy/gnu tools arm embedded/4.8 2014q2/bin/../lib/gcc/arm-none-eabi/4.8.4/../../../../arm-none-eabi/lib/armv7-m\libstdc++.a(functexcept.o)
                0x0800226c                std::__throw_bad_alloc()
 .text._ZSt19__throw_logic_errorPKc
                0x0800228c       0x54 d:/programy/gnu tools arm embedded/4.8 2014q2/bin/../lib/gcc/arm-none-eabi/4.8.4/../../../../arm-none-eabi/lib/armv7-m\libstdc++.a(functexcept.o)
                0x0800228c                std::__throw_logic_error(char const*)
 .text._ZSt20__throw_length_errorPKc
                0x080022e0       0x54 d:/programy/gnu tools arm embedded/4.8 2014q2/bin/../lib/gcc/arm-none-eabi/4.8.4/../../../../arm-none-eabi/lib/armv7-m\libstdc++.a(functexcept.o)
                0x080022e0                std::__throw_length_error(char const*)
 .text._ZNK12_GLOBAL__N_122generic_error_category4nameEv
                0x08002334        0x8 d:/programy/gnu tools arm embedded/4.8 2014q2/bin/../lib/gcc/arm-none-eabi/4.8.4/../../../../arm-none-eabi/lib/armv7-m\libstdc++.a(system_error.o)
 .text._ZNK12_GLOBAL__N_121system_error_category4nameEv
                0x0800233c        0x8 d:/programy/gnu tools arm embedded/4.8 2014q2/bin/../lib/gcc/arm-none-eabi/4.8.4/../../../../arm-none-eabi/lib/armv7-m\libstdc++.a(system_error.o)
 .text._ZNSt14error_categoryD2Ev
                0x08002344        0xc d:/programy/gnu tools arm embedded/4.8 2014q2/bin/../lib/gcc/arm-none-eabi/4.8.4/../../../../arm-none-eabi/lib/armv7-m\libstdc++.a(system_error.o)
                0x08002344                std::error_category::~error_category()
                0x08002344                std::error_category::~error_category()
 .text._ZNKSt14error_category23default_error_conditionEi
                0x08002350        0x8 d:/programy/gnu tools arm embedded/4.8 2014q2/bin/../lib/gcc/arm-none-eabi/4.8.4/../../../../arm-none-eabi/lib/armv7-m\libstdc++.a(system_error.o)
                0x08002350                std::error_category::default_error_condition(int) const
 .text._ZNKSt14error_category10equivalentEiRKSt15error_condition
                0x08002358       0x30 d:/programy/gnu tools arm embedded/4.8 2014q2/bin/../lib/gcc/arm-none-eabi/4.8.4/../../../../arm-none-eabi/lib/armv7-m\libstdc++.a(system_error.o)
                0x08002358                std::error_category::equivalent(int, std::error_condition const&) const
 .text._ZNKSt14error_category10equivalentERKSt10error_codei
                0x08002388       0x14 d:/programy/gnu tools arm embedded/4.8 2014q2/bin/../lib/gcc/arm-none-eabi/4.8.4/../../../../arm-none-eabi/lib/armv7-m\libstdc++.a(system_error.o)
                0x08002388                std::error_category::equivalent(std::error_code const&, int) const
 .text._ZN12_GLOBAL__N_121system_error_categoryD2Ev
                0x0800239c        0xc d:/programy/gnu tools arm embedded/4.8 2014q2/bin/../lib/gcc/arm-none-eabi/4.8.4/../../../../arm-none-eabi/lib/armv7-m\libstdc++.a(system_error.o)
 .text._ZN12_GLOBAL__N_122generic_error_categoryD2Ev
                0x080023a8        0xc d:/programy/gnu tools arm embedded/4.8 2014q2/bin/../lib/gcc/arm-none-eabi/4.8.4/../../../../arm-none-eabi/lib/armv7-m\libstdc++.a(system_error.o)
 .text._ZNSt14error_categoryD0Ev
                0x080023b4       0x14 d:/programy/gnu tools arm embedded/4.8 2014q2/bin/../lib/gcc/arm-none-eabi/4.8.4/../../../../arm-none-eabi/lib/armv7-m\libstdc++.a(system_error.o)
                0x080023b4                std::error_category::~error_category()
 .text._ZN12_GLOBAL__N_121system_error_categoryD0Ev
                0x080023c8       0x14 d:/programy/gnu tools arm embedded/4.8 2014q2/bin/../lib/gcc/arm-none-eabi/4.8.4/../../../../arm-none-eabi/lib/armv7-m\libstdc++.a(system_error.o)
 .text._ZN12_GLOBAL__N_122generic_error_categoryD0Ev
                0x080023dc       0x14 d:/programy/gnu tools arm embedded/4.8 2014q2/bin/../lib/gcc/arm-none-eabi/4.8.4/../../../../arm-none-eabi/lib/armv7-m\libstdc++.a(system_error.o)
 .text._ZNK12_GLOBAL__N_121system_error_category7messageEi
                0x080023f0       0x1c d:/programy/gnu tools arm embedded/4.8 2014q2/bin/../lib/gcc/arm-none-eabi/4.8.4/../../../../arm-none-eabi/lib/armv7-m\libstdc++.a(system_error.o)
 .text._ZNK12_GLOBAL__N_122generic_error_category7messageEi
                0x0800240c       0x1c d:/programy/gnu tools arm embedded/4.8 2014q2/bin/../lib/gcc/arm-none-eabi/4.8.4/../../../../arm-none-eabi/lib/armv7-m\libstdc++.a(system_error.o)
 .text.startup._GLOBAL__sub_I__ZNSt14error_categoryC2Ev
                0x08002428       0x44 d:/programy/gnu tools arm embedded/4.8 2014q2/bin/../lib/gcc/arm-none-eabi/4.8.4/../../../../arm-none-eabi/lib/armv7-m\libstdc++.a(system_error.o)
 .text.__cxa_allocate_exception
                0x0800246c       0x58 d:/programy/gnu tools arm embedded/4.8 2014q2/bin/../lib/gcc/arm-none-eabi/4.8.4/../../../../arm-none-eabi/lib/armv7-m\libstdc++.a(eh_alloc.o)
                0x0800246c                __cxa_allocate_exception
 .text.__cxa_free_exception
                0x080024c4       0x34 d:/programy/gnu tools arm embedded/4.8 2014q2/bin/../lib/gcc/arm-none-eabi/4.8.4/../../../../arm-none-eabi/lib/armv7-m\libstdc++.a(eh_alloc.o)
                0x080024c4                __cxa_free_exception
 .text._ZL12read_sleb128PKhPl
                0x080024f8       0x34 d:/programy/gnu tools arm embedded/4.8 2014q2/bin/../lib/gcc/arm-none-eabi/4.8.4/../../../../arm-none-eabi/lib/armv7-m\libstdc++.a(eh_personality.o)
 .text._ZL28read_encoded_value_with_basehjPKhPj
                0x0800252c       0xb0 d:/programy/gnu tools arm embedded/4.8 2014q2/bin/../lib/gcc/arm-none-eabi/4.8.4/../../../../arm-none-eabi/lib/armv7-m\libstdc++.a(eh_personality.o)
 .text._ZL21base_of_encoded_valuehP15_Unwind_Context
                0x080025dc       0x4c d:/programy/gnu tools arm embedded/4.8 2014q2/bin/../lib/gcc/arm-none-eabi/4.8.4/../../../../arm-none-eabi/lib/armv7-m\libstdc++.a(eh_personality.o)
 .text._ZL17parse_lsda_headerP15_Unwind_ContextPKhP16lsda_header_info
                0x08002628       0x94 d:/programy/gnu tools arm embedded/4.8 2014q2/bin/../lib/gcc/arm-none-eabi/4.8.4/../../../../arm-none-eabi/lib/armv7-m\libstdc++.a(eh_personality.o)
 .text.__gxx_personality_v0
                0x080026bc      0x40c d:/programy/gnu tools arm embedded/4.8 2014q2/bin/../lib/gcc/arm-none-eabi/4.8.4/../../../../arm-none-eabi/lib/armv7-m\libstdc++.a(eh_personality.o)
                0x080026bc                __gxx_personality_v0
 .text._ZL23__gxx_exception_cleanup19_Unwind_Reason_CodeP21_Unwind_Control_Block
                0x08002ac8       0x44 d:/programy/gnu tools arm embedded/4.8 2014q2/bin/../lib/gcc/arm-none-eabi/4.8.4/../../../../arm-none-eabi/lib/armv7-m\libstdc++.a(eh_throw.o)
 .text.__cxa_throw
                0x08002b0c       0x90 d:/programy/gnu tools arm embedded/4.8 2014q2/bin/../lib/gcc/arm-none-eabi/4.8.4/../../../../arm-none-eabi/lib/armv7-m\libstdc++.a(eh_throw.o)
                0x08002b0c                __cxa_throw
 .text.__cxa_rethrow
                0x08002b9c       0x70 d:/programy/gnu tools arm embedded/4.8 2014q2/bin/../lib/gcc/arm-none-eabi/4.8.4/../../../../arm-none-eabi/lib/armv7-m\libstdc++.a(eh_throw.o)
                0x08002b9c                __cxa_rethrow
 .text.__cxa_end_cleanup
                0x08002c0c        0xc d:/programy/gnu tools arm embedded/4.8 2014q2/bin/../lib/gcc/arm-none-eabi/4.8.4/../../../../arm-none-eabi/lib/armv7-m\libstdc++.a(eh_arm.o)
                0x08002c0c                __cxa_end_cleanup
 .text.__cxa_type_match
                0x08002c18       0xac d:/programy/gnu tools arm embedded/4.8 2014q2/bin/../lib/gcc/arm-none-eabi/4.8.4/../../../../arm-none-eabi/lib/armv7-m\libstdc++.a(eh_arm.o)
                0x08002c18                __cxa_type_match
 .text.__cxa_begin_cleanup
                0x08002cc4       0x64 d:/programy/gnu tools arm embedded/4.8 2014q2/bin/../lib/gcc/arm-none-eabi/4.8.4/../../../../arm-none-eabi/lib/armv7-m\libstdc++.a(eh_arm.o)
                0x08002cc4                __cxa_begin_cleanup
 .text.__gnu_end_cleanup
                0x08002d28       0x70 d:/programy/gnu tools arm embedded/4.8 2014q2/bin/../lib/gcc/arm-none-eabi/4.8.4/../../../../arm-none-eabi/lib/armv7-m\libstdc++.a(eh_arm.o)
                0x08002d28                __gnu_end_cleanup
 .text._ZNKSt9bad_alloc4whatEv
                0x08002d98        0x8 d:/programy/gnu tools arm embedded/4.8 2014q2/bin/../lib/gcc/arm-none-eabi/4.8.4/../../../../arm-none-eabi/lib/armv7-m\libstdc++.a(bad_alloc.o)
                0x08002d98                std::bad_alloc::what() const
 .text._ZNSt9bad_allocD2Ev
                0x08002da0       0x14 d:/programy/gnu tools arm embedded/4.8 2014q2/bin/../lib/gcc/arm-none-eabi/4.8.4/../../../../arm-none-eabi/lib/armv7-m\libstdc++.a(bad_alloc.o)
                0x08002da0                std::bad_alloc::~bad_alloc()
                0x08002da0                std::bad_alloc::~bad_alloc()
 .text._ZNSt9bad_allocD0Ev
                0x08002db4       0x1c d:/programy/gnu tools arm embedded/4.8 2014q2/bin/../lib/gcc/arm-none-eabi/4.8.4/../../../../arm-none-eabi/lib/armv7-m\libstdc++.a(bad_alloc.o)
                0x08002db4                std::bad_alloc::~bad_alloc()
 .text.__cxa_get_globals_fast
                0x08002dd0        0x8 d:/programy/gnu tools arm embedded/4.8 2014q2/bin/../lib/gcc/arm-none-eabi/4.8.4/../../../../arm-none-eabi/lib/armv7-m\libstdc++.a(eh_globals.o)
                0x08002dd0                __cxa_get_globals_fast
 .text.__cxa_get_globals
                0x08002dd8        0x8 d:/programy/gnu tools arm embedded/4.8 2014q2/bin/../lib/gcc/arm-none-eabi/4.8.4/../../../../arm-none-eabi/lib/armv7-m\libstdc++.a(eh_globals.o)
                0x08002dd8                __cxa_get_globals
 .text._ZN10__cxxabiv1L24__is_gxx_exception_classEPc
                0x08002de0       0x3c d:/programy/gnu tools arm embedded/4.8 2014q2/bin/../lib/gcc/arm-none-eabi/4.8.4/../../../../arm-none-eabi/lib/armv7-m\libstdc++.a(eh_call.o)
 .text.__cxa_call_terminate
                0x08002e1c       0x20 d:/programy/gnu tools arm embedded/4.8 2014q2/bin/../lib/gcc/arm-none-eabi/4.8.4/../../../../arm-none-eabi/lib/armv7-m\libstdc++.a(eh_call.o)
                0x08002e1c                __cxa_call_terminate
 .text.__cxa_call_unexpected
                0x08002e3c       0xdc d:/programy/gnu tools arm embedded/4.8 2014q2/bin/../lib/gcc/arm-none-eabi/4.8.4/../../../../arm-none-eabi/lib/armv7-m\libstdc++.a(eh_call.o)
                0x08002e3c                __cxa_call_unexpected
 .text._ZNK10__cxxabiv117__class_type_info11__do_upcastEPKS0_PPv
                0x08002f18       0x38 d:/programy/gnu tools arm embedded/4.8 2014q2/bin/../lib/gcc/arm-none-eabi/4.8.4/../../../../arm-none-eabi/lib/armv7-m\libstdc++.a(class_type_info.o)
                0x08002f18                __cxxabiv1::__class_type_info::__do_upcast(__cxxabiv1::__class_type_info const*, void**) const
 .text._ZNK10__cxxabiv117__class_type_info20__do_find_public_srcEiPKvPKS0_S2_
                0x08002f50        0xc d:/programy/gnu tools arm embedded/4.8 2014q2/bin/../lib/gcc/arm-none-eabi/4.8.4/../../../../arm-none-eabi/lib/armv7-m\libstdc++.a(class_type_info.o)
                0x08002f50                __cxxabiv1::__class_type_info::__do_find_public_src(int, void const*, __cxxabiv1::__class_type_info const*, void const*) const
 .text._ZN10__cxxabiv117__class_type_infoD2Ev
                0x08002f5c       0x14 d:/programy/gnu tools arm embedded/4.8 2014q2/bin/../lib/gcc/arm-none-eabi/4.8.4/../../../../arm-none-eabi/lib/armv7-m\libstdc++.a(class_type_info.o)
                0x08002f5c                __cxxabiv1::__class_type_info::~__class_type_info()
                0x08002f5c                __cxxabiv1::__class_type_info::~__class_type_info()
 .text._ZN10__cxxabiv117__class_type_infoD0Ev
                0x08002f70       0x1c d:/programy/gnu tools arm embedded/4.8 2014q2/bin/../lib/gcc/arm-none-eabi/4.8.4/../../../../arm-none-eabi/lib/armv7-m\libstdc++.a(class_type_info.o)
                0x08002f70                __cxxabiv1::__class_type_info::~__class_type_info()
 .text._ZNK10__cxxabiv117__class_type_info11__do_upcastEPKS0_PKvRNS0_15__upcast_resultE
                0x08002f8c       0x18 d:/programy/gnu tools arm embedded/4.8 2014q2/bin/../lib/gcc/arm-none-eabi/4.8.4/../../../../arm-none-eabi/lib/armv7-m\libstdc++.a(class_type_info.o)
                0x08002f8c                __cxxabiv1::__class_type_info::__do_upcast(__cxxabiv1::__class_type_info const*, void const*, __cxxabiv1::__class_type_info::__upcast_result&) const
 .text._ZNK10__cxxabiv117__class_type_info10__do_catchEPKSt9type_infoPPvj
                0x08002fa4       0x24 d:/programy/gnu tools arm embedded/4.8 2014q2/bin/../lib/gcc/arm-none-eabi/4.8.4/../../../../arm-none-eabi/lib/armv7-m\libstdc++.a(class_type_info.o)
                0x08002fa4                __cxxabiv1::__class_type_info::__do_catch(std::type_info const*, void**, unsigned int) const
 .text._ZNK10__cxxabiv117__class_type_info12__do_dyncastEiNS0_10__sub_kindEPKS0_PKvS3_S5_RNS0_16__dyncast_resultE
                0x08002fc8       0x40 d:/programy/gnu tools arm embedded/4.8 2014q2/bin/../lib/gcc/arm-none-eabi/4.8.4/../../../../arm-none-eabi/lib/armv7-m\libstdc++.a(class_type_info.o)
                0x08002fc8                __cxxabiv1::__class_type_info::__do_dyncast(int, __cxxabiv1::__class_type_info::__sub_kind, __cxxabiv1::__class_type_info const*, void const*, __cxxabiv1::__class_type_info const*, void const*, __cxxabiv1::__class_type_info::__dyncast_result&) const
 .text._ZNSt9exceptionD2Ev
                0x08003008        0xc d:/programy/gnu tools arm embedded/4.8 2014q2/bin/../lib/gcc/arm-none-eabi/4.8.4/../../../../arm-none-eabi/lib/armv7-m\libstdc++.a(eh_exception.o)
                0x08003008                std::exception::~exception()
                0x08003008                std::exception::~exception()
 .text._ZNSt13bad_exceptionD2Ev
                0x08003014        0xc d:/programy/gnu tools arm embedded/4.8 2014q2/bin/../lib/gcc/arm-none-eabi/4.8.4/../../../../arm-none-eabi/lib/armv7-m\libstdc++.a(eh_exception.o)
                0x08003014                std::bad_exception::~bad_exception()
                0x08003014                std::bad_exception::~bad_exception()
 .text._ZNKSt9exception4whatEv
                0x08003020        0x8 d:/programy/gnu tools arm embedded/4.8 2014q2/bin/../lib/gcc/arm-none-eabi/4.8.4/../../../../arm-none-eabi/lib/armv7-m\libstdc++.a(eh_exception.o)
                0x08003020                std::exception::what() const
 .text._ZNKSt13bad_exception4whatEv
                0x08003028        0x8 d:/programy/gnu tools arm embedded/4.8 2014q2/bin/../lib/gcc/arm-none-eabi/4.8.4/../../../../arm-none-eabi/lib/armv7-m\libstdc++.a(eh_exception.o)
                0x08003028                std::bad_exception::what() const
 .text._ZNSt9exceptionD0Ev
                0x08003030       0x14 d:/programy/gnu tools arm embedded/4.8 2014q2/bin/../lib/gcc/arm-none-eabi/4.8.4/../../../../arm-none-eabi/lib/armv7-m\libstdc++.a(eh_exception.o)
                0x08003030                std::exception::~exception()
 .text._ZNSt13bad_exceptionD0Ev
                0x08003044       0x14 d:/programy/gnu tools arm embedded/4.8 2014q2/bin/../lib/gcc/arm-none-eabi/4.8.4/../../../../arm-none-eabi/lib/armv7-m\libstdc++.a(eh_exception.o)
                0x08003044                std::bad_exception::~bad_exception()
 .text._ZN10__cxxabiv120__si_class_type_infoD2Ev
                0x08003058       0x14 d:/programy/gnu tools arm embedded/4.8 2014q2/bin/../lib/gcc/arm-none-eabi/4.8.4/../../../../arm-none-eabi/lib/armv7-m\libstdc++.a(si_class_type_info.o)
                0x08003058                __cxxabiv1::__si_class_type_info::~__si_class_type_info()
                0x08003058                __cxxabiv1::__si_class_type_info::~__si_class_type_info()
 .text._ZN10__cxxabiv120__si_class_type_infoD0Ev
                0x0800306c       0x1c d:/programy/gnu tools arm embedded/4.8 2014q2/bin/../lib/gcc/arm-none-eabi/4.8.4/../../../../arm-none-eabi/lib/armv7-m\libstdc++.a(si_class_type_info.o)
                0x0800306c                __cxxabiv1::__si_class_type_info::~__si_class_type_info()
 .text._ZNK10__cxxabiv120__si_class_type_info20__do_find_public_srcEiPKvPKNS_17__class_type_infoES2_
                0x08003088       0x34 d:/programy/gnu tools arm embedded/4.8 2014q2/bin/../lib/gcc/arm-none-eabi/4.8.4/../../../../arm-none-eabi/lib/armv7-m\libstdc++.a(si_class_type_info.o)
                0x08003088                __cxxabiv1::__si_class_type_info::__do_find_public_src(int, void const*, __cxxabiv1::__class_type_info const*, void const*) const
 .text._ZNK10__cxxabiv120__si_class_type_info12__do_dyncastEiNS_17__class_type_info10__sub_kindEPKS1_PKvS4_S6_RNS1_16__dyncast_resultE
                0x080030bc       0x98 d:/programy/gnu tools arm embedded/4.8 2014q2/bin/../lib/gcc/arm-none-eabi/4.8.4/../../../../arm-none-eabi/lib/armv7-m\libstdc++.a(si_class_type_info.o)
                0x080030bc                __cxxabiv1::__si_class_type_info::__do_dyncast(int, __cxxabiv1::__class_type_info::__sub_kind, __cxxabiv1::__class_type_info const*, void const*, __cxxabiv1::__class_type_info const*, void const*, __cxxabiv1::__class_type_info::__dyncast_result&) const
 .text._ZNK10__cxxabiv120__si_class_type_info11__do_upcastEPKNS_17__class_type_infoEPKvRNS1_15__upcast_resultE
                0x08003154       0x20 d:/programy/gnu tools arm embedded/4.8 2014q2/bin/../lib/gcc/arm-none-eabi/4.8.4/../../../../arm-none-eabi/lib/armv7-m\libstdc++.a(si_class_type_info.o)
                0x08003154                __cxxabiv1::__si_class_type_info::__do_upcast(__cxxabiv1::__class_type_info const*, void const*, __cxxabiv1::__class_type_info::__upcast_result&) const
 .text._ZN10__cxxabiv111__terminateEPFvvE
                0x08003174       0x28 d:/programy/gnu tools arm embedded/4.8 2014q2/bin/../lib/gcc/arm-none-eabi/4.8.4/../../../../arm-none-eabi/lib/armv7-m\libstdc++.a(eh_terminate.o)
                0x08003174                __cxxabiv1::__terminate(void (*)())
 .text._ZSt9terminatev
                0x0800319c       0x10 d:/programy/gnu tools arm embedded/4.8 2014q2/bin/../lib/gcc/arm-none-eabi/4.8.4/../../../../arm-none-eabi/lib/armv7-m\libstdc++.a(eh_terminate.o)
                0x0800319c                std::terminate()
 .text._ZN10__cxxabiv112__unexpectedEPFvvE
                0x080031ac        0x8 d:/programy/gnu tools arm embedded/4.8 2014q2/bin/../lib/gcc/arm-none-eabi/4.8.4/../../../../arm-none-eabi/lib/armv7-m\libstdc++.a(eh_terminate.o)
                0x080031ac                __cxxabiv1::__unexpected(void (*)())
 .text._ZSt10unexpectedv
                0x080031b4       0x10 d:/programy/gnu tools arm embedded/4.8 2014q2/bin/../lib/gcc/arm-none-eabi/4.8.4/../../../../arm-none-eabi/lib/armv7-m\libstdc++.a(eh_terminate.o)
                0x080031b4                std::unexpected()
 .text._ZNKSt11logic_error4whatEv
                0x080031c4        0x4 d:/programy/gnu tools arm embedded/4.8 2014q2/bin/../lib/gcc/arm-none-eabi/4.8.4/../../../../arm-none-eabi/lib/armv7-m\libstdc++.a(stdexcept.o)
                0x080031c4                std::logic_error::what() const
 .text._ZNSt11logic_errorD2Ev
                0x080031c8       0x40 d:/programy/gnu tools arm embedded/4.8 2014q2/bin/../lib/gcc/arm-none-eabi/4.8.4/../../../../arm-none-eabi/lib/armv7-m\libstdc++.a(stdexcept.o)
                0x080031c8                std::logic_error::~logic_error()
                0x080031c8                std::logic_error::~logic_error()
 .text._ZNSt11logic_errorD0Ev
                0x08003208       0x14 d:/programy/gnu tools arm embedded/4.8 2014q2/bin/../lib/gcc/arm-none-eabi/4.8.4/../../../../arm-none-eabi/lib/armv7-m\libstdc++.a(stdexcept.o)
                0x08003208                std::logic_error::~logic_error()
 .text._ZNSt12length_errorD2Ev
                0x0800321c       0x14 d:/programy/gnu tools arm embedded/4.8 2014q2/bin/../lib/gcc/arm-none-eabi/4.8.4/../../../../arm-none-eabi/lib/armv7-m\libstdc++.a(stdexcept.o)
                0x0800321c                std::length_error::~length_error()
                0x0800321c                std::length_error::~length_error()
 .text._ZNSt12length_errorD0Ev
                0x08003230       0x1c d:/programy/gnu tools arm embedded/4.8 2014q2/bin/../lib/gcc/arm-none-eabi/4.8.4/../../../../arm-none-eabi/lib/armv7-m\libstdc++.a(stdexcept.o)
                0x08003230                std::length_error::~length_error()
 .text._ZNSt11logic_errorC2ERKSs
                0x0800324c       0x20 d:/programy/gnu tools arm embedded/4.8 2014q2/bin/../lib/gcc/arm-none-eabi/4.8.4/../../../../arm-none-eabi/lib/armv7-m\libstdc++.a(stdexcept.o)
                0x0800324c                std::logic_error::logic_error(std::string const&)
                0x0800324c                std::logic_error::logic_error(std::string const&)
 .text._ZNSt12length_errorC2ERKSs
                0x0800326c       0x14 d:/programy/gnu tools arm embedded/4.8 2014q2/bin/../lib/gcc/arm-none-eabi/4.8.4/../../../../arm-none-eabi/lib/armv7-m\libstdc++.a(stdexcept.o)
                0x0800326c                std::length_error::length_error(std::string const&)
                0x0800326c                std::length_error::length_error(std::string const&)
 .text._ZNSs4_Rep9_S_createEjjRKSaIcE
                0x08003280       0x58 d:/programy/gnu tools arm embedded/4.8 2014q2/bin/../lib/gcc/arm-none-eabi/4.8.4/../../../../arm-none-eabi/lib/armv7-m\libstdc++.a(string-inst.o)
                0x08003280                std::string::_Rep::_S_create(unsigned int, unsigned int, std::allocator<char> const&)
 .text._ZNSs4_Rep10_M_destroyERKSaIcE
                0x080032d8        0x4 d:/programy/gnu tools arm embedded/4.8 2014q2/bin/../lib/gcc/arm-none-eabi/4.8.4/../../../../arm-none-eabi/lib/armv7-m\libstdc++.a(string-inst.o)
                0x080032d8                std::string::_Rep::_M_destroy(std::allocator<char> const&)
 .text.unlikely._ZNSs4_Rep10_M_disposeERKSaIcE.part.11
                0x080032dc       0x14 d:/programy/gnu tools arm embedded/4.8 2014q2/bin/../lib/gcc/arm-none-eabi/4.8.4/../../../../arm-none-eabi/lib/armv7-m\libstdc++.a(string-inst.o)
 .text._ZNSs4_Rep10_M_disposeERKSaIcE
                0x080032f0       0x10 d:/programy/gnu tools arm embedded/4.8 2014q2/bin/../lib/gcc/arm-none-eabi/4.8.4/../../../../arm-none-eabi/lib/armv7-m\libstdc++.a(string-inst.o)
                0x080032f0                std::string::_Rep::_M_dispose(std::allocator<char> const&)
 .text._ZNSs4_Rep8_M_cloneERKSaIcEj
                0x08003300       0x50 d:/programy/gnu tools arm embedded/4.8 2014q2/bin/../lib/gcc/arm-none-eabi/4.8.4/../../../../arm-none-eabi/lib/armv7-m\libstdc++.a(string-inst.o)
                0x08003300                std::string::_Rep::_M_clone(std::allocator<char> const&, unsigned int)
 .text._ZNSsC2ERKSs
                0x08003350       0x40 d:/programy/gnu tools arm embedded/4.8 2014q2/bin/../lib/gcc/arm-none-eabi/4.8.4/../../../../arm-none-eabi/lib/armv7-m\libstdc++.a(string-inst.o)
                0x08003350                std::basic_string<char, std::char_traits<char>, std::allocator<char> >::basic_string(std::string const&)
                0x08003350                std::basic_string<char, std::char_traits<char>, std::allocator<char> >::basic_string(std::string const&)
 .text._ZNSs12_S_constructIPKcEEPcT_S3_RKSaIcESt20forward_iterator_tag
                0x08003390       0x70 d:/programy/gnu tools arm embedded/4.8 2014q2/bin/../lib/gcc/arm-none-eabi/4.8.4/../../../../arm-none-eabi/lib/armv7-m\libstdc++.a(string-inst.o)
                0x08003390                char* std::string::_S_construct<char const*>(char const*, char const*, std::allocator<char> const&, std::forward_iterator_tag)
 .text._ZNSsC2EPKcRKSaIcE
                0x08003400       0x2c d:/programy/gnu tools arm embedded/4.8 2014q2/bin/../lib/gcc/arm-none-eabi/4.8.4/../../../../arm-none-eabi/lib/armv7-m\libstdc++.a(string-inst.o)
                0x08003400                std::basic_string<char, std::char_traits<char>, std::allocator<char> >::basic_string(char const*, std::allocator<char> const&)
                0x08003400                std::basic_string<char, std::char_traits<char>, std::allocator<char> >::basic_string(char const*, std::allocator<char> const&)
 .text.__cxa_begin_catch
                0x0800342c       0x8c d:/programy/gnu tools arm embedded/4.8 2014q2/bin/../lib/gcc/arm-none-eabi/4.8.4/../../../../arm-none-eabi/lib/armv7-m\libstdc++.a(eh_catch.o)
                0x0800342c                __cxa_begin_catch
 .text.__cxa_end_catch
                0x080034b8       0x8c d:/programy/gnu tools arm embedded/4.8 2014q2/bin/../lib/gcc/arm-none-eabi/4.8.4/../../../../arm-none-eabi/lib/armv7-m\libstdc++.a(eh_catch.o)
                0x080034b8                __cxa_end_catch
 .text._ZN9__gnu_cxx27__verbose_terminate_handlerEv
                0x08003544      0x114 d:/programy/gnu tools arm embedded/4.8 2014q2/bin/../lib/gcc/arm-none-eabi/4.8.4/../../../../arm-none-eabi/lib/armv7-m\libstdc++.a(vterminate.o)
                0x08003544                __gnu_cxx::__verbose_terminate_handler()
 .text._ZNSt9type_infoD2Ev
                0x08003658        0xc d:/programy/gnu tools arm embedded/4.8 2014q2/bin/../lib/gcc/arm-none-eabi/4.8.4/../../../../arm-none-eabi/lib/armv7-m\libstdc++.a(tinfo.o)
                0x08003658                std::type_info::~type_info()
                0x08003658                std::type_info::~type_info()
 .text._ZNKSt9type_info14__is_pointer_pEv
                0x08003664        0x4 d:/programy/gnu tools arm embedded/4.8 2014q2/bin/../lib/gcc/arm-none-eabi/4.8.4/../../../../arm-none-eabi/lib/armv7-m\libstdc++.a(tinfo.o)
                0x08003664                std::type_info::__is_pointer_p() const
 .text._ZNKSt9type_info15__is_function_pEv
                0x08003668        0x4 d:/programy/gnu tools arm embedded/4.8 2014q2/bin/../lib/gcc/arm-none-eabi/4.8.4/../../../../arm-none-eabi/lib/armv7-m\libstdc++.a(tinfo.o)
                0x08003668                std::type_info::__is_function_p() const
 .text._ZNKSt9type_info11__do_upcastEPKN10__cxxabiv117__class_type_infoEPPv
                0x0800366c        0x4 d:/programy/gnu tools arm embedded/4.8 2014q2/bin/../lib/gcc/arm-none-eabi/4.8.4/../../../../arm-none-eabi/lib/armv7-m\libstdc++.a(tinfo.o)
                0x0800366c                std::type_info::__do_upcast(__cxxabiv1::__class_type_info const*, void**) const
 .text._ZNSt9type_infoD0Ev
                0x08003670       0x14 d:/programy/gnu tools arm embedded/4.8 2014q2/bin/../lib/gcc/arm-none-eabi/4.8.4/../../../../arm-none-eabi/lib/armv7-m\libstdc++.a(tinfo.o)
                0x08003670                std::type_info::~type_info()
 .text._ZNKSt9type_infoeqERKS_
                0x08003684       0x30 d:/programy/gnu tools arm embedded/4.8 2014q2/bin/../lib/gcc/arm-none-eabi/4.8.4/../../../../arm-none-eabi/lib/armv7-m\libstdc++.a(tinfo.o)
                0x08003684                std::type_info::operator==(std::type_info const&) const
 .text._ZNKSt9type_info10__do_catchEPKS_PPvj
                0x080036b4        0x4 d:/programy/gnu tools arm embedded/4.8 2014q2/bin/../lib/gcc/arm-none-eabi/4.8.4/../../../../arm-none-eabi/lib/armv7-m\libstdc++.a(tinfo.o)
                0x080036b4                std::type_info::__do_catch(std::type_info const*, void**, unsigned int) const
 .text.__cxa_current_exception_type
                0x080036b8       0x1c d:/programy/gnu tools arm embedded/4.8 2014q2/bin/../lib/gcc/arm-none-eabi/4.8.4/../../../../arm-none-eabi/lib/armv7-m\libstdc++.a(eh_type.o)
                0x080036b8                __cxa_current_exception_type
 .text          0x080036d4     0x57a0 d:/programy/gnu tools arm embedded/4.8 2014q2/bin/../lib/gcc/arm-none-eabi/4.8.4/../../../../arm-none-eabi/lib/armv7-m\libstdc++.a(cp-demangle.o)
                0x08008d94                __cxa_demangle
                0x08008e58                __gcclibcxx_demangle_callback
 .text          0x08008e74      0xa28 d:/programy/gnu tools arm embedded/4.8 2014q2/bin/../lib/gcc/arm-none-eabi/4.8.4/armv7-m\libgcc.a(unwind-arm.o)
                0x08009158                _Unwind_GetCFA
                0x0800915c                __gnu_Unwind_RaiseException
                0x080091bc                __gnu_Unwind_ForcedUnwind
                0x080091d0                __gnu_Unwind_Resume
                0x08009214                __gnu_Unwind_Resume_or_Rethrow
                0x08009230                _Unwind_Complete
                0x08009234                _Unwind_DeleteException
                0x08009244                _Unwind_VRS_Get
                0x08009294                _Unwind_VRS_Set
                0x080092e4                __gnu_Unwind_Backtrace
                0x08009638                __aeabi_unwind_cpp_pr0
                0x08009640                __aeabi_unwind_cpp_pr1
                0x08009648                __aeabi_unwind_cpp_pr2
                0x08009650                _Unwind_VRS_Pop
 .text          0x0800989c      0x1ac d:/programy/gnu tools arm embedded/4.8 2014q2/bin/../lib/gcc/arm-none-eabi/4.8.4/armv7-m\libgcc.a(libunwind.o)
                0x0800989c                __restore_core_regs
                0x0800989c                restore_core_regs
                0x080098b4                __gnu_Unwind_Restore_VFP
                0x080098bc                __gnu_Unwind_Save_VFP
                0x080098c4                __gnu_Unwind_Restore_VFP_D
                0x080098cc                __gnu_Unwind_Save_VFP_D
                0x080098d4                __gnu_Unwind_Restore_VFP_D_16_to_31
                0x080098dc                __gnu_Unwind_Save_VFP_D_16_to_31
                0x080098e4                __gnu_Unwind_Restore_WMMXD
                0x08009928                __gnu_Unwind_Save_WMMXD
                0x0800996c                __gnu_Unwind_Restore_WMMXC
                0x08009980                __gnu_Unwind_Save_WMMXC
                0x08009994                ___Unwind_RaiseException
                0x08009994                _Unwind_RaiseException
                0x080099b8                _Unwind_Resume
                0x080099b8                ___Unwind_Resume
                0x080099dc                _Unwind_Resume_or_Rethrow
                0x080099dc                ___Unwind_Resume_or_Rethrow
                0x08009a00                _Unwind_ForcedUnwind
                0x08009a00                ___Unwind_ForcedUnwind
                0x08009a24                ___Unwind_Backtrace
                0x08009a24                _Unwind_Backtrace
 .text          0x08009a48      0x33c d:/programy/gnu tools arm embedded/4.8 2014q2/bin/../lib/gcc/arm-none-eabi/4.8.4/armv7-m\libgcc.a(pr-support.o)
                0x08009a9c                __gnu_unwind_execute
                0x08009d2c                __gnu_unwind_frame
                0x08009d54                _Unwind_GetRegionStart
                0x08009d60                _Unwind_GetLanguageSpecificData
                0x08009d74                _Unwind_GetDataRelBase
                0x08009d7c                _Unwind_GetTextRelBase
 .text.abort    0x08009d84       0x10 d:/programy/gnu tools arm embedded/4.8 2014q2/bin/../lib/gcc/arm-none-eabi/4.8.4/../../../../arm-none-eabi/lib/armv7-m\libg.a(lib_a-abort.o)
                0x08009d84                abort
 .text.__cxa_atexit
                0x08009d94       0x14 d:/programy/gnu tools arm embedded/4.8 2014q2/bin/../lib/gcc/arm-none-eabi/4.8.4/../../../../arm-none-eabi/lib/armv7-m\libg.a(lib_a-cxa_atexit.o)
                0x08009d94                __cxa_atexit
 .text.__libc_fini_array
                0x08009da8       0x30 d:/programy/gnu tools arm embedded/4.8 2014q2/bin/../lib/gcc/arm-none-eabi/4.8.4/../../../../arm-none-eabi/lib/armv7-m\libg.a(lib_a-fini.o)
                0x08009da8                __libc_fini_array
 .text.fputc    0x08009dd8       0x28 d:/programy/gnu tools arm embedded/4.8 2014q2/bin/../lib/gcc/arm-none-eabi/4.8.4/../../../../arm-none-eabi/lib/armv7-m\libg.a(lib_a-fputc.o)
                0x08009dd8                fputc
 .text._fputs_r
                0x08009e00       0x4c d:/programy/gnu tools arm embedded/4.8 2014q2/bin/../lib/gcc/arm-none-eabi/4.8.4/../../../../arm-none-eabi/lib/armv7-m\libg.a(lib_a-fputs.o)
                0x08009e00                _fputs_r
 .text.fputs    0x08009e4c       0x10 d:/programy/gnu tools arm embedded/4.8 2014q2/bin/../lib/gcc/arm-none-eabi/4.8.4/../../../../arm-none-eabi/lib/armv7-m\libg.a(lib_a-fputs.o)
                0x08009e4c                fputs
 .text.__sfvwrite_r
                0x08009e5c      0x318 d:/programy/gnu tools arm embedded/4.8 2014q2/bin/../lib/gcc/arm-none-eabi/4.8.4/../../../../arm-none-eabi/lib/armv7-m\libg.a(lib_a-fvwrite.o)
                0x08009e5c                __sfvwrite_r
 .text._fwrite_r
                0x0800a174       0x64 d:/programy/gnu tools arm embedded/4.8 2014q2/bin/../lib/gcc/arm-none-eabi/4.8.4/../../../../arm-none-eabi/lib/armv7-m\libg.a(lib_a-fwrite.o)
                0x0800a174                _fwrite_r
 .text.fwrite   0x0800a1d8       0x24 d:/programy/gnu tools arm embedded/4.8 2014q2/bin/../lib/gcc/arm-none-eabi/4.8.4/../../../../arm-none-eabi/lib/armv7-m\libg.a(lib_a-fwrite.o)
                0x0800a1d8                fwrite
 .text.__libc_init_array
                0x0800a1fc       0x50 d:/programy/gnu tools arm embedded/4.8 2014q2/bin/../lib/gcc/arm-none-eabi/4.8.4/../../../../arm-none-eabi/lib/armv7-m\libg.a(lib_a-init.o)
                0x0800a1fc                __libc_init_array
 .text.malloc   0x0800a24c       0x10 d:/programy/gnu tools arm embedded/4.8 2014q2/bin/../lib/gcc/arm-none-eabi/4.8.4/../../../../arm-none-eabi/lib/armv7-m\libg.a(lib_a-malloc.o)
                0x0800a24c                malloc
 .text.free     0x0800a25c       0x10 d:/programy/gnu tools arm embedded/4.8 2014q2/bin/../lib/gcc/arm-none-eabi/4.8.4/../../../../arm-none-eabi/lib/armv7-m\libg.a(lib_a-malloc.o)
                0x0800a25c                free
 .text._malloc_r
                0x0800a26c      0x538 d:/programy/gnu tools arm embedded/4.8 2014q2/bin/../lib/gcc/arm-none-eabi/4.8.4/../../../../arm-none-eabi/lib/armv7-m\libg.a(lib_a-mallocr.o)
                0x0800a26c                _malloc_r
 .text.memchr   0x0800a7a4       0x94 d:/programy/gnu tools arm embedded/4.8 2014q2/bin/../lib/gcc/arm-none-eabi/4.8.4/../../../../arm-none-eabi/lib/armv7-m\libg.a(lib_a-memchr-stub.o)
                0x0800a7a4                memchr
 .text.memcmp   0x0800a838       0x68 d:/programy/gnu tools arm embedded/4.8 2014q2/bin/../lib/gcc/arm-none-eabi/4.8.4/../../../../arm-none-eabi/lib/armv7-m\libg.a(lib_a-memcmp.o)
                0x0800a838                memcmp
 .text          0x0800a8a0       0xec d:/programy/gnu tools arm embedded/4.8 2014q2/bin/../lib/gcc/arm-none-eabi/4.8.4/../../../../arm-none-eabi/lib/armv7-m\libg.a(lib_a-memcpy.o)
                0x0800a8a0                memcpy
 .text.memmove  0x0800a98c       0xcc d:/programy/gnu tools arm embedded/4.8 2014q2/bin/../lib/gcc/arm-none-eabi/4.8.4/../../../../arm-none-eabi/lib/armv7-m\libg.a(lib_a-memmove.o)
                0x0800a98c                memmove
 .text.memset   0x0800aa58       0x94 d:/programy/gnu tools arm embedded/4.8 2014q2/bin/../lib/gcc/arm-none-eabi/4.8.4/../../../../arm-none-eabi/lib/armv7-m\libg.a(lib_a-memset.o)
                0x0800aa58                memset
 .text.__malloc_lock
                0x0800aaec        0x4 d:/programy/gnu tools arm embedded/4.8 2014q2/bin/../lib/gcc/arm-none-eabi/4.8.4/../../../../arm-none-eabi/lib/armv7-m\libg.a(lib_a-mlock.o)
                0x0800aaec                __malloc_lock
 .text.__malloc_unlock
                0x0800aaf0        0x4 d:/programy/gnu tools arm embedded/4.8 2014q2/bin/../lib/gcc/arm-none-eabi/4.8.4/../../../../arm-none-eabi/lib/armv7-m\libg.a(lib_a-mlock.o)
                0x0800aaf0                __malloc_unlock
 .text._putc_r  0x0800aaf4       0x58 d:/programy/gnu tools arm embedded/4.8 2014q2/bin/../lib/gcc/arm-none-eabi/4.8.4/../../../../arm-none-eabi/lib/armv7-m\libg.a(lib_a-putc.o)
                0x0800aaf4                _putc_r
 .text.realloc  0x0800ab4c       0x10 d:/programy/gnu tools arm embedded/4.8 2014q2/bin/../lib/gcc/arm-none-eabi/4.8.4/../../../../arm-none-eabi/lib/armv7-m\libg.a(lib_a-realloc.o)
                0x0800ab4c                realloc
 .text._realloc_r
                0x0800ab5c      0x3c0 d:/programy/gnu tools arm embedded/4.8 2014q2/bin/../lib/gcc/arm-none-eabi/4.8.4/../../../../arm-none-eabi/lib/armv7-m\libg.a(lib_a-reallocr.o)
                0x0800ab5c                _realloc_r
 .text._raise_r
                0x0800af1c       0x58 d:/programy/gnu tools arm embedded/4.8 2014q2/bin/../lib/gcc/arm-none-eabi/4.8.4/../../../../arm-none-eabi/lib/armv7-m\libg.a(lib_a-signal.o)
                0x0800af1c                _raise_r
 .text.raise    0x0800af74       0x10 d:/programy/gnu tools arm embedded/4.8 2014q2/bin/../lib/gcc/arm-none-eabi/4.8.4/../../../../arm-none-eabi/lib/armv7-m\libg.a(lib_a-signal.o)
                0x0800af74                raise
 .text          0x0800af84      0x23c d:/programy/gnu tools arm embedded/4.8 2014q2/bin/../lib/gcc/arm-none-eabi/4.8.4/../../../../arm-none-eabi/lib/armv7-m\libg.a(lib_a-strcmp.o)
                0x0800af84                strcmp
 .text._strerror_r
                0x0800b1c0      0x39c d:/programy/gnu tools arm embedded/4.8 2014q2/bin/../lib/gcc/arm-none-eabi/4.8.4/../../../../arm-none-eabi/lib/armv7-m\libg.a(lib_a-strerror.o)
                0x0800b1c0                _strerror_r
 .text.strerror
                0x0800b55c       0x14 d:/programy/gnu tools arm embedded/4.8 2014q2/bin/../lib/gcc/arm-none-eabi/4.8.4/../../../../arm-none-eabi/lib/armv7-m\libg.a(lib_a-strerror.o)
                0x0800b55c                strerror
 .text.strlen   0x0800b570       0x60 d:/programy/gnu tools arm embedded/4.8 2014q2/bin/../lib/gcc/arm-none-eabi/4.8.4/../../../../arm-none-eabi/lib/armv7-m\libg.a(lib_a-strlen.o)
                0x0800b570                strlen
 .text.strncmp  0x0800b5d0       0xb4 d:/programy/gnu tools arm embedded/4.8 2014q2/bin/../lib/gcc/arm-none-eabi/4.8.4/../../../../arm-none-eabi/lib/armv7-m\libg.a(lib_a-strncmp.o)
                0x0800b5d0                strncmp
 .text._user_strerror
                0x0800b684        0x4 d:/programy/gnu tools arm embedded/4.8 2014q2/bin/../lib/gcc/arm-none-eabi/4.8.4/../../../../arm-none-eabi/lib/armv7-m\libg.a(lib_a-u_strerr.o)
                0x0800b684                _user_strerror
 .text.__swbuf_r
                0x0800b688       0xa8 d:/programy/gnu tools arm embedded/4.8 2014q2/bin/../lib/gcc/arm-none-eabi/4.8.4/../../../../arm-none-eabi/lib/armv7-m\libg.a(lib_a-wbuf.o)
                0x0800b688                __swbuf_r
 .text.__swsetup_r
                0x0800b730       0xc4 d:/programy/gnu tools arm embedded/4.8 2014q2/bin/../lib/gcc/arm-none-eabi/4.8.4/../../../../arm-none-eabi/lib/armv7-m\libg.a(lib_a-wsetup.o)
                0x0800b730                __swsetup_r
 .text.__register_exitproc
                0x0800b7f4       0xa8 d:/programy/gnu tools arm embedded/4.8 2014q2/bin/../lib/gcc/arm-none-eabi/4.8.4/../../../../arm-none-eabi/lib/armv7-m\libg.a(lib_a-__atexit.o)
                0x0800b7f4                __register_exitproc
 .text.startup.register_fini
                0x0800b89c       0x14 d:/programy/gnu tools arm embedded/4.8 2014q2/bin/../lib/gcc/arm-none-eabi/4.8.4/../../../../arm-none-eabi/lib/armv7-m\libg.a(lib_a-__call_atexit.o)
 .text.atexit   0x0800b8b0        0xc d:/programy/gnu tools arm embedded/4.8 2014q2/bin/../lib/gcc/arm-none-eabi/4.8.4/../../../../arm-none-eabi/lib/armv7-m\libg.a(lib_a-atexit.o)
                0x0800b8b0                atexit
 .text.__sflush_r
                0x0800b8bc      0x148 d:/programy/gnu tools arm embedded/4.8 2014q2/bin/../lib/gcc/arm-none-eabi/4.8.4/../../../../arm-none-eabi/lib/armv7-m\libg.a(lib_a-fflush.o)
                0x0800b8bc                __sflush_r
 .text._fflush_r
                0x0800ba04       0x2c d:/programy/gnu tools arm embedded/4.8 2014q2/bin/../lib/gcc/arm-none-eabi/4.8.4/../../../../arm-none-eabi/lib/armv7-m\libg.a(lib_a-fflush.o)
                0x0800ba04                _fflush_r
 .text._cleanup_r
                0x0800ba30        0xc d:/programy/gnu tools arm embedded/4.8 2014q2/bin/../lib/gcc/arm-none-eabi/4.8.4/../../../../arm-none-eabi/lib/armv7-m\libg.a(lib_a-findfp.o)
                0x0800ba30                _cleanup_r
 .text.__sinit  0x0800ba3c       0xf4 d:/programy/gnu tools arm embedded/4.8 2014q2/bin/../lib/gcc/arm-none-eabi/4.8.4/../../../../arm-none-eabi/lib/armv7-m\libg.a(lib_a-findfp.o)
                0x0800ba3c                __sinit
 .text.__sfp_lock_acquire
                0x0800bb30        0x4 d:/programy/gnu tools arm embedded/4.8 2014q2/bin/../lib/gcc/arm-none-eabi/4.8.4/../../../../arm-none-eabi/lib/armv7-m\libg.a(lib_a-findfp.o)
                0x0800bb30                __sfp_lock_acquire
 .text.__sfp_lock_release
                0x0800bb34        0x4 d:/programy/gnu tools arm embedded/4.8 2014q2/bin/../lib/gcc/arm-none-eabi/4.8.4/../../../../arm-none-eabi/lib/armv7-m\libg.a(lib_a-findfp.o)
                0x0800bb34                __sfp_lock_release
 .text._malloc_trim_r
                0x0800bb38       0x9c d:/programy/gnu tools arm embedded/4.8 2014q2/bin/../lib/gcc/arm-none-eabi/4.8.4/../../../../arm-none-eabi/lib/armv7-m\libg.a(lib_a-freer.o)
                0x0800bb38                _malloc_trim_r
 .text._free_r  0x0800bbd4      0x198 d:/programy/gnu tools arm embedded/4.8 2014q2/bin/../lib/gcc/arm-none-eabi/4.8.4/../../../../arm-none-eabi/lib/armv7-m\libg.a(lib_a-freer.o)
                0x0800bbd4                _free_r
 .text._fwalk   0x0800bd6c       0x48 d:/programy/gnu tools arm embedded/4.8 2014q2/bin/../lib/gcc/arm-none-eabi/4.8.4/../../../../arm-none-eabi/lib/armv7-m\libg.a(lib_a-fwalk.o)
                0x0800bd6c                _fwalk
 .text.__smakebuf_r
                0x0800bdb4       0xe0 d:/programy/gnu tools arm embedded/4.8 2014q2/bin/../lib/gcc/arm-none-eabi/4.8.4/../../../../arm-none-eabi/lib/armv7-m\libg.a(lib_a-makebuf.o)
                0x0800bdb4                __smakebuf_r
 .text.__sread  0x0800be94       0x24 d:/programy/gnu tools arm embedded/4.8 2014q2/bin/../lib/gcc/arm-none-eabi/4.8.4/../../../../arm-none-eabi/lib/armv7-m\libg.a(lib_a-stdio.o)
                0x0800be94                __sread
 .text.__swrite
                0x0800beb8       0x38 d:/programy/gnu tools arm embedded/4.8 2014q2/bin/../lib/gcc/arm-none-eabi/4.8.4/../../../../arm-none-eabi/lib/armv7-m\libg.a(lib_a-stdio.o)
                0x0800beb8                __swrite
 .text.__sseek  0x0800bef0       0x20 d:/programy/gnu tools arm embedded/4.8 2014q2/bin/../lib/gcc/arm-none-eabi/4.8.4/../../../../arm-none-eabi/lib/armv7-m\libg.a(lib_a-stdio.o)
                0x0800bef0                __sseek
 .text.__sclose
                0x0800bf10        0x8 d:/programy/gnu tools arm embedded/4.8 2014q2/bin/../lib/gcc/arm-none-eabi/4.8.4/../../../../arm-none-eabi/lib/armv7-m\libg.a(lib_a-stdio.o)
                0x0800bf10                __sclose
 .text._fclose_r
                0x0800bf18       0x80 d:/programy/gnu tools arm embedded/4.8 2014q2/bin/../lib/gcc/arm-none-eabi/4.8.4/../../../../arm-none-eabi/lib/armv7-m\libg.a(lib_a-fclose.o)
                0x0800bf18                _fclose_r
 .text.fclose   0x0800bf98       0x10 d:/programy/gnu tools arm embedded/4.8 2014q2/bin/../lib/gcc/arm-none-eabi/4.8.4/../../../../arm-none-eabi/lib/armv7-m\libg.a(lib_a-fclose.o)
                0x0800bf98                fclose
                0x0800bfa8                . = ALIGN (0x4)
 *(.glue_7t .glue_7)
 .glue_7        0x00000000        0x0 linker stubs
 .glue_7t       0x00000000        0x0 linker stubs
                0x0800bfa8                . = ALIGN (0x4)
 *(.rodata .rodata.* .gnu.linkonce.r.*)
 .rodata        0x0800bfa8        0x8 out/printf-stdarg.o
 .rodata        0x0800bfb0       0x40 out/command.o
 .rodata._ZL22_helpCommandDefinition
                0x0800bff0       0x10 out/command.o
 .rodata.._101  0x0800c000        0x4 out/command.o
 .rodata._ZL12CapLetterMap
                0x0800c004       0x34 out/lcd.o
 .rodata._ZL9NumberMap
                0x0800c038       0x14 out/lcd.o
 .rodata._ZZ11rccStartPll11rccPllInputmmE4muls
                0x0800c04c        0xc out/rcc.o
 .rodata        0x0800c058       0x68 out/overrides.o
 .rodata._ZTSN12_GLOBAL__N_121system_error_categoryE
                0x0800c0c0       0x2c d:/programy/gnu tools arm embedded/4.8 2014q2/bin/../lib/gcc/arm-none-eabi/4.8.4/../../../../arm-none-eabi/lib/armv7-m\libstdc++.a(system_error.o)
 *fill*         0x0800c0ec        0x4 
 .rodata._ZTVSt14error_category
                0x0800c0f0       0x28 d:/programy/gnu tools arm embedded/4.8 2014q2/bin/../lib/gcc/arm-none-eabi/4.8.4/../../../../arm-none-eabi/lib/armv7-m\libstdc++.a(system_error.o)
                0x0800c0f0                vtable for std::error_category
 .rodata._ZTVN12_GLOBAL__N_121system_error_categoryE
                0x0800c118       0x28 d:/programy/gnu tools arm embedded/4.8 2014q2/bin/../lib/gcc/arm-none-eabi/4.8.4/../../../../arm-none-eabi/lib/armv7-m\libstdc++.a(system_error.o)
 .rodata._ZTSSt14error_category
                0x0800c140       0x14 d:/programy/gnu tools arm embedded/4.8 2014q2/bin/../lib/gcc/arm-none-eabi/4.8.4/../../../../arm-none-eabi/lib/armv7-m\libstdc++.a(system_error.o)
                0x0800c140                typeinfo name for std::error_category
 *fill*         0x0800c154        0x4 
 .rodata._ZTVN12_GLOBAL__N_122generic_error_categoryE
                0x0800c158       0x28 d:/programy/gnu tools arm embedded/4.8 2014q2/bin/../lib/gcc/arm-none-eabi/4.8.4/../../../../arm-none-eabi/lib/armv7-m\libstdc++.a(system_error.o)
 .rodata.str1.4
                0x0800c180        0xf d:/programy/gnu tools arm embedded/4.8 2014q2/bin/../lib/gcc/arm-none-eabi/4.8.4/../../../../arm-none-eabi/lib/armv7-m\libstdc++.a(system_error.o)
                                 0x10 (size before relaxing)
 *fill*         0x0800c18f        0x1 
 .rodata._ZTISt14error_category
                0x0800c190        0x8 d:/programy/gnu tools arm embedded/4.8 2014q2/bin/../lib/gcc/arm-none-eabi/4.8.4/../../../../arm-none-eabi/lib/armv7-m\libstdc++.a(system_error.o)
                0x0800c190                typeinfo for std::error_category
 .rodata._ZTSN12_GLOBAL__N_122generic_error_categoryE
                0x0800c198       0x2c d:/programy/gnu tools arm embedded/4.8 2014q2/bin/../lib/gcc/arm-none-eabi/4.8.4/../../../../arm-none-eabi/lib/armv7-m\libstdc++.a(system_error.o)
 .rodata._ZTIN12_GLOBAL__N_121system_error_categoryE
                0x0800c1c4        0xc d:/programy/gnu tools arm embedded/4.8 2014q2/bin/../lib/gcc/arm-none-eabi/4.8.4/../../../../arm-none-eabi/lib/armv7-m\libstdc++.a(system_error.o)
 .rodata._ZTIN12_GLOBAL__N_122generic_error_categoryE
                0x0800c1d0        0xc d:/programy/gnu tools arm embedded/4.8 2014q2/bin/../lib/gcc/arm-none-eabi/4.8.4/../../../../arm-none-eabi/lib/armv7-m\libstdc++.a(system_error.o)
 *fill*         0x0800c1dc        0x4 
 .rodata._ZTVSt9bad_alloc
                0x0800c1e0       0x18 d:/programy/gnu tools arm embedded/4.8 2014q2/bin/../lib/gcc/arm-none-eabi/4.8.4/../../../../arm-none-eabi/lib/armv7-m\libstdc++.a(bad_alloc.o)
                0x0800c1e0                vtable for std::bad_alloc
 .rodata._ZTISt9bad_alloc
                0x0800c1f8        0xc d:/programy/gnu tools arm embedded/4.8 2014q2/bin/../lib/gcc/arm-none-eabi/4.8.4/../../../../arm-none-eabi/lib/armv7-m\libstdc++.a(bad_alloc.o)
                0x0800c1f8                typeinfo for std::bad_alloc
 .rodata.str1.4
                0x0800c204        0xf d:/programy/gnu tools arm embedded/4.8 2014q2/bin/../lib/gcc/arm-none-eabi/4.8.4/../../../../arm-none-eabi/lib/armv7-m\libstdc++.a(bad_alloc.o)
                                 0x10 (size before relaxing)
 *fill*         0x0800c213        0x1 
 .rodata._ZTSSt9bad_alloc
                0x0800c214       0x10 d:/programy/gnu tools arm embedded/4.8 2014q2/bin/../lib/gcc/arm-none-eabi/4.8.4/../../../../arm-none-eabi/lib/armv7-m\libstdc++.a(bad_alloc.o)
                0x0800c214                typeinfo name for std::bad_alloc
 *fill*         0x0800c224        0x4 
 .rodata._ZTVN10__cxxabiv117__class_type_infoE
                0x0800c228       0x30 d:/programy/gnu tools arm embedded/4.8 2014q2/bin/../lib/gcc/arm-none-eabi/4.8.4/../../../../arm-none-eabi/lib/armv7-m\libstdc++.a(class_type_info.o)
                0x0800c228                vtable for __cxxabiv1::__class_type_info
 .rodata._ZTIN10__cxxabiv117__class_type_infoE
                0x0800c258        0xc d:/programy/gnu tools arm embedded/4.8 2014q2/bin/../lib/gcc/arm-none-eabi/4.8.4/../../../../arm-none-eabi/lib/armv7-m\libstdc++.a(class_type_info.o)
                0x0800c258                typeinfo for __cxxabiv1::__class_type_info
 .rodata._ZTSN10__cxxabiv117__class_type_infoE
                0x0800c264       0x24 d:/programy/gnu tools arm embedded/4.8 2014q2/bin/../lib/gcc/arm-none-eabi/4.8.4/../../../../arm-none-eabi/lib/armv7-m\libstdc++.a(class_type_info.o)
                0x0800c264                typeinfo name for __cxxabiv1::__class_type_info
 .rodata._ZTVSt9exception
                0x0800c288       0x18 d:/programy/gnu tools arm embedded/4.8 2014q2/bin/../lib/gcc/arm-none-eabi/4.8.4/../../../../arm-none-eabi/lib/armv7-m\libstdc++.a(eh_exception.o)
                0x0800c288                vtable for std::exception
 .rodata._ZTIN10__cxxabiv115__forced_unwindE
                0x0800c2a0        0x8 d:/programy/gnu tools arm embedded/4.8 2014q2/bin/../lib/gcc/arm-none-eabi/4.8.4/../../../../arm-none-eabi/lib/armv7-m\libstdc++.a(eh_exception.o)
                0x0800c2a0                typeinfo for __cxxabiv1::__forced_unwind
 .rodata._ZTISt9exception
                0x0800c2a8        0x8 d:/programy/gnu tools arm embedded/4.8 2014q2/bin/../lib/gcc/arm-none-eabi/4.8.4/../../../../arm-none-eabi/lib/armv7-m\libstdc++.a(eh_exception.o)
                0x0800c2a8                typeinfo for std::exception
 .rodata._ZTSSt13bad_exception
                0x0800c2b0       0x14 d:/programy/gnu tools arm embedded/4.8 2014q2/bin/../lib/gcc/arm-none-eabi/4.8.4/../../../../arm-none-eabi/lib/armv7-m\libstdc++.a(eh_exception.o)
                0x0800c2b0                typeinfo name for std::bad_exception
 .rodata.str1.4
                0x0800c2c4       0x23 d:/programy/gnu tools arm embedded/4.8 2014q2/bin/../lib/gcc/arm-none-eabi/4.8.4/../../../../arm-none-eabi/lib/armv7-m\libstdc++.a(eh_exception.o)
                                 0x24 (size before relaxing)
 *fill*         0x0800c2e7        0x1 
 .rodata._ZTSN10__cxxabiv119__foreign_exceptionE
                0x0800c2e8       0x24 d:/programy/gnu tools arm embedded/4.8 2014q2/bin/../lib/gcc/arm-none-eabi/4.8.4/../../../../arm-none-eabi/lib/armv7-m\libstdc++.a(eh_exception.o)
                0x0800c2e8                typeinfo name for __cxxabiv1::__foreign_exception
 .rodata._ZTIN10__cxxabiv119__foreign_exceptionE
                0x0800c30c        0x8 d:/programy/gnu tools arm embedded/4.8 2014q2/bin/../lib/gcc/arm-none-eabi/4.8.4/../../../../arm-none-eabi/lib/armv7-m\libstdc++.a(eh_exception.o)
                0x0800c30c                typeinfo for __cxxabiv1::__foreign_exception
 *fill*         0x0800c314        0x4 
 .rodata._ZTVSt13bad_exception
                0x0800c318       0x18 d:/programy/gnu tools arm embedded/4.8 2014q2/bin/../lib/gcc/arm-none-eabi/4.8.4/../../../../arm-none-eabi/lib/armv7-m\libstdc++.a(eh_exception.o)
                0x0800c318                vtable for std::bad_exception
 .rodata._ZTSSt9exception
                0x0800c330       0x10 d:/programy/gnu tools arm embedded/4.8 2014q2/bin/../lib/gcc/arm-none-eabi/4.8.4/../../../../arm-none-eabi/lib/armv7-m\libstdc++.a(eh_exception.o)
                0x0800c330                typeinfo name for std::exception
 .rodata._ZTSN10__cxxabiv115__forced_unwindE
                0x0800c340       0x20 d:/programy/gnu tools arm embedded/4.8 2014q2/bin/../lib/gcc/arm-none-eabi/4.8.4/../../../../arm-none-eabi/lib/armv7-m\libstdc++.a(eh_exception.o)
                0x0800c340                typeinfo name for __cxxabiv1::__forced_unwind
 .rodata._ZTISt13bad_exception
                0x0800c360        0xc d:/programy/gnu tools arm embedded/4.8 2014q2/bin/../lib/gcc/arm-none-eabi/4.8.4/../../../../arm-none-eabi/lib/armv7-m\libstdc++.a(eh_exception.o)
                0x0800c360                typeinfo for std::bad_exception
 *fill*         0x0800c36c        0x4 
 .rodata._ZTVN10__cxxabiv120__si_class_type_infoE
                0x0800c370       0x30 d:/programy/gnu tools arm embedded/4.8 2014q2/bin/../lib/gcc/arm-none-eabi/4.8.4/../../../../arm-none-eabi/lib/armv7-m\libstdc++.a(si_class_type_info.o)
                0x0800c370                vtable for __cxxabiv1::__si_class_type_info
 .rodata._ZTIN10__cxxabiv120__si_class_type_infoE
                0x0800c3a0        0xc d:/programy/gnu tools arm embedded/4.8 2014q2/bin/../lib/gcc/arm-none-eabi/4.8.4/../../../../arm-none-eabi/lib/armv7-m\libstdc++.a(si_class_type_info.o)
                0x0800c3a0                typeinfo for __cxxabiv1::__si_class_type_info
 .rodata._ZTSN10__cxxabiv120__si_class_type_infoE
                0x0800c3ac       0x28 d:/programy/gnu tools arm embedded/4.8 2014q2/bin/../lib/gcc/arm-none-eabi/4.8.4/../../../../arm-none-eabi/lib/armv7-m\libstdc++.a(si_class_type_info.o)
                0x0800c3ac                typeinfo name for __cxxabiv1::__si_class_type_info
 .rodata._ZTISt11logic_error
                0x0800c3d4        0xc d:/programy/gnu tools arm embedded/4.8 2014q2/bin/../lib/gcc/arm-none-eabi/4.8.4/../../../../arm-none-eabi/lib/armv7-m\libstdc++.a(stdexcept.o)
                0x0800c3d4                typeinfo for std::logic_error
 .rodata._ZTSSt11logic_error
                0x0800c3e0       0x10 d:/programy/gnu tools arm embedded/4.8 2014q2/bin/../lib/gcc/arm-none-eabi/4.8.4/../../../../arm-none-eabi/lib/armv7-m\libstdc++.a(stdexcept.o)
                0x0800c3e0                typeinfo name for std::logic_error
 .rodata._ZTVSt11logic_error
                0x0800c3f0       0x18 d:/programy/gnu tools arm embedded/4.8 2014q2/bin/../lib/gcc/arm-none-eabi/4.8.4/../../../../arm-none-eabi/lib/armv7-m\libstdc++.a(stdexcept.o)
                0x0800c3f0                vtable for std::logic_error
 .rodata._ZTSSt12length_error
                0x0800c408       0x14 d:/programy/gnu tools arm embedded/4.8 2014q2/bin/../lib/gcc/arm-none-eabi/4.8.4/../../../../arm-none-eabi/lib/armv7-m\libstdc++.a(stdexcept.o)
                0x0800c408                typeinfo name for std::length_error
 .rodata._ZTISt12length_error
                0x0800c41c        0xc d:/programy/gnu tools arm embedded/4.8 2014q2/bin/../lib/gcc/arm-none-eabi/4.8.4/../../../../arm-none-eabi/lib/armv7-m\libstdc++.a(stdexcept.o)
                0x0800c41c                typeinfo for std::length_error
 .rodata._ZTVSt12length_error
                0x0800c428       0x18 d:/programy/gnu tools arm embedded/4.8 2014q2/bin/../lib/gcc/arm-none-eabi/4.8.4/../../../../arm-none-eabi/lib/armv7-m\libstdc++.a(stdexcept.o)
                0x0800c428                vtable for std::length_error
 .rodata.str1.4
                0x0800c440      0x161 d:/programy/gnu tools arm embedded/4.8 2014q2/bin/../lib/gcc/arm-none-eabi/4.8.4/../../../../arm-none-eabi/lib/armv7-m\libstdc++.a(string-inst.o)
                                0x164 (size before relaxing)
 *fill*         0x0800c5a1        0x3 
 .rodata.str1.4
                0x0800c5a4       0x94 d:/programy/gnu tools arm embedded/4.8 2014q2/bin/../lib/gcc/arm-none-eabi/4.8.4/../../../../arm-none-eabi/lib/armv7-m\libstdc++.a(vterminate.o)
 .rodata._ZTISt9type_info
                0x0800c638        0x8 d:/programy/gnu tools arm embedded/4.8 2014q2/bin/../lib/gcc/arm-none-eabi/4.8.4/../../../../arm-none-eabi/lib/armv7-m\libstdc++.a(tinfo.o)
                0x0800c638                typeinfo for std::type_info
 .rodata._ZTSSt9type_info
                0x0800c640       0x10 d:/programy/gnu tools arm embedded/4.8 2014q2/bin/../lib/gcc/arm-none-eabi/4.8.4/../../../../arm-none-eabi/lib/armv7-m\libstdc++.a(tinfo.o)
                0x0800c640                typeinfo name for std::type_info
 .rodata._ZTVSt9type_info
                0x0800c650       0x20 d:/programy/gnu tools arm embedded/4.8 2014q2/bin/../lib/gcc/arm-none-eabi/4.8.4/../../../../arm-none-eabi/lib/armv7-m\libstdc++.a(tinfo.o)
                0x0800c650                vtable for std::type_info
 .rodata        0x0800c670      0x738 d:/programy/gnu tools arm embedded/4.8 2014q2/bin/../lib/gcc/arm-none-eabi/4.8.4/../../../../arm-none-eabi/lib/armv7-m\libstdc++.a(cp-demangle.o)
 .rodata.str1.4
                0x0800cda8      0x7e6 d:/programy/gnu tools arm embedded/4.8 2014q2/bin/../lib/gcc/arm-none-eabi/4.8.4/../../../../arm-none-eabi/lib/armv7-m\libstdc++.a(cp-demangle.o)
                                0x840 (size before relaxing)
 *fill*         0x0800d58e        0x2 
 .rodata.str1.4
                0x0800d590        0x2 d:/programy/gnu tools arm embedded/4.8 2014q2/bin/../lib/gcc/arm-none-eabi/4.8.4/../../../../arm-none-eabi/lib/armv7-m\libg.a(lib_a-impure.o)
                                  0x4 (size before relaxing)
 *fill*         0x0800d592        0x2 
 .rodata._global_impure_ptr
                0x0800d594        0x4 d:/programy/gnu tools arm embedded/4.8 2014q2/bin/../lib/gcc/arm-none-eabi/4.8.4/../../../../arm-none-eabi/lib/armv7-m\libg.a(lib_a-impure.o)
                0x0800d594                _global_impure_ptr
 .rodata.str1.4
                0x0800d598      0x638 d:/programy/gnu tools arm embedded/4.8 2014q2/bin/../lib/gcc/arm-none-eabi/4.8.4/../../../../arm-none-eabi/lib/armv7-m\libg.a(lib_a-strerror.o)
                                0x63c (size before relaxing)
                0x0800dbd0                . = ALIGN (0x4)
 *(.ARM.extab* .gnu.linkonce.armextab.*)
 .ARM.extab.text._ZSt17__throw_bad_allocv
                0x0800dbd0        0xc d:/programy/gnu tools arm embedded/4.8 2014q2/bin/../lib/gcc/arm-none-eabi/4.8.4/../../../../arm-none-eabi/lib/armv7-m\libstdc++.a(functexcept.o)
 .ARM.extab.text._ZSt19__throw_logic_errorPKc
                0x0800dbdc       0x18 d:/programy/gnu tools arm embedded/4.8 2014q2/bin/../lib/gcc/arm-none-eabi/4.8.4/../../../../arm-none-eabi/lib/armv7-m\libstdc++.a(functexcept.o)
 .ARM.extab.text._ZSt20__throw_length_errorPKc
                0x0800dbf4       0x18 d:/programy/gnu tools arm embedded/4.8 2014q2/bin/../lib/gcc/arm-none-eabi/4.8.4/../../../../arm-none-eabi/lib/armv7-m\libstdc++.a(functexcept.o)
 .ARM.extab.text._ZL21base_of_encoded_valuehP15_Unwind_Context
                0x0800dc0c        0xc d:/programy/gnu tools arm embedded/4.8 2014q2/bin/../lib/gcc/arm-none-eabi/4.8.4/../../../../arm-none-eabi/lib/armv7-m\libstdc++.a(eh_personality.o)
 .ARM.extab.text.__gxx_personality_v0
                0x0800dc18       0x20 d:/programy/gnu tools arm embedded/4.8 2014q2/bin/../lib/gcc/arm-none-eabi/4.8.4/../../../../arm-none-eabi/lib/armv7-m\libstdc++.a(eh_personality.o)
 .ARM.extab.text.__cxa_call_unexpected
                0x0800dc38       0x2c d:/programy/gnu tools arm embedded/4.8 2014q2/bin/../lib/gcc/arm-none-eabi/4.8.4/../../../../arm-none-eabi/lib/armv7-m\libstdc++.a(eh_call.o)
 .ARM.extab.text._ZN10__cxxabiv111__terminateEPFvvE
                0x0800dc64       0x2c d:/programy/gnu tools arm embedded/4.8 2014q2/bin/../lib/gcc/arm-none-eabi/4.8.4/../../../../arm-none-eabi/lib/armv7-m\libstdc++.a(eh_terminate.o)
 .ARM.extab.text._ZN10__cxxabiv112__unexpectedEPFvvE
                0x0800dc90        0xc d:/programy/gnu tools arm embedded/4.8 2014q2/bin/../lib/gcc/arm-none-eabi/4.8.4/../../../../arm-none-eabi/lib/armv7-m\libstdc++.a(eh_terminate.o)
 .ARM.extab.text._ZSt10unexpectedv
                0x0800dc9c        0xc d:/programy/gnu tools arm embedded/4.8 2014q2/bin/../lib/gcc/arm-none-eabi/4.8.4/../../../../arm-none-eabi/lib/armv7-m\libstdc++.a(eh_terminate.o)
 .ARM.extab.text._ZNSt11logic_errorC2ERKSs
                0x0800dca8       0x14 d:/programy/gnu tools arm embedded/4.8 2014q2/bin/../lib/gcc/arm-none-eabi/4.8.4/../../../../arm-none-eabi/lib/armv7-m\libstdc++.a(stdexcept.o)
 .ARM.extab.text._ZNSs4_Rep9_S_createEjjRKSaIcE
                0x0800dcbc        0x0 d:/programy/gnu tools arm embedded/4.8 2014q2/bin/../lib/gcc/arm-none-eabi/4.8.4/../../../../arm-none-eabi/lib/armv7-m\libstdc++.a(string-inst.o)
 .ARM.extab.text._ZNSs4_Rep10_M_destroyERKSaIcE
                0x0800dcbc        0x0 d:/programy/gnu tools arm embedded/4.8 2014q2/bin/../lib/gcc/arm-none-eabi/4.8.4/../../../../arm-none-eabi/lib/armv7-m\libstdc++.a(string-inst.o)
 .ARM.extab.text._ZNSs4_Rep10_M_disposeERKSaIcE
                0x0800dcbc        0x0 d:/programy/gnu tools arm embedded/4.8 2014q2/bin/../lib/gcc/arm-none-eabi/4.8.4/../../../../arm-none-eabi/lib/armv7-m\libstdc++.a(string-inst.o)
 .ARM.extab.text._ZNSs4_Rep8_M_cloneERKSaIcEj
                0x0800dcbc        0x0 d:/programy/gnu tools arm embedded/4.8 2014q2/bin/../lib/gcc/arm-none-eabi/4.8.4/../../../../arm-none-eabi/lib/armv7-m\libstdc++.a(string-inst.o)
 .ARM.extab.text._ZNSsC2ERKSs
                0x0800dcbc        0x0 d:/programy/gnu tools arm embedded/4.8 2014q2/bin/../lib/gcc/arm-none-eabi/4.8.4/../../../../arm-none-eabi/lib/armv7-m\libstdc++.a(string-inst.o)
 .ARM.extab.text._ZNSs12_S_constructIPKcEEPcT_S3_RKSaIcESt20forward_iterator_tag
                0x0800dcbc        0x0 d:/programy/gnu tools arm embedded/4.8 2014q2/bin/../lib/gcc/arm-none-eabi/4.8.4/../../../../arm-none-eabi/lib/armv7-m\libstdc++.a(string-inst.o)
 .ARM.extab.text._ZNSsC2EPKcRKSaIcE
                0x0800dcbc        0x0 d:/programy/gnu tools arm embedded/4.8 2014q2/bin/../lib/gcc/arm-none-eabi/4.8.4/../../../../arm-none-eabi/lib/armv7-m\libstdc++.a(string-inst.o)
 .ARM.extab.text.__cxa_begin_catch
                0x0800dcbc       0x20 d:/programy/gnu tools arm embedded/4.8 2014q2/bin/../lib/gcc/arm-none-eabi/4.8.4/../../../../arm-none-eabi/lib/armv7-m\libstdc++.a(eh_catch.o)
 .ARM.extab.text._ZN9__gnu_cxx27__verbose_terminate_handlerEv